Component: ARM Compiler 5.06 update 6 (build 750) Tool: armlink [4d35ed]

==============================================================================

Section Cross References

    startup_stm32f303xc.o(RESET) refers to startup_stm32f303xc.o(STACK) for __initial_sp
    startup_stm32f303xc.o(RESET) refers to startup_stm32f303xc.o(.text) for Reset_Handler
    startup_stm32f303xc.o(RESET) refers to stm32f3xx_it.o(i.NMI_Handler) for NMI_Handler
    startup_stm32f303xc.o(RESET) refers to stm32f3xx_it.o(i.HardFault_Handler) for HardFault_Handler
    startup_stm32f303xc.o(RESET) refers to stm32f3xx_it.o(i.MemManage_Handler) for MemManage_Handler
    startup_stm32f303xc.o(RESET) refers to stm32f3xx_it.o(i.BusFault_Handler) for BusFault_Handler
    startup_stm32f303xc.o(RESET) refers to stm32f3xx_it.o(i.UsageFault_Handler) for UsageFault_Handler
    startup_stm32f303xc.o(RESET) refers to stm32f3xx_it.o(i.SVC_Handler) for SVC_Handler
    startup_stm32f303xc.o(RESET) refers to stm32f3xx_it.o(i.DebugMon_Handler) for DebugMon_Handler
    startup_stm32f303xc.o(RESET) refers to stm32f3xx_it.o(i.PendSV_Handler) for PendSV_Handler
    startup_stm32f303xc.o(RESET) refers to stm32f3xx_it.o(i.SysTick_Handler) for SysTick_Handler
    startup_stm32f303xc.o(.text) refers to system_stm32f3xx.o(i.SystemInit) for SystemInit
    startup_stm32f303xc.o(.text) refers to entry.o(.ARM.Collect$$$$00000000) for __main
    main.o(i.MX_GPIO_Init) refers to memseta.o(.text) for __aeabi_memclr4
    main.o(i.MX_GPIO_Init) refers to stm32f3xx_hal_gpio.o(i.HAL_GPIO_WritePin) for HAL_GPIO_WritePin
    main.o(i.MX_GPIO_Init) refers to stm32f3xx_hal_gpio.o(i.HAL_GPIO_Init) for HAL_GPIO_Init
    main.o(i.MX_TIM2_Init) refers to memseta.o(.text) for __aeabi_memclr4
    main.o(i.MX_TIM2_Init) refers to stm32f3xx_hal_tim.o(i.HAL_TIM_PWM_Init) for HAL_TIM_PWM_Init
    main.o(i.MX_TIM2_Init) refers to stm32f3xx_hal_tim_ex.o(i.HAL_TIMEx_MasterConfigSynchronization) for HAL_TIMEx_MasterConfigSynchronization
    main.o(i.MX_TIM2_Init) refers to stm32f3xx_hal_tim_ex.o(i.HAL_TIM_PWM_ConfigChannel) for HAL_TIM_PWM_ConfigChannel
    main.o(i.MX_TIM2_Init) refers to stm32f3xx_hal_msp.o(i.HAL_TIM_MspPostInit) for HAL_TIM_MspPostInit
    main.o(i.MX_TIM2_Init) refers to main.o(.bss) for .bss
    main.o(i.MX_USART3_UART_Init) refers to stm32f3xx_hal_uart.o(i.HAL_UART_Init) for HAL_UART_Init
    main.o(i.MX_USART3_UART_Init) refers to main.o(.bss) for .bss
    main.o(i.SystemClock_Config) refers to memseta.o(.text) for __aeabi_memclr4
    main.o(i.SystemClock_Config) refers to stm32f3xx_hal_rcc.o(i.HAL_RCC_OscConfig) for HAL_RCC_OscConfig
    main.o(i.SystemClock_Config) refers to stm32f3xx_hal_rcc.o(i.HAL_RCC_ClockConfig) for HAL_RCC_ClockConfig
    main.o(i.SystemClock_Config) refers to stm32f3xx_hal_rcc_ex.o(i.HAL_RCCEx_PeriphCLKConfig) for HAL_RCCEx_PeriphCLKConfig
    main.o(i.ledB) refers to stm32f3xx_hal_tim_ex.o(i.HAL_TIM_PWM_ConfigChannel) for HAL_TIM_PWM_ConfigChannel
    main.o(i.ledB) refers to stm32f3xx_hal_tim.o(i.HAL_TIM_PWM_Start) for HAL_TIM_PWM_Start
    main.o(i.ledB) refers to main.o(.bss) for .bss
    main.o(i.ledG) refers to stm32f3xx_hal_tim_ex.o(i.HAL_TIM_PWM_ConfigChannel) for HAL_TIM_PWM_ConfigChannel
    main.o(i.ledG) refers to stm32f3xx_hal_tim.o(i.HAL_TIM_PWM_Start) for HAL_TIM_PWM_Start
    main.o(i.ledG) refers to main.o(.bss) for .bss
    main.o(i.ledR) refers to stm32f3xx_hal_tim_ex.o(i.HAL_TIM_PWM_ConfigChannel) for HAL_TIM_PWM_ConfigChannel
    main.o(i.ledR) refers to stm32f3xx_hal_tim.o(i.HAL_TIM_PWM_Start) for HAL_TIM_PWM_Start
    main.o(i.ledR) refers to main.o(.bss) for .bss
    main.o(i.main) refers to stm32f3xx_hal.o(i.HAL_Init) for HAL_Init
    main.o(i.main) refers to main.o(i.SystemClock_Config) for SystemClock_Config
    main.o(i.main) refers to main.o(i.MX_GPIO_Init) for MX_GPIO_Init
    main.o(i.main) refers to main.o(i.MX_TIM2_Init) for MX_TIM2_Init
    main.o(i.main) refers to main.o(i.MX_USART3_UART_Init) for MX_USART3_UART_Init
    main.o(i.main) refers to stm32f3xx_hal_tim.o(i.HAL_TIM_PWM_Start) for HAL_TIM_PWM_Start
    main.o(i.main) refers to stm32f3xx_hal_tim_ex.o(i.HAL_TIM_PWM_ConfigChannel) for HAL_TIM_PWM_ConfigChannel
    main.o(i.main) refers to stm32f3xx_hal_uart.o(i.HAL_UART_Transmit) for HAL_UART_Transmit
    main.o(i.main) refers to stm32f3xx_hal_uart.o(i.HAL_UART_Receive) for HAL_UART_Receive
    main.o(i.main) refers to strcmp.o(.text) for strcmp
    main.o(i.main) refers to stm32f3xx_hal_gpio.o(i.HAL_GPIO_WritePin) for HAL_GPIO_WritePin
    main.o(i.main) refers to strtod.o(i.__hardfp_strtod) for __hardfp_strtod
    main.o(i.main) refers to dmul.o(.text) for __aeabi_dmul
    main.o(i.main) refers to dfixui.o(.text) for __aeabi_d2uiz
    main.o(i.main) refers to main.o(i.ledR) for ledR
    main.o(i.main) refers to main.o(i.ledG) for ledG
    main.o(i.main) refers to main.o(i.ledB) for ledB
    main.o(i.main) refers to main.o(.bss) for .bss
    main.o(i.main) refers to main.o(.data) for .data
[...]
    stm32f3xx_hal_i2c.o(i.I2C_WaitOnRXNEFlagUntilTimeout) refers to stm32f3xx_hal_i2c.o(i.I2C_IsAcknowledgeFailed) for I2C_IsAcknowledgeFailed
    stm32f3xx_hal_i2c.o(i.I2C_WaitOnRXNEFlagUntilTimeout) refers to stm32f3xx_hal.o(i.HAL_GetTick) for HAL_GetTick
    stm32f3xx_hal_i2c.o(i.I2C_WaitOnSTOPFlagUntilTimeout) refers to stm32f3xx_hal_i2c.o(i.I2C_IsAcknowledgeFailed) for I2C_IsAcknowledgeFailed
    stm32f3xx_hal_i2c.o(i.I2C_WaitOnSTOPFlagUntilTimeout) refers to stm32f3xx_hal.o(i.HAL_GetTick) for HAL_GetTick
    stm32f3xx_hal_i2c.o(i.I2C_WaitOnTXISFlagUntilTimeout) refers to stm32f3xx_hal_i2c.o(i.I2C_IsAcknowledgeFailed) for I2C_IsAcknowledgeFailed
    stm32f3xx_hal_i2c.o(i.I2C_WaitOnTXISFlagUntilTimeout) refers to stm32f3xx_hal.o(i.HAL_GetTick) for HAL_GetTick
    system_stm32f3xx.o(i.SystemCoreClockUpdate) refers to system_stm32f3xx.o(.data) for .data
    system_stm32f3xx.o(i.SystemCoreClockUpdate) refers to system_stm32f3xx.o(.constdata) for .constdata
    strtod.o(i.__hardfp_strtod) refers (Special) to iusefp.o(.text) for __I$use$fp
    strtod.o(i.__hardfp_strtod) refers to strtod.o(.text) for __strtod_int
    strtod.o(i.__softfp_strtod) refers (Special) to iusefp.o(.text) for __I$use$fp
    strtod.o(i.__softfp_strtod) refers to strtod.o(.text) for __strtod_int
    strtod.o(i.strtod) refers (Special) to iusefp.o(.text) for __I$use$fp
    strtod.o(i.strtod) refers to strtod.o(.text) for __strtod_int
    entry.o(.ARM.Collect$$$$00000000) refers (Special) to entry10a.o(.ARM.Collect$$$$0000000D) for __rt_final_cpp
    entry.o(.ARM.Collect$$$$00000000) refers (Special) to entry11a.o(.ARM.Collect$$$$0000000F) for __rt_final_exit
    entry.o(.ARM.Collect$$$$00000000) refers (Special) to entry7b.o(.ARM.Collect$$$$00000008) for _main_clock
    entry.o(.ARM.Collect$$$$00000000) refers (Special) to entry8b.o(.ARM.Collect$$$$0000000A) for _main_cpp_init
    entry.o(.ARM.Collect$$$$00000000) refers (Special) to entry9a.o(.ARM.Collect$$$$0000000B) for _main_init
    entry.o(.ARM.Collect$$$$00000000) refers (Special) to entry5.o(.ARM.Collect$$$$00000004) for _main_scatterload
    entry.o(.ARM.Collect$$$$00000000) refers (Special) to entry2.o(.ARM.Collect$$$$00000001) for _main_stk
    dmul.o(.text) refers (Special) to iusefp.o(.text) for __I$use$fp
    dmul.o(.text) refers to depilogue.o(.text) for _double_epilogue
    dfixui.o(.text) refers (Special) to iusefp.o(.text) for __I$use$fp
    dfixui.o(.text) refers to llushr.o(.text) for __aeabi_llsr
    entry2.o(.ARM.Collect$$$$00000001) refers to entry2.o(.ARM.Collect$$$$00002712) for __lit__00000000
    entry2.o(.ARM.Collect$$$$00002712) refers to startup_stm32f303xc.o(STACK) for __initial_sp
    entry2.o(__vectab_stack_and_reset_area) refers to startup_stm32f303xc.o(STACK) for __initial_sp
    entry2.o(__vectab_stack_and_reset_area) refers to entry.o(.ARM.Collect$$$$00000000) for __main
    entry5.o(.ARM.Collect$$$$00000004) refers to init.o(.text) for __scatterload
    entry9a.o(.ARM.Collect$$$$0000000B) refers to main.o(i.main) for main
    entry9b.o(.ARM.Collect$$$$0000000C) refers to main.o(i.main) for main
    strtod.o(.text) refers to scanf_fp.o(.text) for _scanf_real
    strtod.o(.text) refers to _sgetc.o(.text) for _sgetc
    strtod.o(.text) refers to isspace_c.o(.text) for isspace
    depilogue.o(.text) refers to llshl.o(.text) for __aeabi_llsl
    depilogue.o(.text) refers to llushr.o(.text) for __aeabi_llsr
    init.o(.text) refers to entry5.o(.ARM.Collect$$$$00000004) for __main_after_scatterload
    isspace_c.o(.text) refers to ctype_c.o(.text) for __ctype_lookup
    scanf_fp.o(.text) refers (Special) to iusefp.o(.text) for __I$use$fp
    scanf_fp.o(.text) refers to dfltul.o(.text) for __aeabi_ul2d
    scanf_fp.o(.text) refers to dmul.o(.text) for __aeabi_dmul
    scanf_fp.o(.text) refers to ddiv.o(.text) for __aeabi_ddiv
    scanf_fp.o(.text) refers to scanf_fp.o(i._is_digit) for _is_digit
    scanf_fp.o(.text) refers to d2f.o(.text) for __aeabi_d2f
    ctype_c.o(.text) refers to ctype_c.o(.constdata) for .constdata
    ddiv.o(.text) refers to depilogue.o(.text) for _double_round
    dfltul.o(.text) refers to depilogue.o(.text) for _double_epilogue
    d2f.o(.text) refers to fepilogue.o(.text) for _float_round
    scanf_fp.o(i._is_digit) refers (Special) to iusefp.o(.text) for __I$use$fp


==============================================================================

Removing Unused input sections from the image.

    Removing startup_stm32f303xc.o(HEAP), (512 bytes).
    Removing main.o(.rev16_text), (4 bytes).
    Removing main.o(.revsh_text), (4 bytes).
    Removing main.o(.rrx_text), (6 bytes).
    Removing main.o(i.Error_Handler), (2 bytes).
    Removing main.o(.data), (2 bytes).
    Removing stm32f3xx_it.o(.rev16_text), (4 bytes).
    Removing stm32f3xx_it.o(.revsh_text), (4 bytes).
    Removing stm32f3xx_it.o(.rrx_text), (6 bytes).
    Removing stm32f3xx_hal_msp.o(.rev16_text), (4 bytes).
    Removing stm32f3xx_hal_msp.o(.revsh_text), (4 bytes).
    Removing stm32f3xx_hal_msp.o(.rrx_text), (6 bytes).
    Removing stm32f3xx_hal_msp.o(i.HAL_TIM_PWM_MspDeInit), (24 bytes).
    Removing stm32f3xx_hal_msp.o(i.HAL_UART_MspDeInit), (44 bytes).
    Removing stm32f3xx_hal_tim.o(.rev16_text), (4 bytes).
    Removing stm32f3xx_hal_tim.o(.revsh_text), (4 bytes).
    Removing stm32f3xx_hal_tim.o(.rrx_text), (6 bytes).
    Removing stm32f3xx_hal_tim.o(i.HAL_TIM_Base_DeInit), (56 bytes).
    Removing stm32f3xx_hal_tim.o(i.HAL_TIM_Base_GetState), (6 bytes).
    Removing stm32f3xx_hal_tim.o(i.HAL_TIM_Base_Init), (54 bytes).
    Removing stm32f3xx_hal_tim.o(i.HAL_TIM_Base_MspDeInit), (2 bytes).
    Removing stm32f3xx_hal_tim.o(i.HAL_TIM_Base_MspInit), (2 bytes).
    Removing stm32f3xx_hal_tim.o(i.HAL_TIM_Base_Start), (26 bytes).
    Removing stm32f3xx_hal_tim.o(i.HAL_TIM_Base_Start_DMA), (92 bytes).
    Removing stm32f3xx_hal_tim.o(i.HAL_TIM_Base_Start_IT), (24 bytes).
    Removing stm32f3xx_hal_tim.o(i.HAL_TIM_Base_Stop), (44 bytes).
    Removing stm32f3xx_hal_tim.o(i.HAL_TIM_Base_Stop_DMA), (48 bytes).
    Removing stm32f3xx_hal_tim.o(i.HAL_TIM_Base_Stop_IT), (42 bytes).
    Removing stm32f3xx_hal_tim.o(i.HAL_TIM_ConfigClockSource), (252 bytes).
    Removing stm32f3xx_hal_tim.o(i.HAL_TIM_ConfigOCrefClear), (170 bytes).
    Removing stm32f3xx_hal_tim.o(i.HAL_TIM_ConfigTI1Input), (16 bytes).
    Removing stm32f3xx_hal_tim.o(i.HAL_TIM_DMABurst_MultiReadStart), (256 bytes).
    Removing stm32f3xx_hal_tim.o(i.HAL_TIM_DMABurst_MultiWriteStart), (256 bytes).
    Removing stm32f3xx_hal_tim.o(i.HAL_TIM_DMABurst_ReadStart), (18 bytes).
    Removing stm32f3xx_hal_tim.o(i.HAL_TIM_DMABurst_ReadStop), (96 bytes).
    Removing stm32f3xx_hal_tim.o(i.HAL_TIM_DMABurst_WriteStart), (18 bytes).
    Removing stm32f3xx_hal_tim.o(i.HAL_TIM_DMABurst_WriteStop), (96 bytes).
    Removing stm32f3xx_hal_tim.o(i.HAL_TIM_Encoder_DeInit), (56 bytes).
    Removing stm32f3xx_hal_tim.o(i.HAL_TIM_Encoder_GetState), (6 bytes).
    Removing stm32f3xx_hal_tim.o(i.HAL_TIM_Encoder_Init), (156 bytes).
    Removing stm32f3xx_hal_tim.o(i.HAL_TIM_Encoder_MspDeInit), (2 bytes).
    Removing stm32f3xx_hal_tim.o(i.HAL_TIM_Encoder_MspInit), (2 bytes).
    Removing stm32f3xx_hal_tim.o(i.HAL_TIM_Encoder_Start), (52 bytes).
    Removing stm32f3xx_hal_tim.o(i.HAL_TIM_Encoder_Start_DMA), (272 bytes).
    Removing stm32f3xx_hal_tim.o(i.HAL_TIM_Encoder_Start_IT), (92 bytes).
    Removing stm32f3xx_hal_tim.o(i.HAL_TIM_Encoder_Stop), (70 bytes).
    Removing stm32f3xx_hal_tim.o(i.HAL_TIM_Encoder_Stop_DMA), (116 bytes).
    Removing stm32f3xx_hal_tim.o(i.HAL_TIM_Encoder_Stop_IT), (116 bytes).
    Removing stm32f3xx_hal_tim.o(i.HAL_TIM_ErrorCallback), (2 bytes).
    Removing stm32f3xx_hal_tim.o(i.HAL_TIM_GenerateEvent), (38 bytes).
    Removing stm32f3xx_hal_tim.o(i.HAL_TIM_IC_CaptureCallback), (2 bytes).
    Removing stm32f3xx_hal_tim.o(i.HAL_TIM_IC_ConfigChannel), (286 bytes).
    Removing stm32f3xx_hal_tim.o(i.HAL_TIM_IC_DeInit), (56 bytes).
    Removing stm32f3xx_hal_tim.o(i.HAL_TIM_IC_GetState), (6 bytes).
    Removing stm32f3xx_hal_tim.o(i.HAL_TIM_IC_Init), (54 bytes).
    Removing stm32f3xx_hal_tim.o(i.HAL_TIM_IC_MspDeInit), (2 bytes).
    Removing stm32f3xx_hal_tim.o(i.HAL_TIM_IC_MspInit), (2 bytes).
    Removing stm32f3xx_hal_tim.o(i.HAL_TIM_IC_Start), (26 bytes).
    Removing stm32f3xx_hal_tim.o(i.HAL_TIM_IC_Start_DMA), (200 bytes).
    Removing stm32f3xx_hal_tim.o(i.HAL_TIM_IC_Start_IT), (76 bytes).
    Removing stm32f3xx_hal_tim.o(i.HAL_TIM_IC_Stop), (44 bytes).
    Removing stm32f3xx_hal_tim.o(i.HAL_TIM_IC_Stop_DMA), (100 bytes).
    Removing stm32f3xx_hal_tim.o(i.HAL_TIM_IC_Stop_IT), (94 bytes).
    Removing stm32f3xx_hal_tim.o(i.HAL_TIM_IRQHandler), (388 bytes).
    Removing stm32f3xx_hal_tim.o(i.HAL_TIM_OC_ConfigChannel), (86 bytes).
    Removing stm32f3xx_hal_tim.o(i.HAL_TIM_OC_DeInit), (56 bytes).
    Removing stm32f3xx_hal_tim.o(i.HAL_TIM_OC_DelayElapsedCallback), (2 bytes).
    Removing stm32f3xx_hal_tim.o(i.HAL_TIM_OC_GetState), (6 bytes).
    Removing stm32f3xx_hal_tim.o(i.HAL_TIM_OC_Init), (54 bytes).
    Removing stm32f3xx_hal_tim.o(i.HAL_TIM_OC_MspDeInit), (2 bytes).
    Removing stm32f3xx_hal_tim.o(i.HAL_TIM_OC_MspInit), (2 bytes).
    Removing stm32f3xx_hal_tim.o(i.HAL_TIM_OC_Start), (88 bytes).
    Removing stm32f3xx_hal_tim.o(i.HAL_TIM_OC_Start_DMA), (268 bytes).
    Removing stm32f3xx_hal_tim.o(i.HAL_TIM_OC_Start_IT), (136 bytes).
    Removing stm32f3xx_hal_tim.o(i.HAL_TIM_OC_Stop), (116 bytes).
    Removing stm32f3xx_hal_tim.o(i.HAL_TIM_OC_Stop_DMA), (172 bytes).
    Removing stm32f3xx_hal_tim.o(i.HAL_TIM_OC_Stop_IT), (168 bytes).
    Removing stm32f3xx_hal_tim.o(i.HAL_TIM_OnePulse_ConfigChannel), (224 bytes).
    Removing stm32f3xx_hal_tim.o(i.HAL_TIM_OnePulse_DeInit), (56 bytes).
    Removing stm32f3xx_hal_tim.o(i.HAL_TIM_OnePulse_GetState), (6 bytes).
    Removing stm32f3xx_hal_tim.o(i.HAL_TIM_OnePulse_Init), (74 bytes).
    Removing stm32f3xx_hal_tim.o(i.HAL_TIM_OnePulse_MspDeInit), (2 bytes).
    Removing stm32f3xx_hal_tim.o(i.HAL_TIM_OnePulse_MspInit), (2 bytes).
    Removing stm32f3xx_hal_tim.o(i.HAL_TIM_OnePulse_Start), (88 bytes).
    Removing stm32f3xx_hal_tim.o(i.HAL_TIM_OnePulse_Start_IT), (108 bytes).
    Removing stm32f3xx_hal_tim.o(i.HAL_TIM_OnePulse_Stop), (128 bytes).
    Removing stm32f3xx_hal_tim.o(i.HAL_TIM_OnePulse_Stop_IT), (148 bytes).
    Removing stm32f3xx_hal_tim.o(i.HAL_TIM_PWM_ConfigChannel), (208 bytes).
    Removing stm32f3xx_hal_tim.o(i.HAL_TIM_PWM_DeInit), (56 bytes).
    Removing stm32f3xx_hal_tim.o(i.HAL_TIM_PWM_GetState), (6 bytes).
    Removing stm32f3xx_hal_tim.o(i.HAL_TIM_PWM_MspDeInit), (2 bytes).
    Removing stm32f3xx_hal_tim.o(i.HAL_TIM_PWM_MspInit), (2 bytes).
    Removing stm32f3xx_hal_tim.o(i.HAL_TIM_PWM_PulseFinishedCallback), (2 bytes).
    Removing stm32f3xx_hal_tim.o(i.HAL_TIM_PWM_Start_DMA), (268 bytes).
    Removing stm32f3xx_hal_tim.o(i.HAL_TIM_PWM_Start_IT), (136 bytes).
    Removing stm32f3xx_hal_tim.o(i.HAL_TIM_PWM_Stop), (124 bytes).
    Removing stm32f3xx_hal_tim.o(i.HAL_TIM_PWM_Stop_DMA), (172 bytes).
    Removing stm32f3xx_hal_tim.o(i.HAL_TIM_PWM_Stop_IT), (168 bytes).
    Removing stm32f3xx_hal_tim.o(i.HAL_TIM_PeriodElapsedCallback), (2 bytes).
    Removing stm32f3xx_hal_tim.o(i.HAL_TIM_ReadCapturedValue), (68 bytes).
    Removing stm32f3xx_hal_tim.o(i.HAL_TIM_SlaveConfigSynchronization), (66 bytes).
    Removing stm32f3xx_hal_tim.o(i.HAL_TIM_SlaveConfigSynchronization_IT), (66 bytes).
    Removing stm32f3xx_hal_tim.o(i.HAL_TIM_TriggerCallback), (2 bytes).
    Removing stm32f3xx_hal_tim.o(i.TIM_DMACaptureCplt), (62 bytes).
    Removing stm32f3xx_hal_tim.o(i.TIM_DMADelayPulseCplt), (62 bytes).
    Removing stm32f3xx_hal_tim.o(i.TIM_DMAError), (16 bytes).
    Removing stm32f3xx_hal_tim.o(i.TIM_DMAPeriodElapsedCplt), (16 bytes).
    Removing stm32f3xx_hal_tim.o(i.TIM_DMATriggerCplt), (16 bytes).
    Removing stm32f3xx_hal_tim.o(i.TIM_ETR_SetConfig), (20 bytes).
    Removing stm32f3xx_hal_tim.o(i.TIM_ITRx_SetConfig), (16 bytes).
    Removing stm32f3xx_hal_tim.o(i.TIM_SlaveTimer_SetConfig), (128 bytes).
    Removing stm32f3xx_hal_tim.o(i.TIM_TI1_ConfigInputStage), (34 bytes).
    Removing stm32f3xx_hal_tim.o(i.TIM_TI1_SetConfig), (108 bytes).
    Removing stm32f3xx_hal_tim.o(i.TIM_TI2_ConfigInputStage), (36 bytes).
    Removing stm32f3xx_hal_tim.o(i.TIM_TI2_SetConfig), (54 bytes).
    Removing stm32f3xx_hal_tim_ex.o(.rev16_text), (4 bytes).
    Removing stm32f3xx_hal_tim_ex.o(.revsh_text), (4 bytes).
    Removing stm32f3xx_hal_tim_ex.o(.rrx_text), (6 bytes).
    Removing stm32f3xx_hal_tim_ex.o(i.HAL_TIMEx_Break2Callback), (2 bytes).
    Removing stm32f3xx_hal_tim_ex.o(i.HAL_TIMEx_BreakCallback), (2 bytes).
    Removing stm32f3xx_hal_tim_ex.o(i.HAL_TIMEx_CommutationCallback), (2 bytes).
    Removing stm32f3xx_hal_tim_ex.o(i.HAL_TIMEx_ConfigBreakDeadTime), (148 bytes).
    Removing stm32f3xx_hal_tim_ex.o(i.HAL_TIMEx_ConfigCommutationEvent), (92 bytes).
    Removing stm32f3xx_hal_tim_ex.o(i.HAL_TIMEx_ConfigCommutationEvent_DMA), (124 bytes).
    Removing stm32f3xx_hal_tim_ex.o(i.HAL_TIMEx_ConfigCommutationEvent_IT), (102 bytes).
    Removing stm32f3xx_hal_tim_ex.o(i.HAL_TIMEx_GroupChannel5), (56 bytes).
    Removing stm32f3xx_hal_tim_ex.o(i.HAL_TIMEx_HallSensor_DeInit), (56 bytes).
    Removing stm32f3xx_hal_tim_ex.o(i.HAL_TIMEx_HallSensor_GetState), (6 bytes).
    Removing stm32f3xx_hal_tim_ex.o(i.HAL_TIMEx_HallSensor_Init), (192 bytes).
    Removing stm32f3xx_hal_tim_ex.o(i.HAL_TIMEx_HallSensor_MspDeInit), (2 bytes).
    Removing stm32f3xx_hal_tim_ex.o(i.HAL_TIMEx_HallSensor_MspInit), (2 bytes).
    Removing stm32f3xx_hal_tim_ex.o(i.HAL_TIMEx_HallSensor_Start), (28 bytes).
    Removing stm32f3xx_hal_tim_ex.o(i.HAL_TIMEx_HallSensor_Start_DMA), (104 bytes).
    Removing stm32f3xx_hal_tim_ex.o(i.HAL_TIMEx_HallSensor_Start_IT), (38 bytes).
    Removing stm32f3xx_hal_tim_ex.o(i.HAL_TIMEx_HallSensor_Stop), (46 bytes).
    Removing stm32f3xx_hal_tim_ex.o(i.HAL_TIMEx_HallSensor_Stop_DMA), (56 bytes).
    Removing stm32f3xx_hal_tim_ex.o(i.HAL_TIMEx_HallSensor_Stop_IT), (56 bytes).
    Removing stm32f3xx_hal_tim_ex.o(i.HAL_TIMEx_OCN_Start), (36 bytes).
    Removing stm32f3xx_hal_tim_ex.o(i.HAL_TIMEx_OCN_Start_DMA), (184 bytes).
    Removing stm32f3xx_hal_tim_ex.o(i.HAL_TIMEx_OCN_Start_IT), (84 bytes).
    Removing stm32f3xx_hal_tim_ex.o(i.HAL_TIMEx_OCN_Stop), (68 bytes).
    Removing stm32f3xx_hal_tim_ex.o(i.HAL_TIMEx_OCN_Stop_DMA), (112 bytes).
    Removing stm32f3xx_hal_tim_ex.o(i.HAL_TIMEx_OCN_Stop_IT), (122 bytes).
    Removing stm32f3xx_hal_tim_ex.o(i.HAL_TIMEx_OnePulseN_Start), (26 bytes).
    Removing stm32f3xx_hal_tim_ex.o(i.HAL_TIMEx_OnePulseN_Start_IT), (46 bytes).
    Removing stm32f3xx_hal_tim_ex.o(i.HAL_TIMEx_OnePulseN_Stop), (68 bytes).
    Removing stm32f3xx_hal_tim_ex.o(i.HAL_TIMEx_OnePulseN_Stop_IT), (88 bytes).
    Removing stm32f3xx_hal_tim_ex.o(i.HAL_TIMEx_PWMN_Start), (36 bytes).
    Removing stm32f3xx_hal_tim_ex.o(i.HAL_TIMEx_PWMN_Start_DMA), (184 bytes).
    Removing stm32f3xx_hal_tim_ex.o(i.HAL_TIMEx_PWMN_Start_IT), (84 bytes).
    Removing stm32f3xx_hal_tim_ex.o(i.HAL_TIMEx_PWMN_Stop), (68 bytes).
    Removing stm32f3xx_hal_tim_ex.o(i.HAL_TIMEx_PWMN_Stop_DMA), (112 bytes).
    Removing stm32f3xx_hal_tim_ex.o(i.HAL_TIMEx_PWMN_Stop_IT), (122 bytes).
    Removing stm32f3xx_hal_tim_ex.o(i.HAL_TIMEx_RemapConfig), (36 bytes).
    Removing stm32f3xx_hal_tim_ex.o(i.HAL_TIM_ConfigOCrefClear), (272 bytes).
    Removing stm32f3xx_hal_tim_ex.o(i.HAL_TIM_OC_ConfigChannel), (114 bytes).
    Removing stm32f3xx_hal_tim_ex.o(i.TIMEx_DMACommutationCplt), (16 bytes).
    Removing stm32f3xx_hal_tim_ex.o(i.TIM_CCxNChannelCmd), (22 bytes).
    Removing stm32f3xx_hal_uart.o(.rev16_text), (4 bytes).
    Removing stm32f3xx_hal_uart.o(.revsh_text), (4 bytes).
    Removing stm32f3xx_hal_uart.o(.rrx_text), (6 bytes).
    Removing stm32f3xx_hal_uart.o(i.HAL_HalfDuplex_EnableReceiver), (58 bytes).
    Removing stm32f3xx_hal_uart.o(i.HAL_HalfDuplex_EnableTransmitter), (58 bytes).
    Removing stm32f3xx_hal_uart.o(i.HAL_HalfDuplex_Init), (116 bytes).
    Removing stm32f3xx_hal_uart.o(i.HAL_LIN_Init), (140 bytes).
    Removing stm32f3xx_hal_uart.o(i.HAL_LIN_SendBreak), (46 bytes).
    Removing stm32f3xx_hal_uart.o(i.HAL_MultiProcessor_DisableMuteMode), (44 bytes).
    Removing stm32f3xx_hal_uart.o(i.HAL_MultiProcessor_EnableMuteMode), (44 bytes).
    Removing stm32f3xx_hal_uart.o(i.HAL_MultiProcessor_EnterMuteMode), (12 bytes).
    Removing stm32f3xx_hal_uart.o(i.HAL_MultiProcessor_Init), (138 bytes).
    Removing stm32f3xx_hal_uart.o(i.HAL_UART_Abort), (112 bytes).
    Removing stm32f3xx_hal_uart.o(i.HAL_UART_AbortCpltCallback), (2 bytes).
    Removing stm32f3xx_hal_uart.o(i.HAL_UART_AbortReceive), (76 bytes).
    Removing stm32f3xx_hal_uart.o(i.HAL_UART_AbortReceiveCpltCallback), (2 bytes).
    Removing stm32f3xx_hal_uart.o(i.HAL_UART_AbortReceive_IT), (108 bytes).
    Removing stm32f3xx_hal_uart.o(i.HAL_UART_AbortTransmit), (58 bytes).
    Removing stm32f3xx_hal_uart.o(i.HAL_UART_AbortTransmitCpltCallback), (2 bytes).
    Removing stm32f3xx_hal_uart.o(i.HAL_UART_AbortTransmit_IT), (84 bytes).
    Removing stm32f3xx_hal_uart.o(i.HAL_UART_Abort_IT), (180 bytes).
    Removing stm32f3xx_hal_uart.o(i.HAL_UART_DMAPause), (98 bytes).
    Removing stm32f3xx_hal_uart.o(i.HAL_UART_DMAResume), (92 bytes).
    Removing stm32f3xx_hal_uart.o(i.HAL_UART_DMAStop), (84 bytes).
    Removing stm32f3xx_hal_uart.o(i.HAL_UART_DeInit), (64 bytes).
    Removing stm32f3xx_hal_uart.o(i.HAL_UART_ErrorCallback), (2 bytes).
    Removing stm32f3xx_hal_uart.o(i.HAL_UART_GetError), (4 bytes).
    Removing stm32f3xx_hal_uart.o(i.HAL_UART_GetState), (10 bytes).
    Removing stm32f3xx_hal_uart.o(i.HAL_UART_IRQHandler), (320 bytes).
    Removing stm32f3xx_hal_uart.o(i.HAL_UART_MspDeInit), (2 bytes).
    Removing stm32f3xx_hal_uart.o(i.HAL_UART_MspInit), (2 bytes).
    Removing stm32f3xx_hal_uart.o(i.HAL_UART_Receive_DMA), (144 bytes).
    Removing stm32f3xx_hal_uart.o(i.HAL_UART_Receive_IT), (122 bytes).
    Removing stm32f3xx_hal_uart.o(i.HAL_UART_RxCpltCallback), (2 bytes).
    Removing stm32f3xx_hal_uart.o(i.HAL_UART_RxHalfCpltCallback), (2 bytes).
    Removing stm32f3xx_hal_uart.o(i.HAL_UART_Transmit_DMA), (136 bytes).
    Removing stm32f3xx_hal_uart.o(i.HAL_UART_Transmit_IT), (62 bytes).
    Removing stm32f3xx_hal_uart.o(i.HAL_UART_TxCpltCallback), (2 bytes).
    Removing stm32f3xx_hal_uart.o(i.HAL_UART_TxHalfCpltCallback), (2 bytes).
    Removing stm32f3xx_hal_uart.o(i.UART_DMAAbortOnError), (20 bytes).
    Removing stm32f3xx_hal_uart.o(i.UART_DMAError), (74 bytes).
    Removing stm32f3xx_hal_uart.o(i.UART_DMAReceiveCplt), (62 bytes).
    Removing stm32f3xx_hal_uart.o(i.UART_DMARxAbortCallback), (52 bytes).
    Removing stm32f3xx_hal_uart.o(i.UART_DMARxHalfCplt), (10 bytes).
    Removing stm32f3xx_hal_uart.o(i.UART_DMARxOnlyAbortCallback), (28 bytes).
    Removing stm32f3xx_hal_uart.o(i.UART_DMATransmitCplt), (48 bytes).
    Removing stm32f3xx_hal_uart.o(i.UART_DMATxAbortCallback), (52 bytes).
    Removing stm32f3xx_hal_uart.o(i.UART_DMATxHalfCplt), (10 bytes).
    Removing stm32f3xx_hal_uart.o(i.UART_DMATxOnlyAbortCallback), (22 bytes).
    Removing stm32f3xx_hal_uart.o(i.UART_EndRxTransfer), (28 bytes).
    Removing stm32f3xx_hal_uart.o(i.UART_EndTransmit_IT), (26 bytes).
    Removing stm32f3xx_hal_uart.o(i.UART_EndTxTransfer), (18 bytes).
    Removing stm32f3xx_hal_uart.o(i.UART_Receive_IT), (118 bytes).
    Removing stm32f3xx_hal_uart.o(i.UART_Transmit_IT), (100 bytes).
    Removing stm32f3xx_hal_uart.o(i.UART_Wakeup_AddressConfig), (30 bytes).
    Removing stm32f3xx_hal_uart_ex.o(.rev16_text), (4 bytes).
    Removing stm32f3xx_hal_uart_ex.o(.revsh_text), (4 bytes).
    Removing stm32f3xx_hal_uart_ex.o(.rrx_text), (6 bytes).
    Removing stm32f3xx_hal_uart_ex.o(i.HAL_MultiProcessorEx_AddressLength_Set), (48 bytes).
    Removing stm32f3xx_hal_uart_ex.o(i.HAL_RS485Ex_Init), (140 bytes).
    Removing stm32f3xx_hal_uart_ex.o(i.HAL_UARTEx_DisableStopMode), (46 bytes).
    Removing stm32f3xx_hal_uart_ex.o(i.HAL_UARTEx_EnableStopMode), (46 bytes).
    Removing stm32f3xx_hal_uart_ex.o(i.HAL_UARTEx_StopModeWakeUpSourceConfig), (118 bytes).
    Removing stm32f3xx_hal_uart_ex.o(i.HAL_UARTEx_WakeupCallback), (2 bytes).
    Removing stm32f3xx_hal.o(.rev16_text), (4 bytes).
    Removing stm32f3xx_hal.o(.revsh_text), (4 bytes).
    Removing stm32f3xx_hal.o(.rrx_text), (6 bytes).
    Removing stm32f3xx_hal.o(i.HAL_DBGMCU_DisableDBGSleepMode), (16 bytes).
    Removing stm32f3xx_hal.o(i.HAL_DBGMCU_DisableDBGStandbyMode), (16 bytes).
    Removing stm32f3xx_hal.o(i.HAL_DBGMCU_DisableDBGStopMode), (16 bytes).
    Removing stm32f3xx_hal.o(i.HAL_DBGMCU_EnableDBGSleepMode), (16 bytes).
    Removing stm32f3xx_hal.o(i.HAL_DBGMCU_EnableDBGStandbyMode), (16 bytes).
    Removing stm32f3xx_hal.o(i.HAL_DBGMCU_EnableDBGStopMode), (16 bytes).
    Removing stm32f3xx_hal.o(i.HAL_DeInit), (36 bytes).
    Removing stm32f3xx_hal.o(i.HAL_Delay), (36 bytes).
    Removing stm32f3xx_hal.o(i.HAL_GetDEVID), (16 bytes).
    Removing stm32f3xx_hal.o(i.HAL_GetHalVersion), (8 bytes).
    Removing stm32f3xx_hal.o(i.HAL_GetREVID), (12 bytes).
    Removing stm32f3xx_hal.o(i.HAL_GetTickFreq), (12 bytes).
    Removing stm32f3xx_hal.o(i.HAL_GetTickPrio), (12 bytes).
    Removing stm32f3xx_hal.o(i.HAL_GetUIDw0), (12 bytes).
    Removing stm32f3xx_hal.o(i.HAL_GetUIDw1), (12 bytes).
    Removing stm32f3xx_hal.o(i.HAL_GetUIDw2), (12 bytes).
    Removing stm32f3xx_hal.o(i.HAL_MspDeInit), (2 bytes).
    Removing stm32f3xx_hal.o(i.HAL_MspInit), (2 bytes).
    Removing stm32f3xx_hal.o(i.HAL_ResumeTick), (14 bytes).
    Removing stm32f3xx_hal.o(i.HAL_SetTickFreq), (28 bytes).
    Removing stm32f3xx_hal.o(i.HAL_SuspendTick), (14 bytes).
    Removing stm32f3xx_hal_rcc.o(.rev16_text), (4 bytes).
    Removing stm32f3xx_hal_rcc.o(.revsh_text), (4 bytes).
    Removing stm32f3xx_hal_rcc.o(.rrx_text), (6 bytes).
    Removing stm32f3xx_hal_rcc.o(i.HAL_RCC_CSSCallback), (2 bytes).
    Removing stm32f3xx_hal_rcc.o(i.HAL_RCC_DeInit), (216 bytes).
    Removing stm32f3xx_hal_rcc.o(i.HAL_RCC_DisableCSS), (28 bytes).
    Removing stm32f3xx_hal_rcc.o(i.HAL_RCC_EnableCSS), (24 bytes).
    Removing stm32f3xx_hal_rcc.o(i.HAL_RCC_GetClockConfig), (64 bytes).
    Removing stm32f3xx_hal_rcc.o(i.HAL_RCC_GetHCLKFreq), (12 bytes).
    Removing stm32f3xx_hal_rcc.o(i.HAL_RCC_GetOscConfig), (156 bytes).
    Removing stm32f3xx_hal_rcc.o(i.HAL_RCC_MCOConfig), (72 bytes).
    Removing stm32f3xx_hal_rcc.o(i.HAL_RCC_NMI_IRQHandler), (24 bytes).
    Removing stm32f3xx_hal_rcc_ex.o(.rev16_text), (4 bytes).
    Removing stm32f3xx_hal_rcc_ex.o(.revsh_text), (4 bytes).
    Removing stm32f3xx_hal_rcc_ex.o(.rrx_text), (6 bytes).
    Removing stm32f3xx_hal_rcc_ex.o(i.HAL_RCCEx_GetPeriphCLKConfig), (188 bytes).
    Removing stm32f3xx_hal_rcc_ex.o(i.HAL_RCCEx_GetPeriphCLKFreq), (568 bytes).
    Removing stm32f3xx_hal_rcc_ex.o(i.RCC_GetPLLCLKFreq), (60 bytes).
    Removing stm32f3xx_hal_rcc_ex.o(.constdata), (32 bytes).
    Removing stm32f3xx_hal_gpio.o(.rev16_text), (4 bytes).
    Removing stm32f3xx_hal_gpio.o(.revsh_text), (4 bytes).
    Removing stm32f3xx_hal_gpio.o(.rrx_text), (6 bytes).
    Removing stm32f3xx_hal_gpio.o(i.HAL_GPIO_DeInit), (284 bytes).
    Removing stm32f3xx_hal_gpio.o(i.HAL_GPIO_EXTI_Callback), (2 bytes).
    Removing stm32f3xx_hal_gpio.o(i.HAL_GPIO_EXTI_IRQHandler), (24 bytes).
    Removing stm32f3xx_hal_gpio.o(i.HAL_GPIO_LockPin), (34 bytes).
    Removing stm32f3xx_hal_gpio.o(i.HAL_GPIO_ReadPin), (10 bytes).
    Removing stm32f3xx_hal_gpio.o(i.HAL_GPIO_TogglePin), (8 bytes).
    Removing stm32f3xx_hal_dma.o(.rev16_text), (4 bytes).
    Removing stm32f3xx_hal_dma.o(.revsh_text), (4 bytes).
    Removing stm32f3xx_hal_dma.o(.rrx_text), (6 bytes).
    Removing stm32f3xx_hal_dma.o(i.DMA_CalcBaseAndBitshift), (60 bytes).
    Removing stm32f3xx_hal_dma.o(i.DMA_SetConfig), (42 bytes).
    Removing stm32f3xx_hal_dma.o(i.HAL_DMA_Abort), (48 bytes).
    Removing stm32f3xx_hal_dma.o(i.HAL_DMA_Abort_IT), (74 bytes).
    Removing stm32f3xx_hal_dma.o(i.HAL_DMA_DeInit), (78 bytes).
    Removing stm32f3xx_hal_dma.o(i.HAL_DMA_GetError), (4 bytes).
    Removing stm32f3xx_hal_dma.o(i.HAL_DMA_GetState), (6 bytes).
    Removing stm32f3xx_hal_dma.o(i.HAL_DMA_IRQHandler), (168 bytes).
    Removing stm32f3xx_hal_dma.o(i.HAL_DMA_Init), (78 bytes).
    Removing stm32f3xx_hal_dma.o(i.HAL_DMA_PollForTransfer), (206 bytes).
    Removing stm32f3xx_hal_dma.o(i.HAL_DMA_RegisterCallback), (74 bytes).
    Removing stm32f3xx_hal_dma.o(i.HAL_DMA_Start), (80 bytes).
    Removing stm32f3xx_hal_dma.o(i.HAL_DMA_Start_IT), (112 bytes).
    Removing stm32f3xx_hal_dma.o(i.HAL_DMA_UnRegisterCallback), (82 bytes).
    Removing stm32f3xx_hal_cortex.o(.rev16_text), (4 bytes).
    Removing stm32f3xx_hal_cortex.o(.revsh_text), (4 bytes).
    Removing stm32f3xx_hal_cortex.o(.rrx_text), (6 bytes).
    Removing stm32f3xx_hal_cortex.o(i.HAL_MPU_ConfigRegion), (84 bytes).
    Removing stm32f3xx_hal_cortex.o(i.HAL_MPU_Disable), (24 bytes).
    Removing stm32f3xx_hal_cortex.o(i.HAL_MPU_Enable), (28 bytes).
    Removing stm32f3xx_hal_cortex.o(i.HAL_NVIC_ClearPendingIRQ), (22 bytes).
    Removing stm32f3xx_hal_cortex.o(i.HAL_NVIC_DisableIRQ), (22 bytes).
    Removing stm32f3xx_hal_cortex.o(i.HAL_NVIC_EnableIRQ), (22 bytes).
    Removing stm32f3xx_hal_cortex.o(i.HAL_NVIC_GetActive), (32 bytes).
    Removing stm32f3xx_hal_cortex.o(i.HAL_NVIC_GetPendingIRQ), (32 bytes).
    Removing stm32f3xx_hal_cortex.o(i.HAL_NVIC_GetPriority), (82 bytes).
    Removing stm32f3xx_hal_cortex.o(i.HAL_NVIC_GetPriorityGrouping), (16 bytes).
    Removing stm32f3xx_hal_cortex.o(i.HAL_NVIC_SetPendingIRQ), (22 bytes).
    Removing stm32f3xx_hal_cortex.o(i.HAL_NVIC_SystemReset), (36 bytes).
    Removing stm32f3xx_hal_cortex.o(i.HAL_SYSTICK_CLKSourceConfig), (24 bytes).
    Removing stm32f3xx_hal_cortex.o(i.HAL_SYSTICK_Callback), (2 bytes).
    Removing stm32f3xx_hal_cortex.o(i.HAL_SYSTICK_IRQHandler), (8 bytes).
    Removing stm32f3xx_hal_pwr.o(.rev16_text), (4 bytes).
    Removing stm32f3xx_hal_pwr.o(.revsh_text), (4 bytes).
    Removing stm32f3xx_hal_pwr.o(.rrx_text), (6 bytes).
    Removing stm32f3xx_hal_pwr.o(i.HAL_PWR_DeInit), (24 bytes).
    Removing stm32f3xx_hal_pwr.o(i.HAL_PWR_DisableBkUpAccess), (16 bytes).
    Removing stm32f3xx_hal_pwr.o(i.HAL_PWR_DisableSEVOnPend), (16 bytes).
    Removing stm32f3xx_hal_pwr.o(i.HAL_PWR_DisableSleepOnExit), (16 bytes).
    Removing stm32f3xx_hal_pwr.o(i.HAL_PWR_DisableWakeUpPin), (16 bytes).
    Removing stm32f3xx_hal_pwr.o(i.HAL_PWR_EnableBkUpAccess), (16 bytes).
    Removing stm32f3xx_hal_pwr.o(i.HAL_PWR_EnableSEVOnPend), (16 bytes).
    Removing stm32f3xx_hal_pwr.o(i.HAL_PWR_EnableSleepOnExit), (16 bytes).
    Removing stm32f3xx_hal_pwr.o(i.HAL_PWR_EnableWakeUpPin), (16 bytes).
    Removing stm32f3xx_hal_pwr.o(i.HAL_PWR_EnterSLEEPMode), (32 bytes).
    Removing stm32f3xx_hal_pwr.o(i.HAL_PWR_EnterSTANDBYMode), (32 bytes).
    Removing stm32f3xx_hal_pwr.o(i.HAL_PWR_EnterSTOPMode), (56 bytes).
    Removing stm32f3xx_hal_pwr_ex.o(.rev16_text), (4 bytes).
    Removing stm32f3xx_hal_pwr_ex.o(.revsh_text), (4 bytes).
    Removing stm32f3xx_hal_pwr_ex.o(.rrx_text), (6 bytes).
    Removing stm32f3xx_hal_pwr_ex.o(i.HAL_PWR_ConfigPVD), (124 bytes).
    Removing stm32f3xx_hal_pwr_ex.o(i.HAL_PWR_DisablePVD), (16 bytes).
    Removing stm32f3xx_hal_pwr_ex.o(i.HAL_PWR_EnablePVD), (16 bytes).
    Removing stm32f3xx_hal_pwr_ex.o(i.HAL_PWR_PVDCallback), (2 bytes).
    Removing stm32f3xx_hal_pwr_ex.o(i.HAL_PWR_PVD_IRQHandler), (28 bytes).
    Removing stm32f3xx_hal_flash.o(.rev16_text), (4 bytes).
    Removing stm32f3xx_hal_flash.o(.revsh_text), (4 bytes).
    Removing stm32f3xx_hal_flash.o(.rrx_text), (6 bytes).
    Removing stm32f3xx_hal_flash.o(i.FLASH_Program_HalfWord), (28 bytes).
    Removing stm32f3xx_hal_flash.o(i.FLASH_SetErrorCode), (52 bytes).
    Removing stm32f3xx_hal_flash.o(i.FLASH_WaitForLastOperation), (80 bytes).
    Removing stm32f3xx_hal_flash.o(i.HAL_FLASH_EndOfOperationCallback), (2 bytes).
    Removing stm32f3xx_hal_flash.o(i.HAL_FLASH_GetError), (12 bytes).
    Removing stm32f3xx_hal_flash.o(i.HAL_FLASH_IRQHandler), (264 bytes).
    Removing stm32f3xx_hal_flash.o(i.HAL_FLASH_Lock), (20 bytes).
    Removing stm32f3xx_hal_flash.o(i.HAL_FLASH_OB_Launch), (24 bytes).
    Removing stm32f3xx_hal_flash.o(i.HAL_FLASH_OB_Lock), (20 bytes).
    Removing stm32f3xx_hal_flash.o(i.HAL_FLASH_OB_Unlock), (36 bytes).
    Removing stm32f3xx_hal_flash.o(i.HAL_FLASH_OperationErrorCallback), (2 bytes).
    Removing stm32f3xx_hal_flash.o(i.HAL_FLASH_Program), (128 bytes).
    Removing stm32f3xx_hal_flash.o(i.HAL_FLASH_Program_IT), (100 bytes).
    Removing stm32f3xx_hal_flash.o(i.HAL_FLASH_Unlock), (40 bytes).
    Removing stm32f3xx_hal_flash.o(.bss), (32 bytes).
    Removing stm32f3xx_hal_flash_ex.o(.rev16_text), (4 bytes).
    Removing stm32f3xx_hal_flash_ex.o(.revsh_text), (4 bytes).
    Removing stm32f3xx_hal_flash_ex.o(.rrx_text), (6 bytes).
    Removing stm32f3xx_hal_flash_ex.o(i.FLASH_MassErase), (36 bytes).
    Removing stm32f3xx_hal_flash_ex.o(i.FLASH_OB_DisableWRP), (176 bytes).
    Removing stm32f3xx_hal_flash_ex.o(i.FLASH_OB_EnableWRP), (176 bytes).
    Removing stm32f3xx_hal_flash_ex.o(i.FLASH_OB_GetRDP), (32 bytes).
    Removing stm32f3xx_hal_flash_ex.o(i.FLASH_OB_RDP_LevelConfig), (100 bytes).
    Removing stm32f3xx_hal_flash_ex.o(i.FLASH_PageErase), (36 bytes).
    Removing stm32f3xx_hal_flash_ex.o(i.HAL_FLASHEx_Erase), (168 bytes).
    Removing stm32f3xx_hal_flash_ex.o(i.HAL_FLASHEx_Erase_IT), (84 bytes).
    Removing stm32f3xx_hal_flash_ex.o(i.HAL_FLASHEx_OBErase), (84 bytes).
    Removing stm32f3xx_hal_flash_ex.o(i.HAL_FLASHEx_OBGetConfig), (48 bytes).
    Removing stm32f3xx_hal_flash_ex.o(i.HAL_FLASHEx_OBGetUserData), (48 bytes).
    Removing stm32f3xx_hal_flash_ex.o(i.HAL_FLASHEx_OBProgram), (200 bytes).
    Removing stm32f3xx_hal_i2c.o(.rev16_text), (4 bytes).
    Removing stm32f3xx_hal_i2c.o(.revsh_text), (4 bytes).
    Removing stm32f3xx_hal_i2c.o(.rrx_text), (6 bytes).
    Removing stm32f3xx_hal_i2c.o(i.HAL_I2C_AbortCpltCallback), (2 bytes).
    Removing stm32f3xx_hal_i2c.o(i.HAL_I2C_AddrCallback), (2 bytes).
    Removing stm32f3xx_hal_i2c.o(i.HAL_I2C_DeInit), (50 bytes).
    Removing stm32f3xx_hal_i2c.o(i.HAL_I2C_DisableListen_IT), (54 bytes).
    Removing stm32f3xx_hal_i2c.o(i.HAL_I2C_ER_IRQHandler), (98 bytes).
    Removing stm32f3xx_hal_i2c.o(i.HAL_I2C_EV_IRQHandler), (16 bytes).
    Removing stm32f3xx_hal_i2c.o(i.HAL_I2C_EnableListen_IT), (40 bytes).
    Removing stm32f3xx_hal_i2c.o(i.HAL_I2C_ErrorCallback), (2 bytes).
    Removing stm32f3xx_hal_i2c.o(i.HAL_I2C_GetError), (4 bytes).
    Removing stm32f3xx_hal_i2c.o(i.HAL_I2C_GetMode), (6 bytes).
    Removing stm32f3xx_hal_i2c.o(i.HAL_I2C_GetState), (6 bytes).
    Removing stm32f3xx_hal_i2c.o(i.HAL_I2C_Init), (184 bytes).
    Removing stm32f3xx_hal_i2c.o(i.HAL_I2C_IsDeviceReady), (288 bytes).
    Removing stm32f3xx_hal_i2c.o(i.HAL_I2C_ListenCpltCallback), (2 bytes).
    Removing stm32f3xx_hal_i2c.o(i.HAL_I2C_MasterRxCpltCallback), (2 bytes).
    Removing stm32f3xx_hal_i2c.o(i.HAL_I2C_MasterTxCpltCallback), (2 bytes).
    Removing stm32f3xx_hal_i2c.o(i.HAL_I2C_Master_Abort_IT), (96 bytes).
    Removing stm32f3xx_hal_i2c.o(i.HAL_I2C_Master_Receive), (304 bytes).
    Removing stm32f3xx_hal_i2c.o(i.HAL_I2C_Master_Receive_DMA), (244 bytes).
    Removing stm32f3xx_hal_i2c.o(i.HAL_I2C_Master_Receive_IT), (136 bytes).
    Removing stm32f3xx_hal_i2c.o(i.HAL_I2C_Master_Sequential_Receive_IT), (128 bytes).
    Removing stm32f3xx_hal_i2c.o(i.HAL_I2C_Master_Sequential_Transmit_IT), (124 bytes).
    Removing stm32f3xx_hal_i2c.o(i.HAL_I2C_Master_Transmit), (300 bytes).
    Removing stm32f3xx_hal_i2c.o(i.HAL_I2C_Master_Transmit_DMA), (248 bytes).
    Removing stm32f3xx_hal_i2c.o(i.HAL_I2C_Master_Transmit_IT), (136 bytes).
    Removing stm32f3xx_hal_i2c.o(i.HAL_I2C_MemRxCpltCallback), (2 bytes).
    Removing stm32f3xx_hal_i2c.o(i.HAL_I2C_MemTxCpltCallback), (2 bytes).
    Removing stm32f3xx_hal_i2c.o(i.HAL_I2C_Mem_Read), (368 bytes).
    Removing stm32f3xx_hal_i2c.o(i.HAL_I2C_Mem_Read_DMA), (264 bytes).
    Removing stm32f3xx_hal_i2c.o(i.HAL_I2C_Mem_Read_IT), (204 bytes).
    Removing stm32f3xx_hal_i2c.o(i.HAL_I2C_Mem_Write), (360 bytes).
    Removing stm32f3xx_hal_i2c.o(i.HAL_I2C_Mem_Write_DMA), (260 bytes).
    Removing stm32f3xx_hal_i2c.o(i.HAL_I2C_Mem_Write_IT), (200 bytes).
    Removing stm32f3xx_hal_i2c.o(i.HAL_I2C_MspDeInit), (2 bytes).
    Removing stm32f3xx_hal_i2c.o(i.HAL_I2C_MspInit), (2 bytes).
    Removing stm32f3xx_hal_i2c.o(i.HAL_I2C_SlaveRxCpltCallback), (2 bytes).
    Removing stm32f3xx_hal_i2c.o(i.HAL_I2C_SlaveTxCpltCallback), (2 bytes).
    Removing stm32f3xx_hal_i2c.o(i.HAL_I2C_Slave_Receive), (314 bytes).
    Removing stm32f3xx_hal_i2c.o(i.HAL_I2C_Slave_Receive_DMA), (164 bytes).
    Removing stm32f3xx_hal_i2c.o(i.HAL_I2C_Slave_Receive_IT), (92 bytes).
    Removing stm32f3xx_hal_i2c.o(i.HAL_I2C_Slave_Sequential_Receive_IT), (152 bytes).
    Removing stm32f3xx_hal_i2c.o(i.HAL_I2C_Slave_Sequential_Transmit_IT), (152 bytes).
    Removing stm32f3xx_hal_i2c.o(i.HAL_I2C_Slave_Transmit), (314 bytes).
    Removing stm32f3xx_hal_i2c.o(i.HAL_I2C_Slave_Transmit_DMA), (156 bytes).
    Removing stm32f3xx_hal_i2c.o(i.HAL_I2C_Slave_Transmit_IT), (92 bytes).
    Removing stm32f3xx_hal_i2c.o(i.I2C_DMAAbort), (50 bytes).
    Removing stm32f3xx_hal_i2c.o(i.I2C_DMAError), (18 bytes).
    Removing stm32f3xx_hal_i2c.o(i.I2C_DMAMasterReceiveCplt), (66 bytes).
    Removing stm32f3xx_hal_i2c.o(i.I2C_DMAMasterTransmitCplt), (66 bytes).
    Removing stm32f3xx_hal_i2c.o(i.I2C_DMASlaveReceiveCplt), (2 bytes).
    Removing stm32f3xx_hal_i2c.o(i.I2C_DMASlaveTransmitCplt), (2 bytes).
    Removing stm32f3xx_hal_i2c.o(i.I2C_Disable_IRQ), (86 bytes).
    Removing stm32f3xx_hal_i2c.o(i.I2C_Enable_IRQ), (96 bytes).
    Removing stm32f3xx_hal_i2c.o(i.I2C_Flush_TXDR), (34 bytes).
    Removing stm32f3xx_hal_i2c.o(i.I2C_ITAddrCplt), (136 bytes).
    Removing stm32f3xx_hal_i2c.o(i.I2C_ITError), (224 bytes).
    Removing stm32f3xx_hal_i2c.o(i.I2C_ITListenCplt), (92 bytes).
    Removing stm32f3xx_hal_i2c.o(i.I2C_ITMasterCplt), (180 bytes).
    Removing stm32f3xx_hal_i2c.o(i.I2C_ITMasterSequentialCplt), (76 bytes).
    Removing stm32f3xx_hal_i2c.o(i.I2C_ITSlaveCplt), (240 bytes).
    Removing stm32f3xx_hal_i2c.o(i.I2C_ITSlaveSequentialCplt), (84 bytes).
    Removing stm32f3xx_hal_i2c.o(i.I2C_IsAcknowledgeFailed), (124 bytes).
    Removing stm32f3xx_hal_i2c.o(i.I2C_Master_ISR_DMA), (196 bytes).
    Removing stm32f3xx_hal_i2c.o(i.I2C_Master_ISR_IT), (288 bytes).
    Removing stm32f3xx_hal_i2c.o(i.I2C_RequestMemoryRead), (112 bytes).
    Removing stm32f3xx_hal_i2c.o(i.I2C_RequestMemoryWrite), (112 bytes).
    Removing stm32f3xx_hal_i2c.o(i.I2C_Slave_ISR_DMA), (106 bytes).
    Removing stm32f3xx_hal_i2c.o(i.I2C_Slave_ISR_IT), (272 bytes).
    Removing stm32f3xx_hal_i2c.o(i.I2C_TransferConfig), (44 bytes).
    Removing stm32f3xx_hal_i2c.o(i.I2C_WaitOnFlagUntilTimeout), (82 bytes).
    Removing stm32f3xx_hal_i2c.o(i.I2C_WaitOnRXNEFlagUntilTimeout), (136 bytes).
    Removing stm32f3xx_hal_i2c.o(i.I2C_WaitOnSTOPFlagUntilTimeout), (78 bytes).
    Removing stm32f3xx_hal_i2c.o(i.I2C_WaitOnTXISFlagUntilTimeout), (82 bytes).
    Removing stm32f3xx_hal_i2c_ex.o(.rev16_text), (4 bytes).
    Removing stm32f3xx_hal_i2c_ex.o(.revsh_text), (4 bytes).
    Removing stm32f3xx_hal_i2c_ex.o(.rrx_text), (6 bytes).
    Removing stm32f3xx_hal_i2c_ex.o(i.HAL_I2CEx_ConfigAnalogFilter), (86 bytes).
    Removing stm32f3xx_hal_i2c_ex.o(i.HAL_I2CEx_ConfigDigitalFilter), (82 bytes).
    Removing stm32f3xx_hal_i2c_ex.o(i.HAL_I2CEx_DisableFastModePlus), (40 bytes).
    Removing stm32f3xx_hal_i2c_ex.o(i.HAL_I2CEx_DisableWakeUp), (78 bytes).
    Removing stm32f3xx_hal_i2c_ex.o(i.HAL_I2CEx_EnableFastModePlus), (40 bytes).
    Removing stm32f3xx_hal_i2c_ex.o(i.HAL_I2CEx_EnableWakeUp), (78 bytes).
    Removing system_stm32f3xx.o(.rev16_text), (4 bytes).
    Removing system_stm32f3xx.o(.revsh_text), (4 bytes).
    Removing system_stm32f3xx.o(.rrx_text), (6 bytes).
    Removing system_stm32f3xx.o(i.SystemCoreClockUpdate), (112 bytes).

454 unused section(s) (total 30568 bytes) removed from the image.

==============================================================================

Image Symbol Table

    Local Symbols

    Symbol Name                              Value     Ov Type        Size  Object(Section)

    ../Drivers/STM32F3xx_HAL_Driver/Src/stm32f3xx_hal.c 0x00000000   Number         0  stm32f3xx_hal.o ABSOLUTE
    ../Drivers/STM32F3xx_HAL_Driver/Src/stm32f3xx_hal_cortex.c 0x00000000   Number         0  stm32f3xx_hal_cortex.o ABSOLUTE
    ../Drivers/STM32F3xx_HAL_Driver/Src/stm32f3xx_hal_dma.c 0x00000000   Number         0  stm32f3xx_hal_dma.o ABSOLUTE
    ../Drivers/STM32F3xx_HAL_Driver/Src/stm32f3xx_hal_flash.c 0x00000000   Number         0  stm32f3xx_hal_flash.o ABSOLUTE
    ../Drivers/STM32F3xx_HAL_Driver/Src/stm32f3xx_hal_flash_ex.c 0x00000000   Number         0  stm32f3xx_hal_flash_ex.o ABSOLUTE
    ../Drivers/STM32F3xx_HAL_Driver/Src/stm32f3xx_hal_gpio.c 0x00000000   Number         0  stm32f3xx_hal_gpio.o ABSOLUTE
    ../Drivers/STM32F3xx_HAL_Driver/Src/stm32f3xx_hal_i2c.c 0x00000000   Number         0  stm32f3xx_hal_i2c.o ABSOLUTE
    ../Drivers/STM32F3xx_HAL_Driver/Src/stm32f3xx_hal_i2c_ex.c 0x00000000   Number         0  stm32f3xx_hal_i2c_ex.o ABSOLUTE
    ../Drivers/STM32F3xx_HAL_Driver/Src/stm32f3xx_hal_pwr.c 0x00000000   Number         0  stm32f3xx_hal_pwr.o ABSOLUTE
    ../Drivers/STM32F3xx_HAL_Driver/Src/stm32f3xx_hal_pwr_ex.c 0x00000000   Number         0  stm32f3xx_hal_pwr_ex.o ABSOLUTE
    ../Drivers/STM32F3xx_HAL_Driver/Src/stm32f3xx_hal_rcc.c 0x00000000   Number         0  stm32f3xx_hal_rcc.o ABSOLUTE
    ../Drivers/STM32F3xx_HAL_Driver/Src/stm32f3xx_hal_rcc_ex.c 0x00000000   Number         0  stm32f3xx_hal_rcc_ex.o ABSOLUTE
    ../Drivers/STM32F3xx_HAL_Driver/Src/stm32f3xx_hal_tim.c 0x00000000   Number         0  stm32f3xx_hal_tim.o ABSOLUTE
    ../Drivers/STM32F3xx_HAL_Driver/Src/stm32f3xx_hal_tim_ex.c 0x00000000   Number         0  stm32f3xx_hal_tim_ex.o ABSOLUTE
    ../Drivers/STM32F3xx_HAL_Driver/Src/stm32f3xx_hal_uart.c 0x00000000   Number         0  stm32f3xx_hal_uart.o ABSOLUTE
    ../Drivers/STM32F3xx_HAL_Driver/Src/stm32f3xx_hal_uart_ex.c 0x00000000   Number         0  stm32f3xx_hal_uart_ex.o ABSOLUTE
    ../Src/main.c                            0x00000000   Number         0  main.o ABSOLUTE
    ../Src/stm32f3xx_hal_msp.c               0x00000000   Number         0  stm32f3xx_hal_msp.o ABSOLUTE
    ../Src/stm32f3xx_it.c                    0x00000000   Number         0  stm32f3xx_it.o ABSOLUTE
    ../Src/system_stm32f3xx.c                0x00000000   Number         0  system_stm32f3xx.o ABSOLUTE
    ../clib/microlib/ctype/ctype.c           0x00000000   Number         0  ctype_c.o ABSOLUTE
    ../clib/microlib/ctype/ctype.c           0x00000000   Number         0  isspace_c.o ABSOLUTE
    ../clib/microlib/init/entry.s            0x00000000   Number         0  entry9b.o ABSOLUTE
    ../clib/microlib/init/entry.s            0x00000000   Number         0  entry7b.o ABSOLUTE
    ../clib/microlib/init/entry.s            0x00000000   Number         0  entry7a.o ABSOLUTE
    ../clib/microlib/init/entry.s            0x00000000   Number         0  entry11a.o ABSOLUTE
    ../clib/microlib/init/entry.s            0x00000000   Number         0  entry5.o ABSOLUTE
    ../clib/microlib/init/entry.s            0x00000000   Number         0  entry.o ABSOLUTE
    ../clib/microlib/init/entry.s            0x00000000   Number         0  entry2.o ABSOLUTE
    ../clib/microlib/init/entry.s            0x00000000   Number         0  entry11b.o ABSOLUTE
    ../clib/microlib/init/entry.s            0x00000000   Number         0  entry10b.o ABSOLUTE
    ../clib/microlib/init/entry.s            0x00000000   Number         0  entry10a.o ABSOLUTE
    ../clib/microlib/init/entry.s            0x00000000   Number         0  entry9a.o ABSOLUTE
    ../clib/microlib/init/entry.s            0x00000000   Number         0  entry8b.o ABSOLUTE
    ../clib/microlib/init/entry.s            0x00000000   Number         0  entry8a.o ABSOLUTE
    ../clib/microlib/longlong.c              0x00000000   Number         0  llshl.o ABSOLUTE
    ../clib/microlib/longlong.c              0x00000000   Number         0  llushr.o ABSOLUTE
    ../clib/microlib/string/memcpy.c         0x00000000   Number         0  memcpya.o ABSOLUTE
    ../clib/microlib/string/memcpy.c         0x00000000   Number         0  memcpyb.o ABSOLUTE
    ../clib/microlib/string/memset.c         0x00000000   Number         0  memseta.o ABSOLUTE
    ../clib/microlib/string/strcmp.c         0x00000000   Number         0  strcmp.o ABSOLUTE
    ../clib/microlib/stubs.s                 0x00000000   Number         0  iusefp.o ABSOLUTE
    ../clib/scanf.c                          0x00000000   Number         0  _sgetc.o ABSOLUTE
    ../clib/scanf.c                          0x00000000   Number         0  scanf_fp.o ABSOLUTE
    ../clib/scanf.c                          0x00000000   Number         0  strtod.o ABSOLUTE
    ../fplib/microlib/d2f.c                  0x00000000   Number         0  d2f.o ABSOLUTE
    ../fplib/microlib/fpdiv.c                0x00000000   Number         0  ddiv.o ABSOLUTE
    ../fplib/microlib/fpepilogue.c           0x00000000   Number         0  depilogue.o ABSOLUTE
    ../fplib/microlib/fpepilogue.c           0x00000000   Number         0  fepilogue.o ABSOLUTE
    ../fplib/microlib/fpfix.c                0x00000000   Number         0  dfixui.o ABSOLUTE
    ../fplib/microlib/fpflt.c                0x00000000   Number         0  dfltul.o ABSOLUTE
    ../fplib/microlib/fpmul.c                0x00000000   Number         0  dmul.o ABSOLUTE
    ../mathlib/strtod.c                      0x00000000   Number         0  strtod.o ABSOLUTE
    ..\Drivers\STM32F3xx_HAL_Driver\Src\stm32f3xx_hal.c 0x00000000   Number         0  stm32f3xx_hal.o ABSOLUTE
    ..\Drivers\STM32F3xx_HAL_Driver\Src\stm32f3xx_hal_cortex.c 0x00000000   Number         0  stm32f3xx_hal_cortex.o ABSOLUTE
    ..\Drivers\STM32F3xx_HAL_Driver\Src\stm32f3xx_hal_dma.c 0x00000000   Number         0  stm32f3xx_hal_dma.o ABSOLUTE
    ..\Drivers\STM32F3xx_HAL_Driver\Src\stm32f3xx_hal_flash.c 0x00000000   Number         0  stm32f3xx_hal_flash.o ABSOLUTE
    ..\Drivers\STM32F3xx_HAL_Driver\Src\stm32f3xx_hal_flash_ex.c 0x00000000   Number         0  stm32f3xx_hal_flash_ex.o ABSOLUTE
    ..\Drivers\STM32F3xx_HAL_Driver\Src\stm32f3xx_hal_gpio.c 0x00000000   Number         0  stm32f3xx_hal_gpio.o ABSOLUTE
    ..\Drivers\STM32F3xx_HAL_Driver\Src\stm32f3xx_hal_i2c.c 0x00000000   Number         0  stm32f3xx_hal_i2c.o ABSOLUTE
    ..\Drivers\STM32F3xx_HAL_Driver\Src\stm32f3xx_hal_i2c_ex.c 0x00000000   Number         0  stm32f3xx_hal_i2c_ex.o ABSOLUTE
    ..\Drivers\STM32F3xx_HAL_Driver\Src\stm32f3xx_hal_pwr.c 0x00000000   Number         0  stm32f3xx_hal_pwr.o ABSOLUTE
    ..\Drivers\STM32F3xx_HAL_Driver\Src\stm32f3xx_hal_pwr_ex.c 0x00000000   Number         0  stm32f3xx_hal_pwr_ex.o ABSOLUTE
    ..\Drivers\STM32F3xx_HAL_Driver\Src\stm32f3xx_hal_rcc.c 0x00000000   Number         0  stm32f3xx_hal_rcc.o ABSOLUTE
    ..\Drivers\STM32F3xx_HAL_Driver\Src\stm32f3xx_hal_rcc_ex.c 0x00000000   Number         0  stm32f3xx_hal_rcc_ex.o ABSOLUTE
    ..\Drivers\STM32F3xx_HAL_Driver\Src\stm32f3xx_hal_tim.c 0x00000000   Number         0  stm32f3xx_hal_tim.o ABSOLUTE
    ..\Drivers\STM32F3xx_HAL_Driver\Src\stm32f3xx_hal_tim_ex.c 0x00000000   Number         0  stm32f3xx_hal_tim_ex.o ABSOLUTE
    ..\Drivers\STM32F3xx_HAL_Driver\Src\stm32f3xx_hal_uart.c 0x00000000   Number         0  stm32f3xx_hal_uart.o ABSOLUTE
    ..\Drivers\STM32F3xx_HAL_Driver\Src\stm32f3xx_hal_uart_ex.c 0x00000000   Number         0  stm32f3xx_hal_uart_ex.o ABSOLUTE
    ..\Src\main.c                            0x00000000   Number         0  main.o ABSOLUTE
    ..\Src\stm32f3xx_hal_msp.c               0x00000000   Number         0  stm32f3xx_hal_msp.o ABSOLUTE
    ..\Src\stm32f3xx_it.c                    0x00000000   Number         0  stm32f3xx_it.o ABSOLUTE
    ..\Src\system_stm32f3xx.c                0x00000000   Number         0  system_stm32f3xx.o ABSOLUTE
    dc.s                                     0x00000000   Number         0  dc.o ABSOLUTE
    handlers.s                               0x00000000   Number         0  handlers.o ABSOLUTE
    init.s                                   0x00000000   Number         0  init.o ABSOLUTE
    startup_stm32f303xc.s                    0x00000000   Number         0  startup_stm32f303xc.o ABSOLUTE
    RESET                                    0x08000000   Section      392  startup_stm32f303xc.o(RESET)
    .ARM.Collect$$$$00000000                 0x08000188   Section        0  entry.o(.ARM.Collect$$$$00000000)
    .ARM.Collect$$$$00000001                 0x08000188   Section        4  entry2.o(.ARM.Collect$$$$00000001)
    .ARM.Collect$$$$00000004                 0x0800018c   Section        4  entry5.o(.ARM.Collect$$$$00000004)
    .ARM.Collect$$$$00000008                 0x08000190   Section        0  entry7b.o(.ARM.Collect$$$$00000008)
    .ARM.Collect$$$$0000000A                 0x08000190   Section        0  entry8b.o(.ARM.Collect$$$$0000000A)
    .ARM.Collect$$$$0000000B                 0x08000190   Section        8  entry9a.o(.ARM.Collect$$$$0000000B)
    .ARM.Collect$$$$0000000D                 0x08000198   Section        0  entry10a.o(.ARM.Collect$$$$0000000D)
    .ARM.Collect$$$$0000000F                 0x08000198   Section        0  entry11a.o(.ARM.Collect$$$$0000000F)
    .ARM.Collect$$$$00002712                 0x08000198   Section        4  entry2.o(.ARM.Collect$$$$00002712)
    __lit__00000000                          0x08000198   Data           4  entry2.o(.ARM.Collect$$$$00002712)
    .text                                    0x0800019c   Section       36  startup_stm32f303xc.o(.text)
    $v0                                      0x0800019c   Number         0  startup_stm32f303xc.o(.text)
    .text                                    0x080001c0   Section        0  llushr.o(.text)
    .text                                    0x080001e0   Section        0  memseta.o(.text)
    .text                                    0x08000204   Section        0  strcmp.o(.text)
    .text                                    0x08000220   Section        0  dmul.o(.text)
    .text                                    0x08000304   Section        0  dfixui.o(.text)
    .text                                    0x08000338   Section        0  strtod.o(.text)
    _local_sscanf                            0x08000339   Thumb Code    54  strtod.o(.text)
    .text                                    0x080003d4   Section        0  iusefp.o(.text)
    .text                                    0x080003d4   Section        0  depilogue.o(.text)
    .text                                    0x08000490   Section       36  init.o(.text)
    .text                                    0x080004b4   Section        0  llshl.o(.text)
    .text                                    0x080004d2   Section        0  isspace_c.o(.text)
    .text                                    0x080004dc   Section        0  scanf_fp.o(.text)
    _fp_value                                0x080004dd   Thumb Code   296  scanf_fp.o(.text)
    .text                                    0x0800083c   Section        0  _sgetc.o(.text)
    .text                                    0x0800087c   Section        0  ctype_c.o(.text)
    .text                                    0x080008a4   Section        0  ddiv.o(.text)
    .text                                    0x08000982   Section        0  dfltul.o(.text)
    .text                                    0x0800099a   Section        0  d2f.o(.text)
    .text                                    0x080009d2   Section        0  fepilogue.o(.text)
    i.BusFault_Handler                       0x08000a40   Section        0  stm32f3xx_it.o(i.BusFault_Handler)
    i.DebugMon_Handler                       0x08000a42   Section        0  stm32f3xx_it.o(i.DebugMon_Handler)
    i.HAL_GPIO_Init                          0x08000a44   Section        0  stm32f3xx_hal_gpio.o(i.HAL_GPIO_Init)
    i.HAL_GPIO_WritePin                      0x08000bcc   Section        0  stm32f3xx_hal_gpio.o(i.HAL_GPIO_WritePin)
    i.HAL_GetTick                            0x08000bd8   Section        0  stm32f3xx_hal.o(i.HAL_GetTick)
    i.HAL_IncTick                            0x08000be4   Section        0  stm32f3xx_hal.o(i.HAL_IncTick)
    i.HAL_Init                               0x08000bf4   Section        0  stm32f3xx_hal.o(i.HAL_Init)
    i.HAL_InitTick                           0x08000c18   Section        0  stm32f3xx_hal.o(i.HAL_InitTick)
    i.HAL_MspInit                            0x08000c58   Section        0  stm32f3xx_hal_msp.o(i.HAL_MspInit)
    i.HAL_NVIC_SetPriority                   0x08000c88   Section        0  stm32f3xx_hal_cortex.o(i.HAL_NVIC_SetPriority)
    i.HAL_NVIC_SetPriorityGrouping           0x08000cc8   Section        0  stm32f3xx_hal_cortex.o(i.HAL_NVIC_SetPriorityGrouping)
    i.HAL_RCCEx_PeriphCLKConfig              0x08000cec   Section        0  stm32f3xx_hal_rcc_ex.o(i.HAL_RCCEx_PeriphCLKConfig)
    i.HAL_RCC_ClockConfig                    0x08000f04   Section        0  stm32f3xx_hal_rcc.o(i.HAL_RCC_ClockConfig)
    i.HAL_RCC_GetPCLK1Freq                   0x08001048   Section        0  stm32f3xx_hal_rcc.o(i.HAL_RCC_GetPCLK1Freq)
    i.HAL_RCC_GetPCLK2Freq                   0x08001078   Section        0  stm32f3xx_hal_rcc.o(i.HAL_RCC_GetPCLK2Freq)
    i.HAL_RCC_GetSysClockFreq                0x080010a8   Section        0  stm32f3xx_hal_rcc.o(i.HAL_RCC_GetSysClockFreq)
    i.HAL_RCC_OscConfig                      0x0800110c   Section        0  stm32f3xx_hal_rcc.o(i.HAL_RCC_OscConfig)
    i.HAL_SYSTICK_Config                     0x0800169c   Section        0  stm32f3xx_hal_cortex.o(i.HAL_SYSTICK_Config)
    i.HAL_TIMEx_MasterConfigSynchronization  0x080016c4   Section        0  stm32f3xx_hal_tim_ex.o(i.HAL_TIMEx_MasterConfigSynchronization)
    i.HAL_TIM_MspPostInit                    0x0800171c   Section        0  stm32f3xx_hal_msp.o(i.HAL_TIM_MspPostInit)
    i.HAL_TIM_PWM_ConfigChannel              0x08001768   Section        0  stm32f3xx_hal_tim_ex.o(i.HAL_TIM_PWM_ConfigChannel)
    i.HAL_TIM_PWM_Init                       0x08001890   Section        0  stm32f3xx_hal_tim.o(i.HAL_TIM_PWM_Init)
    i.HAL_TIM_PWM_MspInit                    0x080018c8   Section        0  stm32f3xx_hal_msp.o(i.HAL_TIM_PWM_MspInit)
    i.HAL_TIM_PWM_Start                      0x080018ec   Section        0  stm32f3xx_hal_tim.o(i.HAL_TIM_PWM_Start)
    i.HAL_UART_Init                          0x08001944   Section        0  stm32f3xx_hal_uart.o(i.HAL_UART_Init)
    i.HAL_UART_MspInit                       0x080019b0   Section        0  stm32f3xx_hal_msp.o(i.HAL_UART_MspInit)
    i.HAL_UART_Receive                       0x08001a18   Section        0  stm32f3xx_hal_uart.o(i.HAL_UART_Receive)
    i.HAL_UART_Transmit                      0x08001aea   Section        0  stm32f3xx_hal_uart.o(i.HAL_UART_Transmit)
    i.HardFault_Handler                      0x08001b9e   Section        0  stm32f3xx_it.o(i.HardFault_Handler)
    i.MX_GPIO_Init                           0x08001ba0   Section        0  main.o(i.MX_GPIO_Init)
    MX_GPIO_Init                             0x08001ba1   Thumb Code   260  main.o(i.MX_GPIO_Init)
    i.MX_TIM2_Init                           0x08001cb4   Section        0  main.o(i.MX_TIM2_Init)
    MX_TIM2_Init                             0x08001cb5   Thumb Code   114  main.o(i.MX_TIM2_Init)
    i.MX_USART3_UART_Init                    0x08001d2c   Section        0  main.o(i.MX_USART3_UART_Init)
    MX_USART3_UART_Init                      0x08001d2d   Thumb Code    36  main.o(i.MX_USART3_UART_Init)
    i.MemManage_Handler                      0x08001d58   Section        0  stm32f3xx_it.o(i.MemManage_Handler)
    i.NMI_Handler                            0x08001d5a   Section        0  stm32f3xx_it.o(i.NMI_Handler)
    i.NVIC_SetPriority                       0x08001d5c   Section        0  stm32f3xx_hal_cortex.o(i.NVIC_SetPriority)
    NVIC_SetPriority                         0x08001d5d   Thumb Code    32  stm32f3xx_hal_cortex.o(i.NVIC_SetPriority)
    i.PendSV_Handler                         0x08001d7c   Section        0  stm32f3xx_it.o(i.PendSV_Handler)
    i.SVC_Handler                            0x08001d7e   Section        0  stm32f3xx_it.o(i.SVC_Handler)
    i.SysTick_Handler                        0x08001d80   Section        0  stm32f3xx_it.o(i.SysTick_Handler)
    i.SystemClock_Config                     0x08001d84   Section        0  main.o(i.SystemClock_Config)
    i.SystemInit                             0x08001de8   Section        0  system_stm32f3xx.o(i.SystemInit)
    i.TIM_Base_SetConfig                     0x08001e50   Section        0  stm32f3xx_hal_tim.o(i.TIM_Base_SetConfig)
    i.TIM_CCxChannelCmd                      0x08001f00   Section        0  stm32f3xx_hal_tim.o(i.TIM_CCxChannelCmd)
    i.TIM_OC1_SetConfig                      0x08001f18   Section        0  stm32f3xx_hal_tim.o(i.TIM_OC1_SetConfig)
    i.TIM_OC2_SetConfig                      0x08001fb4   Section        0  stm32f3xx_hal_tim.o(i.TIM_OC2_SetConfig)
    i.TIM_OC3_SetConfig                      0x08002044   Section        0  stm32f3xx_hal_tim.o(i.TIM_OC3_SetConfig)
    i.TIM_OC4_SetConfig                      0x080020d4   Section        0  stm32f3xx_hal_tim.o(i.TIM_OC4_SetConfig)
    i.TIM_OC5_SetConfig                      0x08002148   Section        0  stm32f3xx_hal_tim_ex.o(i.TIM_OC5_SetConfig)
    TIM_OC5_SetConfig                        0x08002149   Thumb Code    86  stm32f3xx_hal_tim_ex.o(i.TIM_OC5_SetConfig)
    i.TIM_OC6_SetConfig                      0x080021b8   Section        0  stm32f3xx_hal_tim_ex.o(i.TIM_OC6_SetConfig)
    TIM_OC6_SetConfig                        0x080021b9   Thumb Code    88  stm32f3xx_hal_tim_ex.o(i.TIM_OC6_SetConfig)
    i.UART_AdvFeatureConfig                  0x08002228   Section        0  stm32f3xx_hal_uart.o(i.UART_AdvFeatureConfig)
    i.UART_CheckIdleState                    0x080022f0   Section        0  stm32f3xx_hal_uart.o(i.UART_CheckIdleState)
    i.UART_SetConfig                         0x0800234c   Section        0  stm32f3xx_hal_uart.o(i.UART_SetConfig)
    i.UART_WaitOnFlagUntilTimeout            0x08002520   Section        0  stm32f3xx_hal_uart.o(i.UART_WaitOnFlagUntilTimeout)
    i.UsageFault_Handler                     0x08002584   Section        0  stm32f3xx_it.o(i.UsageFault_Handler)
    i.__hardfp_strtod                        0x08002588   Section        0  strtod.o(i.__hardfp_strtod)
    i.__scatterload_copy                     0x080025b0   Section       14  handlers.o(i.__scatterload_copy)
    i.__scatterload_null                     0x080025be   Section        2  handlers.o(i.__scatterload_null)
    i.__scatterload_zeroinit                 0x080025c0   Section       14  handlers.o(i.__scatterload_zeroinit)
    i._is_digit                              0x080025ce   Section        0  scanf_fp.o(i._is_digit)
    i.ledB                                   0x080025dc   Section        0  main.o(i.ledB)
    i.ledG                                   0x08002600   Section        0  main.o(i.ledG)
    i.ledR                                   0x08002624   Section        0  main.o(i.ledR)
    i.main                                   0x08002648   Section        0  main.o(i.main)
    .constdata                               0x08002828   Section       32  stm32f3xx_hal_rcc.o(.constdata)
    .constdata                               0x08002848   Section       16  system_stm32f3xx.o(.constdata)
    .constdata                               0x08002858   Section        8  system_stm32f3xx.o(.constdata)
    .constdata                               0x08002860   Section       64  ctype_c.o(.constdata)
    .data                                    0x20000000   Section       10  main.o(.data)
    .data                                    0x2000000c   Section       12  stm32f3xx_hal.o(.data)
    .data                                    0x20000018   Section        4  system_stm32f3xx.o(.data)
    .bss                                     0x2000001c   Section      254  main.o(.bss)
    STACK                                    0x20000120   Section     1024  startup_stm32f303xc.o(STACK)

    Global Symbols

    Symbol Name                              Value     Ov Type        Size  Object(Section)

    BuildAttributes$$THM_ISAv4$E$P$D$K$B$S$7EM$VFPi3$EXTD16$VFPS$VFMA$PE$A:L22UL41UL21$X:L11$S22US41US21$IEEE1$IW$USESV6$~STKCKD$USESV7$~SHL$OTIME$ROPI$IEEEJ$EBA8$MICROLIB$REQ8$PRES8$EABIv2 0x00000000   Number         0  anon$$obj.o ABSOLUTE
    __ARM_use_no_argv                        0x00000000   Number         0  main.o ABSOLUTE
    __cpp_initialize__aeabi_                  - Undefined Weak Reference
    __cxa_finalize                            - Undefined Weak Reference
    __decompress                              - Undefined Weak Reference
    _clock_init                               - Undefined Weak Reference
    _microlib_exit                            - Undefined Weak Reference
    __Vectors_Size                           0x00000188   Number         0  startup_stm32f303xc.o ABSOLUTE
    __Vectors                                0x08000000   Data           4  startup_stm32f303xc.o(RESET)
    __Vectors_End                            0x08000188   Data           0  startup_stm32f303xc.o(RESET)
    __main                                   0x08000189   Thumb Code     0  entry.o(.ARM.Collect$$$$00000000)
    _main_stk                                0x08000189   Thumb Code     0  entry2.o(.ARM.Collect$$$$00000001)
    _main_scatterload                        0x0800018d   Thumb Code     0  entry5.o(.ARM.Collect$$$$00000004)
    __main_after_scatterload                 0x08000191   Thumb Code     0  entry5.o(.ARM.Collect$$$$00000004)
    _main_clock                              0x08000191   Thumb Code     0  entry7b.o(.ARM.Collect$$$$00000008)
    _main_cpp_init                           0x08000191   Thumb Code     0  entry8b.o(.ARM.Collect$$$$0000000A)
    _main_init                               0x08000191   Thumb Code     0  entry9a.o(.ARM.Collect$$$$0000000B)
    __rt_final_cpp                           0x08000199   Thumb Code     0  entry10a.o(.ARM.Collect$$$$0000000D)
    __rt_final_exit                          0x08000199   Thumb Code     0  entry11a.o(.ARM.Collect$$$$0000000F)
    Reset_Handler                            0x0800019d   Thumb Code     8  startup_stm32f303xc.o(.text)
    ADC1_2_IRQHandler                        0x080001b7   Thumb Code     0  startup_stm32f303xc.o(.text)
    ADC3_IRQHandler                          0x080001b7   Thumb Code     0  startup_stm32f303xc.o(.text)
    ADC4_IRQHandler                          0x080001b7   Thumb Code     0  startup_stm32f303xc.o(.text)
    CAN_RX1_IRQHandler                       0x080001b7   Thumb Code     0  startup_stm32f303xc.o(.text)
    CAN_SCE_IRQHandler                       0x080001b7   Thumb Code     0  startup_stm32f303xc.o(.text)
    COMP1_2_3_IRQHandler                     0x080001b7   Thumb Code     0  startup_stm32f303xc.o(.text)
    COMP4_5_6_IRQHandler                     0x080001b7   Thumb Code     0  startup_stm32f303xc.o(.text)
    COMP7_IRQHandler                         0x080001b7   Thumb Code     0  startup_stm32f303xc.o(.text)
    DMA1_Channel1_IRQHandler                 0x080001b7   Thumb Code     0  startup_stm32f303xc.o(.text)
    DMA1_Channel2_IRQHandler                 0x080001b7   Thumb Code     0  startup_stm32f303xc.o(.text)
    DMA1_Channel3_IRQHandler                 0x080001b7   Thumb Code     0  startup_stm32f303xc.o(.text)
    DMA1_Channel4_IRQHandler                 0x080001b7   Thumb Code     0  startup_stm32f303xc.o(.text)
    DMA1_Channel5_IRQHandler                 0x080001b7   Thumb Code     0  startup_stm32f303xc.o(.text)
    DMA1_Channel6_IRQHandler                 0x080001b7   Thumb Code     0  startup_stm32f303xc.o(.text)
    DMA1_Channel7_IRQHandler                 0x080001b7   Thumb Code     0  startup_stm32f303xc.o(.text)
    DMA2_Channel1_IRQHandler                 0x080001b7   Thumb Code     0  startup_stm32f303xc.o(.text)
    DMA2_Channel2_IRQHandler                 0x080001b7   Thumb Code     0  startup_stm32f303xc.o(.text)
    DMA2_Channel3_IRQHandler                 0x080001b7   Thumb Code     0  startup_stm32f303xc.o(.text)
    DMA2_Channel4_IRQHandler                 0x080001b7   Thumb Code     0  startup_stm32f303xc.o(.text)
    DMA2_Channel5_IRQHandler                 0x080001b7   Thumb Code     0  startup_stm32f303xc.o(.text)
    EXTI0_IRQHandler                         0x080001b7   Thumb Code     0  startup_stm32f303xc.o(.text)
    EXTI15_10_IRQHandler                     0x080001b7   Thumb Code     0  startup_stm32f303xc.o(.text)
    EXTI1_IRQHandler                         0x080001b7   Thumb Code     0  startup_stm32f303xc.o(.text)
    EXTI2_TSC_IRQHandler                     0x080001b7   Thumb Code     0  startup_stm32f303xc.o(.text)
    EXTI3_IRQHandler                         0x080001b7   Thumb Code     0  startup_stm32f303xc.o(.text)
    EXTI4_IRQHandler                         0x080001b7   Thumb Code     0  startup_stm32f303xc.o(.text)
    EXTI9_5_IRQHandler                       0x080001b7   Thumb Code     0  startup_stm32f303xc.o(.text)
    FLASH_IRQHandler                         0x080001b7   Thumb Code     0  startup_stm32f303xc.o(.text)
    FPU_IRQHandler                           0x080001b7   Thumb Code     0  startup_stm32f303xc.o(.text)
    I2C1_ER_IRQHandler                       0x080001b7   Thumb Code     0  startup_stm32f303xc.o(.text)
    I2C1_EV_IRQHandler                       0x080001b7   Thumb Code     0  startup_stm32f303xc.o(.text)
    I2C2_ER_IRQHandler                       0x080001b7   Thumb Code     0  startup_stm32f303xc.o(.text)
    I2C2_EV_IRQHandler                       0x080001b7   Thumb Code     0  startup_stm32f303xc.o(.text)
    PVD_IRQHandler                           0x080001b7   Thumb Code     0  startup_stm32f303xc.o(.text)
    RCC_IRQHandler                           0x080001b7   Thumb Code     0  startup_stm32f303xc.o(.text)
    RTC_Alarm_IRQHandler                     0x080001b7   Thumb Code     0  startup_stm32f303xc.o(.text)
    RTC_WKUP_IRQHandler                      0x080001b7   Thumb Code     0  startup_stm32f303xc.o(.text)
    SPI1_IRQHandler                          0x080001b7   Thumb Code     0  startup_stm32f303xc.o(.text)
    SPI2_IRQHandler                          0x080001b7   Thumb Code     0  startup_stm32f303xc.o(.text)
    SPI3_IRQHandler                          0x080001b7   Thumb Code     0  startup_stm32f303xc.o(.text)
    TAMP_STAMP_IRQHandler                    0x080001b7   Thumb Code     0  startup_stm32f303xc.o(.text)
    TIM1_BRK_TIM15_IRQHandler                0x080001b7   Thumb Code     0  startup_stm32f303xc.o(.text)
    TIM1_CC_IRQHandler                       0x080001b7   Thumb Code     0  startup_stm32f303xc.o(.text)
    TIM1_TRG_COM_TIM17_IRQHandler            0x080001b7   Thumb Code     0  startup_stm32f303xc.o(.text)
    TIM1_UP_TIM16_IRQHandler                 0x080001b7   Thumb Code     0  startup_stm32f303xc.o(.text)
    TIM2_IRQHandler                          0x080001b7   Thumb Code     0  startup_stm32f303xc.o(.text)
    TIM3_IRQHandler                          0x080001b7   Thumb Code     0  startup_stm32f303xc.o(.text)
    TIM4_IRQHandler                          0x080001b7   Thumb Code     0  startup_stm32f303xc.o(.text)
    TIM6_DAC_IRQHandler                      0x080001b7   Thumb Code     0  startup_stm32f303xc.o(.text)
    TIM7_IRQHandler                          0x080001b7   Thumb Code     0  startup_stm32f303xc.o(.text)
    TIM8_BRK_IRQHandler                      0x080001b7   Thumb Code     0  startup_stm32f303xc.o(.text)
    TIM8_CC_IRQHandler                       0x080001b7   Thumb Code     0  startup_stm32f303xc.o(.text)
    TIM8_TRG_COM_IRQHandler                  0x080001b7   Thumb Code     0  startup_stm32f303xc.o(.text)
    TIM8_UP_IRQHandler                       0x080001b7   Thumb Code     0  startup_stm32f303xc.o(.text)
    UART4_IRQHandler                         0x080001b7   Thumb Code     0  startup_stm32f303xc.o(.text)
    UART5_IRQHandler                         0x080001b7   Thumb Code     0  startup_stm32f303xc.o(.text)
    USART1_IRQHandler                        0x080001b7   Thumb Code     0  startup_stm32f303xc.o(.text)
    USART2_IRQHandler                        0x080001b7   Thumb Code     0  startup_stm32f303xc.o(.text)
    USART3_IRQHandler                        0x080001b7   Thumb Code     0  startup_stm32f303xc.o(.text)
    USBWakeUp_IRQHandler                     0x080001b7   Thumb Code     0  startup_stm32f303xc.o(.text)
    USBWakeUp_RMP_IRQHandler                 0x080001b7   Thumb Code     0  startup_stm32f303xc.o(.text)
    USB_HP_CAN_TX_IRQHandler                 0x080001b7   Thumb Code     0  startup_stm32f303xc.o(.text)
    USB_HP_IRQHandler                        0x080001b7   Thumb Code     0  startup_stm32f303xc.o(.text)
    USB_LP_CAN_RX0_IRQHandler                0x080001b7   Thumb Code     0  startup_stm32f303xc.o(.text)
    USB_LP_IRQHandler                        0x080001b7   Thumb Code     0  startup_stm32f303xc.o(.text)
    WWDG_IRQHandler                          0x080001b7   Thumb Code     0  startup_stm32f303xc.o(.text)
    __aeabi_llsr                             0x080001c1   Thumb Code    32  llushr.o(.text)
    _ll_ushift_r                             0x080001c1   Thumb Code     0  llushr.o(.text)
    __aeabi_memset                           0x080001e1   Thumb Code    14  memseta.o(.text)
    __aeabi_memset4                          0x080001e1   Thumb Code     0  memseta.o(.text)
    __aeabi_memset8                          0x080001e1   Thumb Code     0  memseta.o(.text)
    __aeabi_memclr                           0x080001ef   Thumb Code     4  memseta.o(.text)
    __aeabi_memclr4                          0x080001ef   Thumb Code     0  memseta.o(.text)
    __aeabi_memclr8                          0x080001ef   Thumb Code     0  memseta.o(.text)
    _memset$wrapper                          0x080001f3   Thumb Code    18  memseta.o(.text)
    strcmp                                   0x08000205   Thumb Code    28  strcmp.o(.text)
    __aeabi_dmul                             0x08000221   Thumb Code   228  dmul.o(.text)
    __aeabi_d2uiz                            0x08000305   Thumb Code    50  dfixui.o(.text)
    __strtod_int                             0x0800036f   Thumb Code    90  strtod.o(.text)
    __I$use$fp                               0x080003d5   Thumb Code     0  iusefp.o(.text)
    _double_round                            0x080003d5   Thumb Code    30  depilogue.o(.text)
    _double_epilogue                         0x080003f3   Thumb Code   156  depilogue.o(.text)
    __scatterload                            0x08000491   Thumb Code    28  init.o(.text)
    __scatterload_rt2                        0x08000491   Thumb Code     0  init.o(.text)
    __aeabi_llsl                             0x080004b5   Thumb Code    30  llshl.o(.text)
    _ll_shift_l                              0x080004b5   Thumb Code     0  llshl.o(.text)
    isspace                                  0x080004d3   Thumb Code    10  isspace_c.o(.text)
    _scanf_real                              0x08000605   Thumb Code     0  scanf_fp.o(.text)
    _scanf_really_real                       0x08000605   Thumb Code   556  scanf_fp.o(.text)
    _sgetc                                   0x0800083d   Thumb Code    30  _sgetc.o(.text)
    _sbackspace                              0x0800085b   Thumb Code    34  _sgetc.o(.text)
    __ctype_lookup                           0x0800087d   Thumb Code    34  ctype_c.o(.text)
    __aeabi_ddiv                             0x080008a5   Thumb Code   222  ddiv.o(.text)
    __aeabi_ul2d                             0x08000983   Thumb Code    24  dfltul.o(.text)
    __aeabi_d2f                              0x0800099b   Thumb Code    56  d2f.o(.text)
    _float_round                             0x080009d3   Thumb Code    18  fepilogue.o(.text)
    _float_epilogue                          0x080009e5   Thumb Code    92  fepilogue.o(.text)
    BusFault_Handler                         0x08000a41   Thumb Code     2  stm32f3xx_it.o(i.BusFault_Handler)
    DebugMon_Handler                         0x08000a43   Thumb Code     2  stm32f3xx_it.o(i.DebugMon_Handler)
    HAL_GPIO_Init                            0x08000a45   Thumb Code   364  stm32f3xx_hal_gpio.o(i.HAL_GPIO_Init)
    HAL_GPIO_WritePin                        0x08000bcd   Thumb Code    10  stm32f3xx_hal_gpio.o(i.HAL_GPIO_WritePin)
    HAL_GetTick                              0x08000bd9   Thumb Code     6  stm32f3xx_hal.o(i.HAL_GetTick)
    HAL_IncTick                              0x08000be5   Thumb Code    12  stm32f3xx_hal.o(i.HAL_IncTick)
    HAL_Init                                 0x08000bf5   Thumb Code    32  stm32f3xx_hal.o(i.HAL_Init)
    HAL_InitTick                             0x08000c19   Thumb Code    54  stm32f3xx_hal.o(i.HAL_InitTick)
    HAL_MspInit                              0x08000c59   Thumb Code    44  stm32f3xx_hal_msp.o(i.HAL_MspInit)
    HAL_NVIC_SetPriority                     0x08000c89   Thumb Code    60  stm32f3xx_hal_cortex.o(i.HAL_NVIC_SetPriority)
    HAL_NVIC_SetPriorityGrouping             0x08000cc9   Thumb Code    26  stm32f3xx_hal_cortex.o(i.HAL_NVIC_SetPriorityGrouping)
    HAL_RCCEx_PeriphCLKConfig                0x08000ced   Thumb Code   522  stm32f3xx_hal_rcc_ex.o(i.HAL_RCCEx_PeriphCLKConfig)
    HAL_RCC_ClockConfig                      0x08000f05   Thumb Code   306  stm32f3xx_hal_rcc.o(i.HAL_RCC_ClockConfig)
    HAL_RCC_GetPCLK1Freq                     0x08001049   Thumb Code    34  stm32f3xx_hal_rcc.o(i.HAL_RCC_GetPCLK1Freq)
    HAL_RCC_GetPCLK2Freq                     0x08001079   Thumb Code    34  stm32f3xx_hal_rcc.o(i.HAL_RCC_GetPCLK2Freq)
    HAL_RCC_GetSysClockFreq                  0x080010a9   Thumb Code    84  stm32f3xx_hal_rcc.o(i.HAL_RCC_GetSysClockFreq)
    HAL_RCC_OscConfig                        0x0800110d   Thumb Code  1424  stm32f3xx_hal_rcc.o(i.HAL_RCC_OscConfig)
    HAL_SYSTICK_Config                       0x0800169d   Thumb Code    40  stm32f3xx_hal_cortex.o(i.HAL_SYSTICK_Config)
    HAL_TIMEx_MasterConfigSynchronization    0x080016c5   Thumb Code    78  stm32f3xx_hal_tim_ex.o(i.HAL_TIMEx_MasterConfigSynchronization)
    HAL_TIM_MspPostInit                      0x0800171d   Thumb Code    68  stm32f3xx_hal_msp.o(i.HAL_TIM_MspPostInit)
    HAL_TIM_PWM_ConfigChannel                0x08001769   Thumb Code   296  stm32f3xx_hal_tim_ex.o(i.HAL_TIM_PWM_ConfigChannel)
    HAL_TIM_PWM_Init                         0x08001891   Thumb Code    54  stm32f3xx_hal_tim.o(i.HAL_TIM_PWM_Init)
    HAL_TIM_PWM_MspInit                      0x080018c9   Thumb Code    30  stm32f3xx_hal_msp.o(i.HAL_TIM_PWM_MspInit)
    HAL_TIM_PWM_Start                        0x080018ed   Thumb Code    66  stm32f3xx_hal_tim.o(i.HAL_TIM_PWM_Start)
    HAL_UART_Init                            0x08001945   Thumb Code   106  stm32f3xx_hal_uart.o(i.HAL_UART_Init)
    HAL_UART_MspInit                         0x080019b1   Thumb Code    90  stm32f3xx_hal_msp.o(i.HAL_UART_MspInit)
    HAL_UART_Receive                         0x08001a19   Thumb Code   210  stm32f3xx_hal_uart.o(i.HAL_UART_Receive)
    HAL_UART_Transmit                        0x08001aeb   Thumb Code   180  stm32f3xx_hal_uart.o(i.HAL_UART_Transmit)
    HardFault_Handler                        0x08001b9f   Thumb Code     2  stm32f3xx_it.o(i.HardFault_Handler)
    MemManage_Handler                        0x08001d59   Thumb Code     2  stm32f3xx_it.o(i.MemManage_Handler)
    NMI_Handler                              0x08001d5b   Thumb Code     2  stm32f3xx_it.o(i.NMI_Handler)
    PendSV_Handler                           0x08001d7d   Thumb Code     2  stm32f3xx_it.o(i.PendSV_Handler)
    SVC_Handler                              0x08001d7f   Thumb Code     2  stm32f3xx_it.o(i.SVC_Handler)
    SysTick_Handler                          0x08001d81   Thumb Code     4  stm32f3xx_it.o(i.SysTick_Handler)
    SystemClock_Config                       0x08001d85   Thumb Code   100  main.o(i.SystemClock_Config)
    SystemInit                               0x08001de9   Thumb Code    82  system_stm32f3xx.o(i.SystemInit)
    TIM_Base_SetConfig                       0x08001e51   Thumb Code   146  stm32f3xx_hal_tim.o(i.TIM_Base_SetConfig)
    TIM_CCxChannelCmd                        0x08001f01   Thumb Code    22  stm32f3xx_hal_tim.o(i.TIM_CCxChannelCmd)
    TIM_OC1_SetConfig                        0x08001f19   Thumb Code   132  stm32f3xx_hal_tim.o(i.TIM_OC1_SetConfig)
    TIM_OC2_SetConfig                        0x08001fb5   Thumb Code   120  stm32f3xx_hal_tim.o(i.TIM_OC2_SetConfig)
    TIM_OC3_SetConfig                        0x08002045   Thumb Code   118  stm32f3xx_hal_tim.o(i.TIM_OC3_SetConfig)
    TIM_OC4_SetConfig                        0x080020d5   Thumb Code    92  stm32f3xx_hal_tim.o(i.TIM_OC4_SetConfig)
    UART_AdvFeatureConfig                    0x08002229   Thumb Code   200  stm32f3xx_hal_uart.o(i.UART_AdvFeatureConfig)
    UART_CheckIdleState                      0x080022f1   Thumb Code    92  stm32f3xx_hal_uart.o(i.UART_CheckIdleState)
    UART_SetConfig                           0x0800234d   Thumb Code   434  stm32f3xx_hal_uart.o(i.UART_SetConfig)
    UART_WaitOnFlagUntilTimeout              0x08002521   Thumb Code   100  stm32f3xx_hal_uart.o(i.UART_WaitOnFlagUntilTimeout)
    UsageFault_Handler                       0x08002585   Thumb Code     2  stm32f3xx_it.o(i.UsageFault_Handler)
    __hardfp_strtod                          0x08002589   Thumb Code    30  strtod.o(i.__hardfp_strtod)
    __scatterload_copy                       0x080025b1   Thumb Code    14  handlers.o(i.__scatterload_copy)
    __scatterload_null                       0x080025bf   Thumb Code     2  handlers.o(i.__scatterload_null)
    __scatterload_zeroinit                   0x080025c1   Thumb Code    14  handlers.o(i.__scatterload_zeroinit)
    _is_digit                                0x080025cf   Thumb Code    14  scanf_fp.o(i._is_digit)
    ledB                                     0x080025dd   Thumb Code    30  main.o(i.ledB)
    ledG                                     0x08002601   Thumb Code    30  main.o(i.ledG)
    ledR                                     0x08002625   Thumb Code    30  main.o(i.ledR)
    main                                     0x08002649   Thumb Code   420  main.o(i.main)
    aPLLMULFactorTable                       0x08002828   Data          16  stm32f3xx_hal_rcc.o(.constdata)
    aPredivFactorTable                       0x08002838   Data          16  stm32f3xx_hal_rcc.o(.constdata)
    AHBPrescTable                            0x08002848   Data          16  system_stm32f3xx.o(.constdata)
    APBPrescTable                            0x08002858   Data           8  system_stm32f3xx.o(.constdata)
    __ctype_categories                       0x08002860   Data          64  ctype_c.o(.constdata)
    Region$$Table$$Base                      0x080028a0   Number         0  anon$$obj.o(Region$$Table)
    Region$$Table$$Limit                     0x080028c0   Number         0  anon$$obj.o(Region$$Table)
    inCount                                  0x20000000   Data           1  main.o(.data)
    inChar                                   0x20000001   Data           1  main.o(.data)
    percent                                  0x20000002   Data           2  main.o(.data)
    iPulseR                                  0x20000004   Data           2  main.o(.data)
    iPulseG                                  0x20000006   Data           2  main.o(.data)
    iPulseB                                  0x20000008   Data           2  main.o(.data)
    uwTickFreq                               0x2000000c   Data           1  stm32f3xx_hal.o(.data)
    uwTickPrio                               0x20000010   Data           4  stm32f3xx_hal.o(.data)
    uwTick                                   0x20000014   Data           4  stm32f3xx_hal.o(.data)
    SystemCoreClock                          0x20000018   Data           4  system_stm32f3xx.o(.data)
    htim2                                    0x2000001c   Data          64  main.o(.bss)
    huart3                                   0x2000005c   Data         112  main.o(.bss)
    sConfigOC                                0x200000cc   Data          28  main.o(.bss)
    inBuffer                                 0x200000e8   Data          50  main.o(.bss)
    __initial_sp                             0x20000520   Data           0  startup_stm32f303xc.o(STACK)



==============================================================================

Memory Map of the image

  Image Entry point : 0x08000189

  Load Region LR_IROM1 (Base: 0x08000000, Size: 0x000028dc, Max: 0x00040000, ABSOLUTE)

    Execution Region ER_IROM1 (Exec base: 0x08000000, Load base: 0x08000000, Size: 0x000028c0, Max: 0x00040000, ABSOLUTE)

    Exec Addr    Load Addr    Size         Type   Attr      Idx    E Section Name        Object

    0x08000000   0x08000000   0x00000188   Data   RO            3    RESET               startup_stm32f303xc.o
    0x08000188   0x08000188   0x00000000   Code   RO         3127  * .ARM.Collect$$$$00000000  mc_w.l(entry.o)
    0x08000188   0x08000188   0x00000004   Code   RO         3144    .ARM.Collect$$$$00000001  mc_w.l(entry2.o)
    0x0800018c   0x0800018c   0x00000004   Code   RO         3147    .ARM.Collect$$$$00000004  mc_w.l(entry5.o)
    0x08000190   0x08000190   0x00000000   Code   RO         3149    .ARM.Collect$$$$00000008  mc_w.l(entry7b.o)
    0x08000190   0x08000190   0x00000000   Code   RO         3151    .ARM.Collect$$$$0000000A  mc_w.l(entry8b.o)
    0x08000190   0x08000190   0x00000008   Code   RO         3152    .ARM.Collect$$$$0000000B  mc_w.l(entry9a.o)
    0x08000198   0x08000198   0x00000000   Code   RO         3154    .ARM.Collect$$$$0000000D  mc_w.l(entry10a.o)
    0x08000198   0x08000198   0x00000000   Code   RO         3156    .ARM.Collect$$$$0000000F  mc_w.l(entry11a.o)
    0x08000198   0x08000198   0x00000004   Code   RO         3145    .ARM.Collect$$$$00002712  mc_w.l(entry2.o)
    0x0800019c   0x0800019c   0x00000024   Code   RO            4    .text               startup_stm32f303xc.o
    0x080001c0   0x080001c0   0x00000020   Code   RO         3130    .text               mc_w.l(llushr.o)
    0x080001e0   0x080001e0   0x00000024   Code   RO         3134    .text               mc_w.l(memseta.o)
    0x08000204   0x08000204   0x0000001c   Code   RO         3136    .text               mc_w.l(strcmp.o)
    0x08000220   0x08000220   0x000000e4   Code   RO         3140    .text               mf_w.l(dmul.o)
    0x08000304   0x08000304   0x00000032   Code   RO         3142    .text               mf_w.l(dfixui.o)
    0x08000336   0x08000336   0x00000002   PAD
    0x08000338   0x08000338   0x0000009c   Code   RO         3158    .text               mc_w.l(strtod.o)
    0x080003d4   0x080003d4   0x00000000   Code   RO         3160    .text               mc_w.l(iusefp.o)
    0x080003d4   0x080003d4   0x000000ba   Code   RO         3161    .text               mf_w.l(depilogue.o)
    0x0800048e   0x0800048e   0x00000002   PAD
    0x08000490   0x08000490   0x00000024   Code   RO         3163    .text               mc_w.l(init.o)
    0x080004b4   0x080004b4   0x0000001e   Code   RO         3165    .text               mc_w.l(llshl.o)
    0x080004d2   0x080004d2   0x0000000a   Code   RO         3167    .text               mc_w.l(isspace_c.o)
    0x080004dc   0x080004dc   0x00000360   Code   RO         3169    .text               mc_w.l(scanf_fp.o)
    0x0800083c   0x0800083c   0x00000040   Code   RO         3173    .text               mc_w.l(_sgetc.o)
    0x0800087c   0x0800087c   0x00000028   Code   RO         3175    .text               mc_w.l(ctype_c.o)
    0x080008a4   0x080008a4   0x000000de   Code   RO         3178    .text               mf_w.l(ddiv.o)
    0x08000982   0x08000982   0x00000018   Code   RO         3180    .text               mf_w.l(dfltul.o)
    0x0800099a   0x0800099a   0x00000038   Code   RO         3182    .text               mf_w.l(d2f.o)
    0x080009d2   0x080009d2   0x0000006e   Code   RO         3184    .text               mf_w.l(fepilogue.o)
    0x08000a40   0x08000a40   0x00000002   Code   RO          188    i.BusFault_Handler  stm32f3xx_it.o
    0x08000a42   0x08000a42   0x00000002   Code   RO          189    i.DebugMon_Handler  stm32f3xx_it.o
    0x08000a44   0x08000a44   0x00000188   Code   RO         1980    i.HAL_GPIO_Init     stm32f3xx_hal_gpio.o
    0x08000bcc   0x08000bcc   0x0000000a   Code   RO         1984    i.HAL_GPIO_WritePin  stm32f3xx_hal_gpio.o
    0x08000bd6   0x08000bd6   0x00000002   PAD
    0x08000bd8   0x08000bd8   0x0000000c   Code   RO         1667    i.HAL_GetTick       stm32f3xx_hal.o
    0x08000be4   0x08000be4   0x00000010   Code   RO         1673    i.HAL_IncTick       stm32f3xx_hal.o
    0x08000bf4   0x08000bf4   0x00000024   Code   RO         1674    i.HAL_Init          stm32f3xx_hal.o
    0x08000c18   0x08000c18   0x00000040   Code   RO         1675    i.HAL_InitTick      stm32f3xx_hal.o
    0x08000c58   0x08000c58   0x00000030   Code   RO          263    i.HAL_MspInit       stm32f3xx_hal_msp.o
    0x08000c88   0x08000c88   0x00000040   Code   RO         2154    i.HAL_NVIC_SetPriority  stm32f3xx_hal_cortex.o
    0x08000cc8   0x08000cc8   0x00000024   Code   RO         2155    i.HAL_NVIC_SetPriorityGrouping  stm32f3xx_hal_cortex.o
    0x08000cec   0x08000cec   0x00000218   Code   RO         1937    i.HAL_RCCEx_PeriphCLKConfig  stm32f3xx_hal_rcc_ex.o
    0x08000f04   0x08000f04   0x00000144   Code   RO         1831    i.HAL_RCC_ClockConfig  stm32f3xx_hal_rcc.o
    0x08001048   0x08001048   0x00000030   Code   RO         1838    i.HAL_RCC_GetPCLK1Freq  stm32f3xx_hal_rcc.o
    0x08001078   0x08001078   0x00000030   Code   RO         1839    i.HAL_RCC_GetPCLK2Freq  stm32f3xx_hal_rcc.o
    0x080010a8   0x080010a8   0x00000064   Code   RO         1840    i.HAL_RCC_GetSysClockFreq  stm32f3xx_hal_rcc.o
    0x0800110c   0x0800110c   0x00000590   Code   RO         1843    i.HAL_RCC_OscConfig  stm32f3xx_hal_rcc.o
    0x0800169c   0x0800169c   0x00000028   Code   RO         2159    i.HAL_SYSTICK_Config  stm32f3xx_hal_cortex.o
    0x080016c4   0x080016c4   0x00000058   Code   RO          982    i.HAL_TIMEx_MasterConfigSynchronization  stm32f3xx_hal_tim_ex.o
    0x0800171c   0x0800171c   0x0000004c   Code   RO          264    i.HAL_TIM_MspPostInit  stm32f3xx_hal_msp.o
    0x08001768   0x08001768   0x00000128   Code   RO         1002    i.HAL_TIM_PWM_ConfigChannel  stm32f3xx_hal_tim_ex.o
    0x08001890   0x08001890   0x00000036   Code   RO          390    i.HAL_TIM_PWM_Init  stm32f3xx_hal_tim.o
    0x080018c6   0x080018c6   0x00000002   PAD
    0x080018c8   0x080018c8   0x00000024   Code   RO          266    i.HAL_TIM_PWM_MspInit  stm32f3xx_hal_msp.o
    0x080018ec   0x080018ec   0x00000058   Code   RO          394    i.HAL_TIM_PWM_Start  stm32f3xx_hal_tim.o
    0x08001944   0x08001944   0x0000006a   Code   RO         1268    i.HAL_UART_Init     stm32f3xx_hal_uart.o
    0x080019ae   0x080019ae   0x00000002   PAD
    0x080019b0   0x080019b0   0x00000068   Code   RO          268    i.HAL_UART_MspInit  stm32f3xx_hal_msp.o
    0x08001a18   0x08001a18   0x000000d2   Code   RO         1271    i.HAL_UART_Receive  stm32f3xx_hal_uart.o
    0x08001aea   0x08001aea   0x000000b4   Code   RO         1276    i.HAL_UART_Transmit  stm32f3xx_hal_uart.o
    0x08001b9e   0x08001b9e   0x00000002   Code   RO          190    i.HardFault_Handler  stm32f3xx_it.o
    0x08001ba0   0x08001ba0   0x00000114   Code   RO           14    i.MX_GPIO_Init      main.o
    0x08001cb4   0x08001cb4   0x00000078   Code   RO           15    i.MX_TIM2_Init      main.o
    0x08001d2c   0x08001d2c   0x0000002c   Code   RO           16    i.MX_USART3_UART_Init  main.o
    0x08001d58   0x08001d58   0x00000002   Code   RO          191    i.MemManage_Handler  stm32f3xx_it.o
    0x08001d5a   0x08001d5a   0x00000002   Code   RO          192    i.NMI_Handler       stm32f3xx_it.o
    0x08001d5c   0x08001d5c   0x00000020   Code   RO         2161    i.NVIC_SetPriority  stm32f3xx_hal_cortex.o
    0x08001d7c   0x08001d7c   0x00000002   Code   RO          193    i.PendSV_Handler    stm32f3xx_it.o
    0x08001d7e   0x08001d7e   0x00000002   Code   RO          194    i.SVC_Handler       stm32f3xx_it.o
    0x08001d80   0x08001d80   0x00000004   Code   RO          195    i.SysTick_Handler   stm32f3xx_it.o
    0x08001d84   0x08001d84   0x00000064   Code   RO           17    i.SystemClock_Config  main.o
    0x08001de8   0x08001de8   0x00000068   Code   RO         3087    i.SystemInit        system_stm32f3xx.o
    0x08001e50   0x08001e50   0x000000b0   Code   RO          405    i.TIM_Base_SetConfig  stm32f3xx_hal_tim.o
    0x08001f00   0x08001f00   0x00000016   Code   RO          406    i.TIM_CCxChannelCmd  stm32f3xx_hal_tim.o
    0x08001f16   0x08001f16   0x00000002   PAD
    0x08001f18   0x08001f18   0x0000009c   Code   RO          414    i.TIM_OC1_SetConfig  stm32f3xx_hal_tim.o
    0x08001fb4   0x08001fb4   0x00000090   Code   RO          415    i.TIM_OC2_SetConfig  stm32f3xx_hal_tim.o
    0x08002044   0x08002044   0x00000090   Code   RO          416    i.TIM_OC3_SetConfig  stm32f3xx_hal_tim.o
    0x080020d4   0x080020d4   0x00000074   Code   RO          417    i.TIM_OC4_SetConfig  stm32f3xx_hal_tim.o
    0x08002148   0x08002148   0x00000070   Code   RO         1005    i.TIM_OC5_SetConfig  stm32f3xx_hal_tim_ex.o
    0x080021b8   0x080021b8   0x00000070   Code   RO         1006    i.TIM_OC6_SetConfig  stm32f3xx_hal_tim_ex.o
    0x08002228   0x08002228   0x000000c8   Code   RO         1281    i.UART_AdvFeatureConfig  stm32f3xx_hal_uart.o
    0x080022f0   0x080022f0   0x0000005c   Code   RO         1282    i.UART_CheckIdleState  stm32f3xx_hal_uart.o
    0x0800234c   0x0800234c   0x000001d4   Code   RO         1297    i.UART_SetConfig    stm32f3xx_hal_uart.o
    0x08002520   0x08002520   0x00000064   Code   RO         1299    i.UART_WaitOnFlagUntilTimeout  stm32f3xx_hal_uart.o
    0x08002584   0x08002584   0x00000002   Code   RO          196    i.UsageFault_Handler  stm32f3xx_it.o
    0x08002586   0x08002586   0x00000002   PAD
    0x08002588   0x08002588   0x00000028   Code   RO         3121    i.__hardfp_strtod   m_wm.l(strtod.o)
    0x080025b0   0x080025b0   0x0000000e   Code   RO         3188    i.__scatterload_copy  mc_w.l(handlers.o)
    0x080025be   0x080025be   0x00000002   Code   RO         3189    i.__scatterload_null  mc_w.l(handlers.o)
    0x080025c0   0x080025c0   0x0000000e   Code   RO         3190    i.__scatterload_zeroinit  mc_w.l(handlers.o)
    0x080025ce   0x080025ce   0x0000000e   Code   RO         3171    i._is_digit         mc_w.l(scanf_fp.o)
    0x080025dc   0x080025dc   0x00000024   Code   RO           18    i.ledB              main.o
    0x08002600   0x08002600   0x00000024   Code   RO           19    i.ledG              main.o
    0x08002624   0x08002624   0x00000024   Code   RO           20    i.ledR              main.o
    0x08002648   0x08002648   0x000001e0   Code   RO           21    i.main              main.o
    0x08002828   0x08002828   0x00000020   Data   RO         1844    .constdata          stm32f3xx_hal_rcc.o
    0x08002848   0x08002848   0x00000010   Data   RO         3088    .constdata          system_stm32f3xx.o
    0x08002858   0x08002858   0x00000008   Data   RO         3089    .constdata          system_stm32f3xx.o
    0x08002860   0x08002860   0x00000040   Data   RO         3176    .constdata          mc_w.l(ctype_c.o)
    0x080028a0   0x080028a0   0x00000020   Data   RO         3186    Region$$Table       anon$$obj.o


    Execution Region RW_IRAM1 (Exec base: 0x20000000, Load base: 0x080028c0, Size: 0x00000520, Max: 0x0000a000, ABSOLUTE)

    Exec Addr    Load Addr    Size         Type   Attr      Idx    E Section Name        Object

    0x20000000   0x080028c0   0x0000000a   Data   RW           23    .data               main.o
    0x2000000a   0x080028ca   0x00000002   PAD
    0x2000000c   0x080028cc   0x0000000c   Data   RW         1681    .data               stm32f3xx_hal.o
    0x20000018   0x080028d8   0x00000004   Data   RW         3090    .data               system_stm32f3xx.o
    0x2000001c        -       0x000000fe   Zero   RW           22    .bss                main.o
    0x2000011a   0x080028dc   0x00000006   PAD
    0x20000120        -       0x00000400   Zero   RW            1    STACK               startup_stm32f303xc.o


==============================================================================

Image component sizes


      Code (inc. data)   RO Data    RW Data    ZI Data      Debug   Object Name

      1128        108          0         10        254     578674   main.o
        36          8        392          0       1024        824   startup_stm32f303xc.o
       128         24          0         12          0      12689   stm32f3xx_hal.o
       172         14          0          0          0      29666   stm32f3xx_hal_cortex.o
       402         28          0          0          0       2344   stm32f3xx_hal_gpio.o
       264         32          0          0          0       2757   stm32f3xx_hal_msp.o
      1944         74         32          0          0       5636   stm32f3xx_hal_rcc.o
       536         14          0          0          0       1568   stm32f3xx_hal_rcc_ex.o
       900        150          0          0          0       7174   stm32f3xx_hal_tim.o
       608         60          0          0          0       3744   stm32f3xx_hal_tim_ex.o
      1356         54          0          0          0       7078   stm32f3xx_hal_uart.o
        20          0          0          0          0       3974   stm32f3xx_it.o
       104         22         24          4          0       1123   system_stm32f3xx.o

    ----------------------------------------------------------------------
      7608        588        480         28       1284     657251   Object Totals
         0          0         32          0          0          0   (incl. Generated)
        10          0          0          2          6          0   (incl. Padding)

    ----------------------------------------------------------------------

      Code (inc. data)   RO Data    RW Data    ZI Data      Debug   Library Member Name

        40         10          0          0          0        128   strtod.o
        64          0          0          0          0         84   _sgetc.o
        40          6         64          0          0         68   ctype_c.o
         0          0          0          0          0          0   entry.o
         0          0          0          0          0          0   entry10a.o
         0          0          0          0          0          0   entry11a.o
         8          4          0          0          0          0   entry2.o
         4          0          0          0          0          0   entry5.o
         0          0          0          0          0          0   entry7b.o
         0          0          0          0          0          0   entry8b.o
         8          4          0          0          0          0   entry9a.o
        30          0          0          0          0          0   handlers.o
        36          8          0          0          0         68   init.o
        10          0          0          0          0         68   isspace_c.o
         0          0          0          0          0          0   iusefp.o
        30          0          0          0          0         68   llshl.o
        32          0          0          0          0         68   llushr.o
        36          0          0          0          0        108   memseta.o
       878         12          0          0          0        216   scanf_fp.o
        28          0          0          0          0         76   strcmp.o
       156         12          0          0          0        120   strtod.o
        56          0          0          0          0         88   d2f.o
       222          0          0          0          0        100   ddiv.o
       186          0          0          0          0        176   depilogue.o
        50          0          0          0          0         76   dfixui.o
        24          0          0          0          0         76   dfltul.o
       228          0          0          0          0         96   dmul.o
       110          0          0          0          0        168   fepilogue.o

    ----------------------------------------------------------------------
      2280         56         64          0          0       1852   Library Totals
         4          0          0          0          0          0   (incl. Padding)

    ----------------------------------------------------------------------

      Code (inc. data)   RO Data    RW Data    ZI Data      Debug   Library Name

        40         10          0          0          0        128   m_wm.l
      1360         46         64          0          0        944   mc_w.l
       876          0          0          0          0        780   mf_w.l

    ----------------------------------------------------------------------
      2280         56         64          0          0       1852   Library Totals

    ----------------------------------------------------------------------

==============================================================================


      Code (inc. data)   RO Data    RW Data    ZI Data      Debug   

      9888        644        544         28       1284     653327   Grand Totals
      9888        644        544         28       1284     653327   ELF Image Totals
      9888        644        544         28          0          0   ROM Totals

==============================================================================

    Total RO  Size (Code + RO Data)                10432 (  10.19kB)
    Total RW  Size (RW Data + ZI Data)              1312 (   1.28kB)
    Total ROM Size (Code + RO Data + RW Data)      10460 (  10.21kB)

==============================================================================

