Component: ARM Compiler 5.06 update 6 (build 750) Tool: armlink [4d35ed]

==============================================================================

Section Cross References

    main.o(i.LcdThread1) refers to _printf_pad.o(.text) for _printf_pre_padding
    main.o(i.LcdThread1) refers to _printf_percent.o(.ARM.Collect$$_printf_percent$$00000000) for _printf_percent
    main.o(i.LcdThread1) refers to _printf_d.o(.ARM.Collect$$_printf_percent$$00000009) for _printf_d
    main.o(i.LcdThread1) refers to _printf_dec.o(.text) for _printf_int_dec
    main.o(i.LcdThread1) refers to noretval__2sprintf.o(.text) for __2sprintf
    main.o(i.LcdThread1) refers to rtx_mutex.o(i.osMutexAcquire) for osMutexAcquire
    main.o(i.LcdThread1) refers to koibitoex_lcd2.o(i.LcdSetPosition) for LcdSetPosition
    main.o(i.LcdThread1) refers to koibitoex_lcd2.o(i.LcdPutS) for LcdPutS
    main.o(i.LcdThread1) refers to rtx_mutex.o(i.osMutexRelease) for osMutexRelease
    main.o(i.LcdThread1) refers to rtx_delay.o(i.osDelay) for osDelay
    main.o(i.LcdThread1) refers to main.o(.data) for mid_lcdMutex
    main.o(i.LcdThread2) refers to _printf_pad.o(.text) for _printf_pre_padding
    main.o(i.LcdThread2) refers to _printf_percent.o(.ARM.Collect$$_printf_percent$$00000000) for _printf_percent
    main.o(i.LcdThread2) refers to _printf_d.o(.ARM.Collect$$_printf_percent$$00000009) for _printf_d
    main.o(i.LcdThread2) refers to _printf_dec.o(.text) for _printf_int_dec
    main.o(i.LcdThread2) refers to noretval__2sprintf.o(.text) for __2sprintf
    main.o(i.LcdThread2) refers to rtx_mutex.o(i.osMutexAcquire) for osMutexAcquire
    main.o(i.LcdThread2) refers to koibitoex_lcd2.o(i.LcdSetPosition) for LcdSetPosition
    main.o(i.LcdThread2) refers to koibitoex_lcd2.o(i.LcdPutS) for LcdPutS
    main.o(i.LcdThread2) refers to rtx_mutex.o(i.osMutexRelease) for osMutexRelease
    main.o(i.LcdThread2) refers to rtx_delay.o(i.osDelay) for osDelay
    main.o(i.LcdThread2) refers to main.o(.data) for mid_lcdMutex
    main.o(i.LedThread1) refers to stm32f3xx_hal_gpio.o(i.HAL_GPIO_TogglePin) for HAL_GPIO_TogglePin
    main.o(i.LedThread1) refers to rtx_delay.o(i.osDelay) for osDelay
    main.o(i.LedThread2) refers to stm32f3xx_hal_gpio.o(i.HAL_GPIO_TogglePin) for HAL_GPIO_TogglePin
    main.o(i.LedThread2) refers to rtx_delay.o(i.osDelay) for osDelay
    main.o(i.MX_ADC1_Init) refers to rt_memclr_w.o(.text) for __aeabi_memclr4
    main.o(i.MX_ADC1_Init) refers to stm32f3xx_hal_adc_ex.o(i.HAL_ADC_Init) for HAL_ADC_Init
    main.o(i.MX_ADC1_Init) refers to main.o(i.Error_Handler) for Error_Handler
    main.o(i.MX_ADC1_Init) refers to stm32f3xx_hal_adc_ex.o(i.HAL_ADCEx_MultiModeConfigChannel) for HAL_ADCEx_MultiModeConfigChannel
    main.o(i.MX_ADC1_Init) refers to stm32f3xx_hal_adc_ex.o(i.HAL_ADC_ConfigChannel) for HAL_ADC_ConfigChannel
    main.o(i.MX_ADC1_Init) refers to main.o(.bss) for hadc1
    main.o(i.MX_GPIO_Init) refers to rt_memclr_w.o(.text) for __aeabi_memclr4
    main.o(i.MX_GPIO_Init) refers to stm32f3xx_hal_gpio.o(i.HAL_GPIO_WritePin) for HAL_GPIO_WritePin
    main.o(i.MX_GPIO_Init) refers to stm32f3xx_hal_gpio.o(i.HAL_GPIO_Init) for HAL_GPIO_Init
    main.o(i.MX_GPIO_Init) refers to stm32f3xx_hal_cortex.o(i.HAL_NVIC_SetPriority) for HAL_NVIC_SetPriority
    main.o(i.MX_GPIO_Init) refers to stm32f3xx_hal_cortex.o(i.HAL_NVIC_EnableIRQ) for HAL_NVIC_EnableIRQ
    main.o(i.MX_TIM2_Init) refers to rt_memclr_w.o(.text) for __aeabi_memclr4
    main.o(i.MX_TIM2_Init) refers to stm32f3xx_hal_tim.o(i.HAL_TIM_PWM_Init) for HAL_TIM_PWM_Init
    main.o(i.MX_TIM2_Init) refers to main.o(i.Error_Handler) for Error_Handler
    main.o(i.MX_TIM2_Init) refers to stm32f3xx_hal_tim_ex.o(i.HAL_TIMEx_MasterConfigSynchronization) for HAL_TIMEx_MasterConfigSynchronization
    main.o(i.MX_TIM2_Init) refers to stm32f3xx_hal_tim_ex.o(i.HAL_TIM_PWM_ConfigChannel) for HAL_TIM_PWM_ConfigChannel
    main.o(i.MX_TIM2_Init) refers to stm32f3xx_hal_msp.o(i.HAL_TIM_MspPostInit) for HAL_TIM_MspPostInit
    main.o(i.MX_TIM2_Init) refers to main.o(.bss) for htim2
    main.o(i.MX_TIM3_Init) refers to stm32f3xx_hal_tim.o(i.HAL_TIM_Base_Init) for HAL_TIM_Base_Init
    main.o(i.MX_TIM3_Init) refers to main.o(i.Error_Handler) for Error_Handler
    main.o(i.MX_TIM3_Init) refers to stm32f3xx_hal_tim.o(i.HAL_TIM_ConfigClockSource) for HAL_TIM_ConfigClockSource
    main.o(i.MX_TIM3_Init) refers to stm32f3xx_hal_tim_ex.o(i.HAL_TIMEx_MasterConfigSynchronization) for HAL_TIMEx_MasterConfigSynchronization
    main.o(i.MX_TIM3_Init) refers to main.o(.bss) for htim3
    main.o(i.MX_USART3_UART_Init) refers to stm32f3xx_hal_uart.o(i.HAL_UART_Init) for HAL_UART_Init
    main.o(i.MX_USART3_UART_Init) refers to main.o(i.Error_Handler) for Error_Handler
    main.o(i.MX_USART3_UART_Init) refers to main.o(.bss) for huart3
    main.o(i.SystemClock_Config) refers to rt_memclr_w.o(.text) for __aeabi_memclr4
[...]
    __asm___12_rtx_system_c_024f2f18__atomic_inc32 0x080006b3   Thumb Code    18  rtx_system.o(.emb_text)
    __asm___12_rtx_system_c_024f2f18__atomic_inc16_lt 0x080006c5   Thumb Code    30  rtx_system.o(.emb_text)
    __asm___12_rtx_system_c_024f2f18__atomic_inc16_lim 0x080006e3   Thumb Code    26  rtx_system.o(.emb_text)
    __asm___12_rtx_system_c_024f2f18__atomic_dec32 0x080006fd   Thumb Code    18  rtx_system.o(.emb_text)
    __asm___12_rtx_system_c_024f2f18__atomic_dec32_nz 0x0800070f   Thumb Code    26  rtx_system.o(.emb_text)
    __asm___12_rtx_system_c_024f2f18__atomic_dec16_nz 0x08000729   Thumb Code    26  rtx_system.o(.emb_text)
    __asm___12_rtx_system_c_024f2f18__atomic_link_get 0x08000743   Thumb Code    26  rtx_system.o(.emb_text)
    __asm___12_rtx_system_c_024f2f18__atomic_link_put 0x0800075d   Thumb Code    28  rtx_system.o(.emb_text)
    __asm___12_rtx_thread_c_add96be5__atomic_wr8 0x08000779   Thumb Code    16  rtx_thread.o(.emb_text)
    __asm___12_rtx_thread_c_add96be5__atomic_set32 0x08000789   Thumb Code    20  rtx_thread.o(.emb_text)
    __asm___12_rtx_thread_c_add96be5__atomic_clr32 0x0800079d   Thumb Code    22  rtx_thread.o(.emb_text)
    __asm___12_rtx_thread_c_add96be5__atomic_chk32_all 0x080007b3   Thumb Code    38  rtx_thread.o(.emb_text)
    __asm___12_rtx_thread_c_add96be5__atomic_chk32_any 0x080007d9   Thumb Code    34  rtx_thread.o(.emb_text)
    __asm___12_rtx_thread_c_add96be5__atomic_inc32 0x080007fb   Thumb Code    18  rtx_thread.o(.emb_text)
    __asm___12_rtx_thread_c_add96be5__atomic_inc16_lt 0x0800080d   Thumb Code    30  rtx_thread.o(.emb_text)
    __asm___12_rtx_thread_c_add96be5__atomic_inc16_lim 0x0800082b   Thumb Code    26  rtx_thread.o(.emb_text)
    __asm___12_rtx_thread_c_add96be5__atomic_dec32 0x08000845   Thumb Code    18  rtx_thread.o(.emb_text)
    __asm___12_rtx_thread_c_add96be5__atomic_dec32_nz 0x08000857   Thumb Code    26  rtx_thread.o(.emb_text)
    __asm___12_rtx_thread_c_add96be5__atomic_dec16_nz 0x08000871   Thumb Code    26  rtx_thread.o(.emb_text)
    __asm___12_rtx_thread_c_add96be5__atomic_link_get 0x0800088b   Thumb Code    26  rtx_thread.o(.emb_text)
    __asm___12_rtx_thread_c_add96be5__atomic_link_put 0x080008a5   Thumb Code    28  rtx_thread.o(.emb_text)
    __asm___15_EventRecorder_c_e8d3082c__atomic_inc8 0x080008c1   Thumb Code    18  eventrecorder.o(.emb_text)
    __asm___15_EventRecorder_c_e8d3082c__atomic_inc32 0x080008d3   Thumb Code    18  eventrecorder.o(.emb_text)
    __asm___15_EventRecorder_c_e8d3082c__atomic_xch32 0x080008e5   Thumb Code    16  eventrecorder.o(.emb_text)
    __asm___15_EventRecorder_c_e8d3082c__LockRecord 0x080008f5   Thumb Code    34  eventrecorder.o(.emb_text)
    __asm___15_EventRecorder_c_e8d3082c__UnlockRecord 0x08000917   Thumb Code    30  eventrecorder.o(.emb_text)
    SVC_Handler                              0x08000935   Thumb Code   152  irq_cm4f.o(.text)
    PendSV_Handler                           0x080009cd   Thumb Code    16  irq_cm4f.o(.text)
    SysTick_Handler                          0x080009dd   Thumb Code    16  irq_cm4f.o(.text)
    Reset_Handler                            0x080009f9   Thumb Code     8  startup_stm32f303xc.o(.text)
    ADC3_IRQHandler                          0x08000a13   Thumb Code     0  startup_stm32f303xc.o(.text)
    ADC4_IRQHandler                          0x08000a13   Thumb Code     0  startup_stm32f303xc.o(.text)
    CAN_RX1_IRQHandler                       0x08000a13   Thumb Code     0  startup_stm32f303xc.o(.text)
    CAN_SCE_IRQHandler                       0x08000a13   Thumb Code     0  startup_stm32f303xc.o(.text)
    COMP1_2_3_IRQHandler                     0x08000a13   Thumb Code     0  startup_stm32f303xc.o(.text)
    COMP4_5_6_IRQHandler                     0x08000a13   Thumb Code     0  startup_stm32f303xc.o(.text)
    COMP7_IRQHandler                         0x08000a13   Thumb Code     0  startup_stm32f303xc.o(.text)
    DMA1_Channel1_IRQHandler                 0x08000a13   Thumb Code     0  startup_stm32f303xc.o(.text)
    DMA1_Channel2_IRQHandler                 0x08000a13   Thumb Code     0  startup_stm32f303xc.o(.text)
    DMA1_Channel3_IRQHandler                 0x08000a13   Thumb Code     0  startup_stm32f303xc.o(.text)
    DMA1_Channel4_IRQHandler                 0x08000a13   Thumb Code     0  startup_stm32f303xc.o(.text)
    DMA1_Channel5_IRQHandler                 0x08000a13   Thumb Code     0  startup_stm32f303xc.o(.text)
    DMA1_Channel6_IRQHandler                 0x08000a13   Thumb Code     0  startup_stm32f303xc.o(.text)
    DMA1_Channel7_IRQHandler                 0x08000a13   Thumb Code     0  startup_stm32f303xc.o(.text)
    DMA2_Channel1_IRQHandler                 0x08000a13   Thumb Code     0  startup_stm32f303xc.o(.text)
    DMA2_Channel2_IRQHandler                 0x08000a13   Thumb Code     0  startup_stm32f303xc.o(.text)
    DMA2_Channel3_IRQHandler                 0x08000a13   Thumb Code     0  startup_stm32f303xc.o(.text)
    DMA2_Channel4_IRQHandler                 0x08000a13   Thumb Code     0  startup_stm32f303xc.o(.text)
    DMA2_Channel5_IRQHandler                 0x08000a13   Thumb Code     0  startup_stm32f303xc.o(.text)
    EXTI0_IRQHandler                         0x08000a13   Thumb Code     0  startup_stm32f303xc.o(.text)
    EXTI15_10_IRQHandler                     0x08000a13   Thumb Code     0  startup_stm32f303xc.o(.text)
    EXTI1_IRQHandler                         0x08000a13   Thumb Code     0  startup_stm32f303xc.o(.text)
    EXTI2_TSC_IRQHandler                     0x08000a13   Thumb Code     0  startup_stm32f303xc.o(.text)
    EXTI3_IRQHandler                         0x08000a13   Thumb Code     0  startup_stm32f303xc.o(.text)
    EXTI4_IRQHandler                         0x08000a13   Thumb Code     0  startup_stm32f303xc.o(.text)
    FLASH_IRQHandler                         0x08000a13   Thumb Code     0  startup_stm32f303xc.o(.text)
    FPU_IRQHandler                           0x08000a13   Thumb Code     0  startup_stm32f303xc.o(.text)
    I2C1_ER_IRQHandler                       0x08000a13   Thumb Code     0  startup_stm32f303xc.o(.text)
    I2C1_EV_IRQHandler                       0x08000a13   Thumb Code     0  startup_stm32f303xc.o(.text)
    I2C2_ER_IRQHandler                       0x08000a13   Thumb Code     0  startup_stm32f303xc.o(.text)
    I2C2_EV_IRQHandler                       0x08000a13   Thumb Code     0  startup_stm32f303xc.o(.text)
    PVD_IRQHandler                           0x08000a13   Thumb Code     0  startup_stm32f303xc.o(.text)
    RCC_IRQHandler                           0x08000a13   Thumb Code     0  startup_stm32f303xc.o(.text)
    RTC_Alarm_IRQHandler                     0x08000a13   Thumb Code     0  startup_stm32f303xc.o(.text)
    RTC_WKUP_IRQHandler                      0x08000a13   Thumb Code     0  startup_stm32f303xc.o(.text)
    SPI1_IRQHandler                          0x08000a13   Thumb Code     0  startup_stm32f303xc.o(.text)
    SPI2_IRQHandler                          0x08000a13   Thumb Code     0  startup_stm32f303xc.o(.text)
    SPI3_IRQHandler                          0x08000a13   Thumb Code     0  startup_stm32f303xc.o(.text)
    TAMP_STAMP_IRQHandler                    0x08000a13   Thumb Code     0  startup_stm32f303xc.o(.text)
    TIM1_BRK_TIM15_IRQHandler                0x08000a13   Thumb Code     0  startup_stm32f303xc.o(.text)
    TIM1_CC_IRQHandler                       0x08000a13   Thumb Code     0  startup_stm32f303xc.o(.text)
    TIM1_TRG_COM_TIM17_IRQHandler            0x08000a13   Thumb Code     0  startup_stm32f303xc.o(.text)
    TIM1_UP_TIM16_IRQHandler                 0x08000a13   Thumb Code     0  startup_stm32f303xc.o(.text)
    TIM2_IRQHandler                          0x08000a13   Thumb Code     0  startup_stm32f303xc.o(.text)
    TIM3_IRQHandler                          0x08000a13   Thumb Code     0  startup_stm32f303xc.o(.text)
    TIM4_IRQHandler                          0x08000a13   Thumb Code     0  startup_stm32f303xc.o(.text)
    TIM6_DAC_IRQHandler                      0x08000a13   Thumb Code     0  startup_stm32f303xc.o(.text)
    TIM7_IRQHandler                          0x08000a13   Thumb Code     0  startup_stm32f303xc.o(.text)
    TIM8_BRK_IRQHandler                      0x08000a13   Thumb Code     0  startup_stm32f303xc.o(.text)
    TIM8_CC_IRQHandler                       0x08000a13   Thumb Code     0  startup_stm32f303xc.o(.text)
    TIM8_TRG_COM_IRQHandler                  0x08000a13   Thumb Code     0  startup_stm32f303xc.o(.text)
    TIM8_UP_IRQHandler                       0x08000a13   Thumb Code     0  startup_stm32f303xc.o(.text)
    UART4_IRQHandler                         0x08000a13   Thumb Code     0  startup_stm32f303xc.o(.text)
    UART5_IRQHandler                         0x08000a13   Thumb Code     0  startup_stm32f303xc.o(.text)
    USART1_IRQHandler                        0x08000a13   Thumb Code     0  startup_stm32f303xc.o(.text)
    USART2_IRQHandler                        0x08000a13   Thumb Code     0  startup_stm32f303xc.o(.text)
    USBWakeUp_IRQHandler                     0x08000a13   Thumb Code     0  startup_stm32f303xc.o(.text)
    USBWakeUp_RMP_IRQHandler                 0x08000a13   Thumb Code     0  startup_stm32f303xc.o(.text)
    USB_HP_CAN_TX_IRQHandler                 0x08000a13   Thumb Code     0  startup_stm32f303xc.o(.text)
    USB_HP_IRQHandler                        0x08000a13   Thumb Code     0  startup_stm32f303xc.o(.text)
    USB_LP_CAN_RX0_IRQHandler                0x08000a13   Thumb Code     0  startup_stm32f303xc.o(.text)
    USB_LP_IRQHandler                        0x08000a13   Thumb Code     0  startup_stm32f303xc.o(.text)
    WWDG_IRQHandler                          0x08000a13   Thumb Code     0  startup_stm32f303xc.o(.text)
    __user_initial_stackheap                 0x08000a25   Thumb Code     0  startup_stm32f303xc.o(.text)
    __2sprintf                               0x08000a49   Thumb Code    34  noretval__2sprintf.o(.text)
    _printf_pre_padding                      0x08000a71   Thumb Code    44  _printf_pad.o(.text)
    _printf_post_padding                     0x08000a9d   Thumb Code    34  _printf_pad.o(.text)
    _printf_int_dec                          0x08000ac1   Thumb Code   104  _printf_dec.o(.text)
    __printf                                 0x08000b39   Thumb Code   308  __printf_flags_wp.o(.text)
    strlen                                   0x08000c71   Thumb Code    62  strlen.o(.text)
    __aeabi_memcpy                           0x08000caf   Thumb Code     0  rt_memcpy_v6.o(.text)
    __rt_memcpy                              0x08000caf   Thumb Code   138  rt_memcpy_v6.o(.text)
    _memcpy_lastbytes                        0x08000d15   Thumb Code     0  rt_memcpy_v6.o(.text)
    __aeabi_memcpy4                          0x08000d39   Thumb Code     0  rt_memcpy_w.o(.text)
    __aeabi_memcpy8                          0x08000d39   Thumb Code     0  rt_memcpy_w.o(.text)
    __rt_memcpy_w                            0x08000d39   Thumb Code   100  rt_memcpy_w.o(.text)
    _memcpy_lastbytes_aligned                0x08000d81   Thumb Code     0  rt_memcpy_w.o(.text)
    __aeabi_memclr                           0x08000d9d   Thumb Code     0  rt_memclr.o(.text)
    __rt_memclr                              0x08000d9d   Thumb Code    68  rt_memclr.o(.text)
    _memset                                  0x08000da1   Thumb Code     0  rt_memclr.o(.text)
    __aeabi_memclr4                          0x08000de1   Thumb Code     0  rt_memclr_w.o(.text)
    __aeabi_memclr8                          0x08000de1   Thumb Code     0  rt_memclr_w.o(.text)
    __rt_memclr_w                            0x08000de1   Thumb Code    78  rt_memclr_w.o(.text)
    _memset_w                                0x08000de5   Thumb Code     0  rt_memclr_w.o(.text)
    __use_two_region_memory                  0x08000e2f   Thumb Code     2  heapauxi.o(.text)
    __rt_heap_escrow$2region                 0x08000e31   Thumb Code     2  heapauxi.o(.text)
    __rt_heap_expand$2region                 0x08000e33   Thumb Code     2  heapauxi.o(.text)
    _printf_int_common                       0x08000e35   Thumb Code   178  _printf_intcommon.o(.text)
    _printf_char_common                      0x08000ef3   Thumb Code    32  _printf_char_common.o(.text)
    _sputc                                   0x08000f19   Thumb Code    10  _sputc.o(.text)
    __user_setup_stackheap                   0x08000f23   Thumb Code    74  sys_stackheap_outer.o(.text)
    exit                                     0x08000f6d   Thumb Code    18  exit.o(.text)
    __user_libspace                          0x08000f81   Thumb Code     8  libspace.o(.text)
    __user_perproc_libspace                  0x08000f81   Thumb Code     0  libspace.o(.text)
    _sys_exit                                0x08000f89   Thumb Code     8  sys_exit.o(.text)
    __I$use$semihosting                      0x08000f95   Thumb Code     0  use_no_semi.o(.text)
    __use_no_semihosting_swi                 0x08000f95   Thumb Code     2  use_no_semi.o(.text)
    __semihosting_library_function           0x08000f97   Thumb Code     0  indicate_semi.o(.text)
    ADC1_2_IRQHandler                        0x08000f99   Thumb Code    10  stm32f3xx_it.o(i.ADC1_2_IRQHandler)
    BusFault_Handler                         0x08001041   Thumb Code     4  stm32f3xx_it.o(i.BusFault_Handler)
    DebugMon_Handler                         0x08001045   Thumb Code     2  stm32f3xx_it.o(i.DebugMon_Handler)
    EXTI9_5_IRQHandler                       0x08001047   Thumb Code    32  stm32f3xx_it.o(i.EXTI9_5_IRQHandler)
    Error_Handler                            0x08001067   Thumb Code     2  main.o(i.Error_Handler)
    EventRecord2                             0x080010cd   Thumb Code    70  eventrecorder.o(i.EventRecord2)
    EventRecord4                             0x08001113   Thumb Code   118  eventrecorder.o(i.EventRecord4)
    EventRecorderEnable                      0x08001261   Thumb Code    88  eventrecorder.o(i.EventRecorderEnable)
    EventRecorderInitialize                  0x080012bd   Thumb Code   270  eventrecorder.o(i.EventRecorderInitialize)
    EventRecorderStart                       0x080013e5   Thumb Code    40  eventrecorder.o(i.EventRecorderStart)
    EventRecorderTimerGetCount               0x08001415   Thumb Code     6  eventrecorder.o(i.EventRecorderTimerGetCount)
    EventRecorderTimerGetFreq                0x08001421   Thumb Code     6  eventrecorder.o(i.EventRecorderTimerGetFreq)
    EventRecorderTimerSetup                  0x0800142d   Thumb Code    28  eventrecorder.o(i.EventRecorderTimerSetup)
    EvrRtxDelay                              0x08001451   Thumb Code    16  rtx_evr.o(i.EvrRtxDelay)
    EvrRtxDelayCompleted                     0x08001465   Thumb Code    16  rtx_evr.o(i.EvrRtxDelayCompleted)
    EvrRtxDelayError                         0x08001479   Thumb Code    18  rtx_evr.o(i.EvrRtxDelayError)
    EvrRtxDelayStarted                       0x0800148d   Thumb Code    16  rtx_evr.o(i.EvrRtxDelayStarted)
    EvrRtxEventFlagsWaitTimeout              0x080014a1   Thumb Code    16  rtx_evr.o(i.EvrRtxEventFlagsWaitTimeout)
    EvrRtxKernelError                        0x080014b5   Thumb Code    18  rtx_evr.o(i.EvrRtxKernelError)
    EvrRtxKernelInitialize                   0x080014c9   Thumb Code    14  rtx_evr.o(i.EvrRtxKernelInitialize)
    EvrRtxKernelInitialized                  0x080014dd   Thumb Code    14  rtx_evr.o(i.EvrRtxKernelInitialized)
    EvrRtxKernelStart                        0x080014f1   Thumb Code    14  rtx_evr.o(i.EvrRtxKernelStart)
    EvrRtxKernelStarted                      0x08001505   Thumb Code    14  rtx_evr.o(i.EvrRtxKernelStarted)
    EvrRtxMemoryAlloc                        0x08001519   Thumb Code    26  rtx_evr.o(i.EvrRtxMemoryAlloc)
    EvrRtxMemoryBlockAlloc                   0x08001539   Thumb Code    18  rtx_evr.o(i.EvrRtxMemoryBlockAlloc)
    EvrRtxMemoryBlockFree                    0x08001551   Thumb Code    26  rtx_evr.o(i.EvrRtxMemoryBlockFree)
    EvrRtxMemoryBlockInit                    0x08001571   Thumb Code    26  rtx_evr.o(i.EvrRtxMemoryBlockInit)
    EvrRtxMemoryFree                         0x08001591   Thumb Code    26  rtx_evr.o(i.EvrRtxMemoryFree)
    EvrRtxMemoryInit                         0x080015b1   Thumb Code    28  rtx_evr.o(i.EvrRtxMemoryInit)
    EvrRtxMemoryPoolAllocTimeout             0x080015cd   Thumb Code    16  rtx_evr.o(i.EvrRtxMemoryPoolAllocTimeout)
    EvrRtxMessageQueueCreated                0x080015e1   Thumb Code    18  rtx_evr.o(i.EvrRtxMessageQueueCreated)
    EvrRtxMessageQueueError                  0x080015f9   Thumb Code    20  rtx_evr.o(i.EvrRtxMessageQueueError)
    EvrRtxMessageQueueGet                    0x0800160d   Thumb Code    26  rtx_evr.o(i.EvrRtxMessageQueueGet)
    EvrRtxMessageQueueGetPending             0x0800162d   Thumb Code    26  rtx_evr.o(i.EvrRtxMessageQueueGetPending)
    EvrRtxMessageQueueGetTimeout             0x0800164d   Thumb Code    16  rtx_evr.o(i.EvrRtxMessageQueueGetTimeout)
    EvrRtxMessageQueueInsertPending          0x08001661   Thumb Code    18  rtx_evr.o(i.EvrRtxMessageQueueInsertPending)
    EvrRtxMessageQueueInserted               0x08001679   Thumb Code    18  rtx_evr.o(i.EvrRtxMessageQueueInserted)
    EvrRtxMessageQueueNew                    0x08001691   Thumb Code    26  rtx_evr.o(i.EvrRtxMessageQueueNew)
    EvrRtxMessageQueueNotInserted            0x080016b1   Thumb Code    18  rtx_evr.o(i.EvrRtxMessageQueueNotInserted)
    EvrRtxMessageQueueNotRetrieved           0x080016c9   Thumb Code    18  rtx_evr.o(i.EvrRtxMessageQueueNotRetrieved)
    EvrRtxMessageQueuePut                    0x080016e1   Thumb Code    26  rtx_evr.o(i.EvrRtxMessageQueuePut)
    EvrRtxMessageQueuePutPending             0x08001701   Thumb Code    26  rtx_evr.o(i.EvrRtxMessageQueuePutPending)
    EvrRtxMessageQueuePutTimeout             0x08001721   Thumb Code    16  rtx_evr.o(i.EvrRtxMessageQueuePutTimeout)
    EvrRtxMessageQueueRetrieved              0x08001735   Thumb Code    18  rtx_evr.o(i.EvrRtxMessageQueueRetrieved)
    EvrRtxMutexAcquire                       0x0800174d   Thumb Code    18  rtx_evr.o(i.EvrRtxMutexAcquire)
    EvrRtxMutexAcquirePending                0x08001765   Thumb Code    18  rtx_evr.o(i.EvrRtxMutexAcquirePending)
    EvrRtxMutexAcquireTimeout                0x0800177d   Thumb Code    16  rtx_evr.o(i.EvrRtxMutexAcquireTimeout)
    EvrRtxMutexAcquired                      0x08001791   Thumb Code    18  rtx_evr.o(i.EvrRtxMutexAcquired)
    EvrRtxMutexCreated                       0x080017a9   Thumb Code    18  rtx_evr.o(i.EvrRtxMutexCreated)
    EvrRtxMutexDelete                        0x080017c1   Thumb Code    16  rtx_evr.o(i.EvrRtxMutexDelete)
    EvrRtxMutexDestroyed                     0x080017d5   Thumb Code    16  rtx_evr.o(i.EvrRtxMutexDestroyed)
    EvrRtxMutexError                         0x080017e9   Thumb Code    20  rtx_evr.o(i.EvrRtxMutexError)
    EvrRtxMutexNew                           0x080017fd   Thumb Code    16  rtx_evr.o(i.EvrRtxMutexNew)
    EvrRtxMutexNotAcquired                   0x08001811   Thumb Code    16  rtx_evr.o(i.EvrRtxMutexNotAcquired)
    EvrRtxMutexRelease                       0x08001825   Thumb Code    16  rtx_evr.o(i.EvrRtxMutexRelease)
    EvrRtxMutexReleased                      0x08001839   Thumb Code    18  rtx_evr.o(i.EvrRtxMutexReleased)
    EvrRtxSemaphoreAcquire                   0x08001851   Thumb Code    18  rtx_evr.o(i.EvrRtxSemaphoreAcquire)
    EvrRtxSemaphoreAcquirePending            0x08001869   Thumb Code    18  rtx_evr.o(i.EvrRtxSemaphoreAcquirePending)
    EvrRtxSemaphoreAcquireTimeout            0x08001881   Thumb Code    16  rtx_evr.o(i.EvrRtxSemaphoreAcquireTimeout)
    EvrRtxSemaphoreAcquired                  0x08001895   Thumb Code    18  rtx_evr.o(i.EvrRtxSemaphoreAcquired)
    EvrRtxSemaphoreCreated                   0x080018ad   Thumb Code    18  rtx_evr.o(i.EvrRtxSemaphoreCreated)
    EvrRtxSemaphoreError                     0x080018c5   Thumb Code    20  rtx_evr.o(i.EvrRtxSemaphoreError)
    EvrRtxSemaphoreNew                       0x080018d9   Thumb Code    26  rtx_evr.o(i.EvrRtxSemaphoreNew)
    EvrRtxSemaphoreNotAcquired               0x080018f9   Thumb Code    16  rtx_evr.o(i.EvrRtxSemaphoreNotAcquired)
    EvrRtxSemaphoreRelease                   0x0800190d   Thumb Code    16  rtx_evr.o(i.EvrRtxSemaphoreRelease)
    EvrRtxSemaphoreReleased                  0x08001921   Thumb Code    18  rtx_evr.o(i.EvrRtxSemaphoreReleased)
    EvrRtxThreadBlocked                      0x08001939   Thumb Code    18  rtx_evr.o(i.EvrRtxThreadBlocked)
    EvrRtxThreadCreated                      0x08001951   Thumb Code    36  rtx_evr.o(i.EvrRtxThreadCreated)
    EvrRtxThreadDestroyed                    0x08001979   Thumb Code    16  rtx_evr.o(i.EvrRtxThreadDestroyed)
    EvrRtxThreadError                        0x0800198d   Thumb Code    20  rtx_evr.o(i.EvrRtxThreadError)
    EvrRtxThreadExit                         0x080019a1   Thumb Code    14  rtx_evr.o(i.EvrRtxThreadExit)
    EvrRtxThreadFlagsWaitCompleted           0x080019b5   Thumb Code    26  rtx_evr.o(i.EvrRtxThreadFlagsWaitCompleted)
    EvrRtxThreadFlagsWaitTimeout             0x080019d5   Thumb Code    16  rtx_evr.o(i.EvrRtxThreadFlagsWaitTimeout)
    EvrRtxThreadJoined                       0x080019e9   Thumb Code    16  rtx_evr.o(i.EvrRtxThreadJoined)
    EvrRtxThreadNew                          0x080019fd   Thumb Code    26  rtx_evr.o(i.EvrRtxThreadNew)
    EvrRtxThreadPreempted                    0x08001a1d   Thumb Code    16  rtx_evr.o(i.EvrRtxThreadPreempted)
    EvrRtxThreadSwitched                     0x08001a31   Thumb Code    16  rtx_evr.o(i.EvrRtxThreadSwitched)
    EvrRtxThreadUnblocked                    0x08001a45   Thumb Code    18  rtx_evr.o(i.EvrRtxThreadUnblocked)
    EvrRtxTimerCallback                      0x08001a5d   Thumb Code    18  rtx_evr.o(i.EvrRtxTimerCallback)
    HAL_ADCEx_InjectedConvCpltCallback       0x08001a85   Thumb Code     2  stm32f3xx_hal_adc_ex.o(i.HAL_ADCEx_InjectedConvCpltCallback)
    HAL_ADCEx_InjectedQueueOverflowCallback  0x08001a87   Thumb Code     2  stm32f3xx_hal_adc_ex.o(i.HAL_ADCEx_InjectedQueueOverflowCallback)
    HAL_ADCEx_LevelOutOfWindow2Callback      0x08001a89   Thumb Code     2  stm32f3xx_hal_adc_ex.o(i.HAL_ADCEx_LevelOutOfWindow2Callback)
    HAL_ADCEx_LevelOutOfWindow3Callback      0x08001a8b   Thumb Code     2  stm32f3xx_hal_adc_ex.o(i.HAL_ADCEx_LevelOutOfWindow3Callback)
    HAL_ADCEx_MultiModeConfigChannel         0x08001a8d   Thumb Code   368  stm32f3xx_hal_adc_ex.o(i.HAL_ADCEx_MultiModeConfigChannel)
    HAL_ADC_ConfigChannel                    0x08001c11   Thumb Code  1094  stm32f3xx_hal_adc_ex.o(i.HAL_ADC_ConfigChannel)
    HAL_ADC_ConvCpltCallback                 0x08002079   Thumb Code     2  main.o(i.HAL_ADC_ConvCpltCallback)
    HAL_ADC_ErrorCallback                    0x0800207b   Thumb Code     2  stm32f3xx_hal_adc.o(i.HAL_ADC_ErrorCallback)
    HAL_ADC_IRQHandler                       0x0800207d   Thumb Code  1218  stm32f3xx_hal_adc_ex.o(i.HAL_ADC_IRQHandler)
    HAL_ADC_Init                             0x08002545   Thumb Code   692  stm32f3xx_hal_adc_ex.o(i.HAL_ADC_Init)
    HAL_ADC_LevelOutOfWindowCallback         0x08002819   Thumb Code     2  stm32f3xx_hal_adc.o(i.HAL_ADC_LevelOutOfWindowCallback)
    HAL_ADC_MspInit                          0x0800281d   Thumb Code   116  stm32f3xx_hal_msp.o(i.HAL_ADC_MspInit)
    HAL_DMA_Abort_IT                         0x08002899   Thumb Code    88  stm32f3xx_hal_dma.o(i.HAL_DMA_Abort_IT)
    HAL_Delay                                0x080028f1   Thumb Code    30  stm32f3xx_hal.o(i.HAL_Delay)
    HAL_GPIO_EXTI_Callback                   0x0800290f   Thumb Code     2  main.o(i.HAL_GPIO_EXTI_Callback)
    HAL_GPIO_EXTI_IRQHandler                 0x08002911   Thumb Code    24  stm32f3xx_hal_gpio.o(i.HAL_GPIO_EXTI_IRQHandler)
    HAL_GPIO_Init                            0x0800292d   Thumb Code   432  stm32f3xx_hal_gpio.o(i.HAL_GPIO_Init)
    HAL_GPIO_TogglePin                       0x08002af9   Thumb Code     8  stm32f3xx_hal_gpio.o(i.HAL_GPIO_TogglePin)
    HAL_GPIO_WritePin                        0x08002b01   Thumb Code    10  stm32f3xx_hal_gpio.o(i.HAL_GPIO_WritePin)
    HAL_GetTick                              0x08002b0d   Thumb Code     6  stm32f3xx_hal.o(i.HAL_GetTick)
    HAL_IncTick                              0x08002b19   Thumb Code    12  stm32f3xx_hal.o(i.HAL_IncTick)
    HAL_Init                                 0x08002b29   Thumb Code    34  stm32f3xx_hal.o(i.HAL_Init)
    HAL_InitTick                             0x08002b51   Thumb Code    36  stm32f3xx_hal.o(i.HAL_InitTick)
    HAL_MspInit                              0x08002b79   Thumb Code    58  stm32f3xx_hal_msp.o(i.HAL_MspInit)
    HAL_NVIC_EnableIRQ                       0x08002bb9   Thumb Code    32  stm32f3xx_hal_cortex.o(i.HAL_NVIC_EnableIRQ)
    HAL_NVIC_SetPriority                     0x08002bd9   Thumb Code   124  stm32f3xx_hal_cortex.o(i.HAL_NVIC_SetPriority)
    HAL_NVIC_SetPriorityGrouping             0x08002c55   Thumb Code    32  stm32f3xx_hal_cortex.o(i.HAL_NVIC_SetPriorityGrouping)
    HAL_RCCEx_PeriphCLKConfig                0x08002c7d   Thumb Code   730  stm32f3xx_hal_rcc_ex.o(i.HAL_RCCEx_PeriphCLKConfig)
    HAL_RCC_ClockConfig                      0x08002f65   Thumb Code   732  stm32f3xx_hal_rcc.o(i.HAL_RCC_ClockConfig)
    HAL_RCC_GetHCLKFreq                      0x08003251   Thumb Code     6  stm32f3xx_hal_rcc.o(i.HAL_RCC_GetHCLKFreq)
    HAL_RCC_GetPCLK1Freq                     0x0800325d   Thumb Code    36  stm32f3xx_hal_rcc.o(i.HAL_RCC_GetPCLK1Freq)
    HAL_RCC_GetPCLK2Freq                     0x08003289   Thumb Code    36  stm32f3xx_hal_rcc.o(i.HAL_RCC_GetPCLK2Freq)
    HAL_RCC_GetSysClockFreq                  0x080032b5   Thumb Code   120  stm32f3xx_hal_rcc.o(i.HAL_RCC_GetSysClockFreq)
    HAL_RCC_OscConfig                        0x08003341   Thumb Code  2550  stm32f3xx_hal_rcc.o(i.HAL_RCC_OscConfig)
    HAL_SYSTICK_Config                       0x08003d41   Thumb Code    52  stm32f3xx_hal_cortex.o(i.HAL_SYSTICK_Config)
    HAL_TIMEx_MasterConfigSynchronization    0x08003d75   Thumb Code    98  stm32f3xx_hal_tim_ex.o(i.HAL_TIMEx_MasterConfigSynchronization)
    HAL_TIM_Base_Init                        0x08003de1   Thumb Code    52  stm32f3xx_hal_tim.o(i.HAL_TIM_Base_Init)
    HAL_TIM_Base_MspInit                     0x08003e15   Thumb Code    40  stm32f3xx_hal_msp.o(i.HAL_TIM_Base_MspInit)
    HAL_TIM_ConfigClockSource                0x08003e45   Thumb Code   308  stm32f3xx_hal_tim.o(i.HAL_TIM_ConfigClockSource)
    HAL_TIM_MspPostInit                      0x08003f7d   Thumb Code    80  stm32f3xx_hal_msp.o(i.HAL_TIM_MspPostInit)
    HAL_TIM_PWM_ConfigChannel                0x08003fd5   Thumb Code   372  stm32f3xx_hal_tim_ex.o(i.HAL_TIM_PWM_ConfigChannel)
    HAL_TIM_PWM_Init                         0x08004149   Thumb Code    52  stm32f3xx_hal_tim.o(i.HAL_TIM_PWM_Init)
    HAL_TIM_PWM_MspInit                      0x0800417d   Thumb Code    40  stm32f3xx_hal_msp.o(i.HAL_TIM_PWM_MspInit)
    HAL_UARTEx_WakeupCallback                0x080041a9   Thumb Code     2  stm32f3xx_hal_uart_ex.o(i.HAL_UARTEx_WakeupCallback)
    HAL_UART_ErrorCallback                   0x080041ab   Thumb Code     2  stm32f3xx_hal_uart.o(i.HAL_UART_ErrorCallback)
    HAL_UART_IRQHandler                      0x080041ad   Thumb Code   386  stm32f3xx_hal_uart.o(i.HAL_UART_IRQHandler)
    HAL_UART_Init                            0x08004335   Thumb Code   120  stm32f3xx_hal_uart.o(i.HAL_UART_Init)
    HAL_UART_MspInit                         0x080043ad   Thumb Code   126  stm32f3xx_hal_msp.o(i.HAL_UART_MspInit)
    HAL_UART_RxCpltCallback                  0x08004439   Thumb Code     2  stm32f3xx_hal_uart.o(i.HAL_UART_RxCpltCallback)
    HAL_UART_Transmit                        0x0800443b   Thumb Code   198  stm32f3xx_hal_uart.o(i.HAL_UART_Transmit)
    HAL_UART_TxCpltCallback                  0x08004501   Thumb Code     2  stm32f3xx_hal_uart.o(i.HAL_UART_TxCpltCallback)
    HardFault_Handler                        0x08004503   Thumb Code     4  stm32f3xx_it.o(i.HardFault_Handler)
    LcdCls                                   0x08004609   Thumb Code    60  koibitoex_lcd2.o(i.LcdCls)
    LcdInit                                  0x08004659   Thumb Code   158  koibitoex_lcd2.o(i.LcdInit)
    LcdPutS                                  0x08004701   Thumb Code    32  koibitoex_lcd2.o(i.LcdPutS)
    LcdSetBackLight                          0x08004721   Thumb Code    40  koibitoex_lcd2.o(i.LcdSetBackLight)
    LcdSetCursor                             0x0800474d   Thumb Code    32  koibitoex_lcd2.o(i.LcdSetCursor)
    LcdSetPosition                           0x0800476d   Thumb Code    42  koibitoex_lcd2.o(i.LcdSetPosition)
    MemManage_Handler                        0x08004c33   Thumb Code     4  stm32f3xx_it.o(i.MemManage_Handler)
    NMI_Handler                              0x08004cd9   Thumb Code     2  stm32f3xx_it.o(i.NMI_Handler)
    OS_Tick_AcknowledgeIRQ                   0x08004cdb   Thumb Code     8  os_systick.o(i.OS_Tick_AcknowledgeIRQ)
    OS_Tick_Enable                           0x08004ce5   Thumb Code    38  os_systick.o(i.OS_Tick_Enable)
    OS_Tick_GetIRQn                          0x08004d15   Thumb Code     6  os_systick.o(i.OS_Tick_GetIRQn)
    OS_Tick_Setup                            0x08004d1d   Thumb Code    66  os_systick.o(i.OS_Tick_Setup)
    SystemClock_Config                       0x08004da3   Thumb Code   138  main.o(i.SystemClock_Config)
    SystemInit                               0x08004e2d   Thumb Code   104  system_stm32f3xx.o(i.SystemInit)
    Systick_Handler_Link                     0x08004ea9   Thumb Code     8  hal_systick_link.o(i.Systick_Handler_Link)
    TIM_Base_SetConfig                       0x08004eb1   Thumb Code   160  stm32f3xx_hal_tim.o(i.TIM_Base_SetConfig)
    TIM_ETR_SetConfig                        0x08004f6d   Thumb Code    24  stm32f3xx_hal_tim.o(i.TIM_ETR_SetConfig)
    TIM_OC1_SetConfig                        0x08004f99   Thumb Code   152  stm32f3xx_hal_tim.o(i.TIM_OC1_SetConfig)
    TIM_OC2_SetConfig                        0x08005049   Thumb Code   162  stm32f3xx_hal_tim.o(i.TIM_OC2_SetConfig)
    TIM_OC3_SetConfig                        0x08005105   Thumb Code   160  stm32f3xx_hal_tim.o(i.TIM_OC3_SetConfig)
    TIM_OC4_SetConfig                        0x080051bd   Thumb Code    98  stm32f3xx_hal_tim.o(i.TIM_OC4_SetConfig)
    UART_AdvFeatureConfig                    0x08005429   Thumb Code   234  stm32f3xx_hal_uart.o(i.UART_AdvFeatureConfig)
    UART_CheckIdleState                      0x08005513   Thumb Code   116  stm32f3xx_hal_uart.o(i.UART_CheckIdleState)
    UART_EndTransmit_IT                      0x080055bf   Thumb Code    32  stm32f3xx_hal_uart.o(i.UART_EndTransmit_IT)
    UART_Receive_IT                          0x080055df   Thumb Code   138  stm32f3xx_hal_uart.o(i.UART_Receive_IT)
    UART_SetConfig                           0x08005669   Thumb Code   716  stm32f3xx_hal_uart.o(i.UART_SetConfig)
    UART_Transmit_IT                         0x08005955   Thumb Code   106  stm32f3xx_hal_uart.o(i.UART_Transmit_IT)
    UART_WaitOnFlagUntilTimeout              0x080059bf   Thumb Code   108  stm32f3xx_hal_uart.o(i.UART_WaitOnFlagUntilTimeout)
    USART3_IRQHandler                        0x08005a2d   Thumb Code    10  stm32f3xx_it.o(i.USART3_IRQHandler)
    UsageFault_Handler                       0x08005a3d   Thumb Code     4  stm32f3xx_it.o(i.UsageFault_Handler)
    _is_digit                                0x08005a79   Thumb Code    14  __printf_wp.o(i._is_digit)
    _mutex_acquire                           0x08005a87   Thumb Code    22  rtx_lib.o(i._mutex_acquire)
    _mutex_free                              0x08005a9d   Thumb Code    12  rtx_lib.o(i._mutex_free)
    _mutex_initialize                        0x08005aa9   Thumb Code    34  rtx_lib.o(i._mutex_initialize)
    _mutex_release                           0x08005acb   Thumb Code    18  rtx_lib.o(i._mutex_release)
    _platform_post_stackheap_init            0x08005add   Thumb Code     8  rtx_lib.o(i._platform_post_stackheap_init)
    main                                     0x08005d71   Thumb Code   294  main.o(i.main)
    osDelay                                  0x08005eed   Thumb Code    54  rtx_delay.o(i.osDelay)
    osKernelGetState                         0x08005f29   Thumb Code    44  rtx_kernel.o(i.osKernelGetState)
    osKernelInitialize                       0x08005f59   Thumb Code    52  rtx_kernel.o(i.osKernelInitialize)
    osKernelStart                            0x08005f91   Thumb Code    48  rtx_kernel.o(i.osKernelStart)
    osMessageQueueGet                        0x08005fc5   Thumb Code    78  rtx_msgqueue.o(i.osMessageQueueGet)
    osMessageQueueNew                        0x08006019   Thumb Code    70  rtx_msgqueue.o(i.osMessageQueueNew)
    osMessageQueuePut                        0x08006065   Thumb Code    78  rtx_msgqueue.o(i.osMessageQueuePut)
    osMutexAcquire                           0x080060b9   Thumb Code    62  rtx_mutex.o(i.osMutexAcquire)
    osMutexDelete                            0x080060fd   Thumb Code    56  rtx_mutex.o(i.osMutexDelete)
    osMutexNew                               0x08006139   Thumb Code    54  rtx_mutex.o(i.osMutexNew)
    osMutexRelease                           0x08006175   Thumb Code    56  rtx_mutex.o(i.osMutexRelease)
    osRtxErrorNotify                         0x080061b1   Thumb Code    32  rtx_config.o(i.osRtxErrorNotify)
    osRtxIdleThread                          0x080061d1   Thumb Code     4  rtx_config.o(i.osRtxIdleThread)
    osRtxKernelPreInit                       0x080061e1   Thumb Code    14  rtx_lib.o(i.osRtxKernelPreInit)
    osRtxMemoryAlloc                         0x080061ef   Thumb Code   238  rtx_memory.o(i.osRtxMemoryAlloc)
    osRtxMemoryFree                          0x080062dd   Thumb Code   124  rtx_memory.o(i.osRtxMemoryFree)
    osRtxMemoryInit                          0x08006359   Thumb Code   106  rtx_memory.o(i.osRtxMemoryInit)
    osRtxMemoryPoolAlloc                     0x080063c3   Thumb Code    48  rtx_mempool.o(i.osRtxMemoryPoolAlloc)
    osRtxMemoryPoolFree                      0x080063f3   Thumb Code    68  rtx_mempool.o(i.osRtxMemoryPoolFree)
    osRtxMemoryPoolInit                      0x08006437   Thumb Code    88  rtx_mempool.o(i.osRtxMemoryPoolInit)
    osRtxMutexOwnerRelease                   0x08006597   Thumb Code    94  rtx_mutex.o(i.osRtxMutexOwnerRelease)
    osRtxPendSV_Handler                      0x080065f5   Thumb Code   130  rtx_system.o(i.osRtxPendSV_Handler)
    osRtxPostProcess                         0x0800667d   Thumb Code    50  rtx_system.o(i.osRtxPostProcess)
    osRtxThreadDelayTick                     0x080067f1   Thumb Code   220  rtx_thread.o(i.osRtxThreadDelayTick)
    osRtxThreadDispatch                      0x080068d1   Thumb Code   102  rtx_thread.o(i.osRtxThreadDispatch)
    osRtxThreadListGet                       0x080069ad   Thumb Code    26  rtx_thread.o(i.osRtxThreadListGet)
    osRtxThreadListPut                       0x080069c7   Thumb Code    44  rtx_thread.o(i.osRtxThreadListPut)
    osRtxThreadListRemove                    0x080069f3   Thumb Code    26  rtx_thread.o(i.osRtxThreadListRemove)
    osRtxThreadListSort                      0x08006a1d   Thumb Code    42  rtx_thread.o(i.osRtxThreadListSort)
    osRtxThreadReadyPut                      0x08006a7d   Thumb Code    18  rtx_thread.o(i.osRtxThreadReadyPut)
    osRtxThreadRegPtr                        0x08006a95   Thumb Code    24  rtx_thread.o(i.osRtxThreadRegPtr)
    osRtxThreadStackCheck                    0x08006ab9   Thumb Code    38  rtx_thread.o(i.osRtxThreadStackCheck)
    osRtxThreadStartup                       0x08006ae5   Thumb Code    60  rtx_thread.o(i.osRtxThreadStartup)
    osRtxThreadSwitch                        0x08006b31   Thumb Code    24  rtx_thread.o(i.osRtxThreadSwitch)
    osRtxThreadWaitEnter                     0x08006b4d   Thumb Code    72  rtx_thread.o(i.osRtxThreadWaitEnter)
    osRtxThreadWaitExit                      0x08006b99   Thumb Code    54  rtx_thread.o(i.osRtxThreadWaitExit)
    osRtxTick_Handler                        0x08006bd1   Thumb Code   154  rtx_system.o(i.osRtxTick_Handler)
    osRtxTimerThread                         0x08006c71   Thumb Code    66  rtx_timer.o(i.osRtxTimerThread)
    osSemaphoreAcquire                       0x08006d1d   Thumb Code   128  rtx_semaphore.o(i.osSemaphoreAcquire)
    osSemaphoreNew                           0x08006da1   Thumb Code    70  rtx_semaphore.o(i.osSemaphoreNew)
    osSemaphoreRelease                       0x08006ded   Thumb Code    50  rtx_semaphore.o(i.osSemaphoreRelease)
    osThreadExit                             0x08006e25   Thumb Code    28  rtx_thread.o(i.osThreadExit)
    osThreadNew                              0x08006e45   Thumb Code    70  rtx_thread.o(i.osThreadNew)
    _fp_init                                 0x08007f25   Thumb Code    10  fpinit.o(x$fpl$fpinit)
    __fplib_config_fpu_vfp                   0x08007f2d   Thumb Code     0  fpinit.o(x$fpl$fpinit)
    __fplib_config_pureend_doubles           0x08007f2d   Thumb Code     0  fpinit.o(x$fpl$fpinit)
    LedThread1_attr                          0x08007f30   Data          36  main.o(.constdata)
    LedThread2_attr                          0x08007f54   Data          36  main.o(.constdata)
    LcdThread1_attr                          0x08007f78   Data          36  main.o(.constdata)
    LcdThread2_attr                          0x08007f9c   Data          36  main.o(.constdata)
    uartThread1_attr                         0x08007fc0   Data          36  main.o(.constdata)
    uartThread2_attr                         0x08007fe4   Data          36  main.o(.constdata)
    irqRtxLib                                0x08008008   Data           1  irq_cm4f.o(.constdata)
    osRtxUserSVC                             0x0800806c   Data           4  rtx_lib.o(.constdata)
    EventRecorderInfo                        0x08008070   Data          24  eventrecorder.o(.constdata)
    aPLLMULFactorTable                       0x08008088   Data          16  stm32f3xx_hal_rcc.o(.constdata)
    aPredivFactorTable                       0x08008098   Data          16  stm32f3xx_hal_rcc.o(.constdata)
    AHBPrescTable                            0x080080a8   Data          16  system_stm32f3xx.o(.constdata)
    APBPrescTable                            0x080080b8   Data           8  system_stm32f3xx.o(.constdata)
    osRtxConfig                              0x080080e0   Data         104  rtx_lib.o(.rodata)
    Region$$Table$$Base                      0x08008148   Number         0  anon$$obj.o(Region$$Table)
    Region$$Table$$Limit                     0x08008168   Number         0  anon$$obj.o(Region$$Table)
    .bss.os.msgqueue.cb$$Base                0x20001040   Number         0  rtx_lib.o(.bss.os.msgqueue.cb)
    .bss.os.msgqueue.cb$$Limit               0x20001074   Number         0  rtx_lib.o(.bss.os.msgqueue.cb)
    .bss.os.thread.cb$$Base                  0x200010c4   Number         0  rtx_lib.o(.bss.os.thread.cb)
    .bss.os.thread.cb$$Limit                 0x2000114c   Number         0  rtx_lib.o(.bss.os.thread.cb)
    tid_LedThread1                           0x20001350   Data           4  main.o(.data)
    tid_LedThread2                           0x20001354   Data           4  main.o(.data)
    tid_LcdThread1                           0x20001358   Data           4  main.o(.data)
    tid_LcdThread2                           0x2000135c   Data           4  main.o(.data)
    tid_uartThread1                          0x20001360   Data           4  main.o(.data)
    tid_uartThread2                          0x20001364   Data           4  main.o(.data)
    mid_lcdMutex                             0x20001368   Data           4  main.o(.data)
    sid_BinSem1                              0x2000136c   Data           4  main.o(.data)
    sid_BinSem2                              0x20001370   Data           4  main.o(.data)
    irqRtxLibRef                             0x20001374   Data           4  rtx_lib.o(.data)
    uwTick                                   0x2000137c   Data           4  stm32f3xx_hal.o(.data)
    SystemCoreClock                          0x20001380   Data           4  system_stm32f3xx.o(.data)
    osRtxInfo                                0x20001384   Data         164  rtx_kernel.o(.data.os)
    hadc1                                    0x20001428   Data          84  main.o(.bss)
    htim2                                    0x2000147c   Data          64  main.o(.bss)
    htim3                                    0x200014bc   Data          64  main.o(.bss)
    huart3                                   0x200014fc   Data         112  main.o(.bss)
    __libspace_start                         0x2000156c   Data          96  libspace.o(.bss)
    __temporary_stack_top$libspace           0x200015cc   Data           0  libspace.o(.bss)



==============================================================================

Memory Map of the image

  Image Entry point : 0x08000189

  Load Region LR_IROM1 (Base: 0x08000000, Size: 0x00009590, Max: 0x00040000, ABSOLUTE, COMPRESSED[0x000081a4])

    Execution Region ER_IROM1 (Exec base: 0x08000000, Load base: 0x08000000, Size: 0x00008168, Max: 0x00040000, ABSOLUTE)

    Exec Addr    Load Addr    Size         Type   Attr      Idx    E Section Name        Object

    0x08000000   0x08000000   0x00000188   Data   RO         7634    RESET               startup_stm32f303xc.o
    0x08000188   0x08000188   0x00000008   Code   RO         7806  * !!!main             c_w.l(__main.o)
    0x08000190   0x08000190   0x00000034   Code   RO         7972    !!!scatter          c_w.l(__scatter.o)
    0x080001c4   0x080001c4   0x0000003a   Code   RO         7970    !!dczerorl          c_w.l(__dczerorl.o)
    0x080001fe   0x080001fe   0x00000002   PAD
    0x08000200   0x08000200   0x0000001c   Code   RO         7974    !!handler_zi        c_w.l(__scatter_zi.o)
    0x0800021c   0x0800021c   0x00000000   Code   RO         7793    .ARM.Collect$$_printf_percent$$00000000  c_w.l(_printf_percent.o)
    0x0800021c   0x0800021c   0x00000006   Code   RO         7792    .ARM.Collect$$_printf_percent$$00000009  c_w.l(_printf_d.o)
    0x08000222   0x08000222   0x00000004   Code   RO         7815    .ARM.Collect$$_printf_percent$$00000017  c_w.l(_printf_percent_end.o)
    0x08000226   0x08000226   0x00000002   Code   RO         7840    .ARM.Collect$$libinit$$00000000  c_w.l(libinit.o)
    0x08000228   0x08000228   0x00000004   Code   RO         7846    .ARM.Collect$$libinit$$00000001  c_w.l(libinit2.o)
    0x0800022c   0x0800022c   0x00000000   Code   RO         7849    .ARM.Collect$$libinit$$00000004  c_w.l(libinit2.o)
    0x0800022c   0x0800022c   0x00000000   Code   RO         7852    .ARM.Collect$$libinit$$0000000A  c_w.l(libinit2.o)
    0x0800022c   0x0800022c   0x00000000   Code   RO         7854    .ARM.Collect$$libinit$$0000000C  c_w.l(libinit2.o)
    0x0800022c   0x0800022c   0x00000000   Code   RO         7856    .ARM.Collect$$libinit$$0000000E  c_w.l(libinit2.o)
    0x0800022c   0x0800022c   0x00000000   Code   RO         7859    .ARM.Collect$$libinit$$00000011  c_w.l(libinit2.o)
    0x0800022c   0x0800022c   0x00000000   Code   RO         7861    .ARM.Collect$$libinit$$00000013  c_w.l(libinit2.o)
    0x0800022c   0x0800022c   0x00000000   Code   RO         7863    .ARM.Collect$$libinit$$00000015  c_w.l(libinit2.o)
    0x0800022c   0x0800022c   0x00000000   Code   RO         7865    .ARM.Collect$$libinit$$00000017  c_w.l(libinit2.o)
    0x0800022c   0x0800022c   0x00000000   Code   RO         7867    .ARM.Collect$$libinit$$00000019  c_w.l(libinit2.o)
    0x0800022c   0x0800022c   0x00000000   Code   RO         7869    .ARM.Collect$$libinit$$0000001B  c_w.l(libinit2.o)
    0x0800022c   0x0800022c   0x00000000   Code   RO         7871    .ARM.Collect$$libinit$$0000001D  c_w.l(libinit2.o)
    0x0800022c   0x0800022c   0x00000000   Code   RO         7873    .ARM.Collect$$libinit$$0000001F  c_w.l(libinit2.o)
    0x0800022c   0x0800022c   0x00000000   Code   RO         7875    .ARM.Collect$$libinit$$00000021  c_w.l(libinit2.o)
    0x0800022c   0x0800022c   0x00000000   Code   RO         7877    .ARM.Collect$$libinit$$00000023  c_w.l(libinit2.o)
    0x0800022c   0x0800022c   0x00000000   Code   RO         7879    .ARM.Collect$$libinit$$00000025  c_w.l(libinit2.o)
    0x0800022c   0x0800022c   0x00000000   Code   RO         7883    .ARM.Collect$$libinit$$0000002C  c_w.l(libinit2.o)
    0x0800022c   0x0800022c   0x00000000   Code   RO         7885    .ARM.Collect$$libinit$$0000002E  c_w.l(libinit2.o)
    0x0800022c   0x0800022c   0x00000000   Code   RO         7887    .ARM.Collect$$libinit$$00000030  c_w.l(libinit2.o)
    0x0800022c   0x0800022c   0x00000000   Code   RO         7889    .ARM.Collect$$libinit$$00000032  c_w.l(libinit2.o)
    0x0800022c   0x0800022c   0x00000002   Code   RO         7890    .ARM.Collect$$libinit$$00000033  c_w.l(libinit2.o)
    0x0800022e   0x0800022e   0x00000002   Code   RO         7910    .ARM.Collect$$libshutdown$$00000000  c_w.l(libshutdown.o)
    0x08000230   0x08000230   0x00000000   Code   RO         7923    .ARM.Collect$$libshutdown$$00000002  c_w.l(libshutdown2.o)
    0x08000230   0x08000230   0x00000000   Code   RO         7925    .ARM.Collect$$libshutdown$$00000004  c_w.l(libshutdown2.o)
    0x08000230   0x08000230   0x00000000   Code   RO         7928    .ARM.Collect$$libshutdown$$00000007  c_w.l(libshutdown2.o)
    0x08000230   0x08000230   0x00000000   Code   RO         7931    .ARM.Collect$$libshutdown$$0000000A  c_w.l(libshutdown2.o)
    0x08000230   0x08000230   0x00000000   Code   RO         7933    .ARM.Collect$$libshutdown$$0000000C  c_w.l(libshutdown2.o)
    0x08000230   0x08000230   0x00000000   Code   RO         7936    .ARM.Collect$$libshutdown$$0000000F  c_w.l(libshutdown2.o)
    0x08000230   0x08000230   0x00000002   Code   RO         7937    .ARM.Collect$$libshutdown$$00000010  c_w.l(libshutdown2.o)
    0x08000232   0x08000232   0x00000000   Code   RO         7808    .ARM.Collect$$rtentry$$00000000  c_w.l(__rtentry.o)
    0x08000232   0x08000232   0x00000000   Code   RO         7817    .ARM.Collect$$rtentry$$00000002  c_w.l(__rtentry2.o)
    0x08000232   0x08000232   0x00000006   Code   RO         7829    .ARM.Collect$$rtentry$$00000004  c_w.l(__rtentry4.o)
    0x08000238   0x08000238   0x00000008   Code   RO         7818    .ARM.Collect$$rtentry$$00000008  c_w.l(__rtentry2.o)
    0x08000240   0x08000240   0x00000004   Code   RO         7820    .ARM.Collect$$rtentry$$0000000A  c_w.l(__rtentry2.o)
    0x08000244   0x08000244   0x00000000   Code   RO         7822    .ARM.Collect$$rtentry$$0000000C  c_w.l(__rtentry2.o)
    0x08000244   0x08000244   0x00000008   Code   RO         7823    .ARM.Collect$$rtentry$$0000000D  c_w.l(__rtentry2.o)
    0x0800024c   0x0800024c   0x00000002   Code   RO         7844    .ARM.Collect$$rtexit$$00000000  c_w.l(rtexit.o)
    0x0800024e   0x0800024e   0x00000000   Code   RO         7892    .ARM.Collect$$rtexit$$00000002  c_w.l(rtexit2.o)
    0x0800024e   0x0800024e   0x00000004   Code   RO         7893    .ARM.Collect$$rtexit$$00000003  c_w.l(rtexit2.o)
    0x08000252   0x08000252   0x00000006   Code   RO         7894    .ARM.Collect$$rtexit$$00000004  c_w.l(rtexit2.o)
    0x08000258   0x08000258   0x00000148   Code   RO         2076    .emb_text           rtx_mempool.o
    0x080003a0   0x080003a0   0x00000148   Code   RO         2238    .emb_text           rtx_msgqueue.o
    0x080004e8   0x080004e8   0x00000148   Code   RO         2523    .emb_text           rtx_semaphore.o
    0x08000630   0x08000630   0x00000148   Code   RO         2644    .emb_text           rtx_system.o
    0x08000778   0x08000778   0x00000148   Code   RO         2700    .emb_text           rtx_thread.o
    0x080008c0   0x080008c0   0x00000074   Code   RO         3348    .emb_text           eventrecorder.o
    0x08000934   0x08000934   0x000000c4   Code   RO          426    .text               irq_cm4f.o
    0x080009f8   0x080009f8   0x00000050   Code   RO         7635    .text               startup_stm32f303xc.o
    0x08000a48   0x08000a48   0x00000028   Code   RO         7764    .text               c_w.l(noretval__2sprintf.o)
    0x08000a70   0x08000a70   0x0000004e   Code   RO         7768    .text               c_w.l(_printf_pad.o)
    0x08000abe   0x08000abe   0x00000002   PAD
    0x08000ac0   0x08000ac0   0x00000078   Code   RO         7770    .text               c_w.l(_printf_dec.o)
    0x08000b38   0x08000b38   0x00000138   Code   RO         7784    .text               c_w.l(__printf_flags_wp.o)
    0x08000c70   0x08000c70   0x0000003e   Code   RO         7794    .text               c_w.l(strlen.o)
    0x08000cae   0x08000cae   0x0000008a   Code   RO         7796    .text               c_w.l(rt_memcpy_v6.o)
    0x08000d38   0x08000d38   0x00000064   Code   RO         7798    .text               c_w.l(rt_memcpy_w.o)
    0x08000d9c   0x08000d9c   0x00000044   Code   RO         7800    .text               c_w.l(rt_memclr.o)
    0x08000de0   0x08000de0   0x0000004e   Code   RO         7802    .text               c_w.l(rt_memclr_w.o)
    0x08000e2e   0x08000e2e   0x00000006   Code   RO         7804    .text               c_w.l(heapauxi.o)
    0x08000e34   0x08000e34   0x000000b2   Code   RO         7809    .text               c_w.l(_printf_intcommon.o)
    0x08000ee6   0x08000ee6   0x00000002   PAD
    0x08000ee8   0x08000ee8   0x00000030   Code   RO         7811    .text               c_w.l(_printf_char_common.o)
    0x08000f18   0x08000f18   0x0000000a   Code   RO         7813    .text               c_w.l(_sputc.o)
    0x08000f22   0x08000f22   0x0000004a   Code   RO         7833    .text               c_w.l(sys_stackheap_outer.o)
    0x08000f6c   0x08000f6c   0x00000012   Code   RO         7835    .text               c_w.l(exit.o)
    0x08000f7e   0x08000f7e   0x00000002   PAD
    0x08000f80   0x08000f80   0x00000008   Code   RO         7841    .text               c_w.l(libspace.o)
    0x08000f88   0x08000f88   0x0000000c   Code   RO         7902    .text               c_w.l(sys_exit.o)
    0x08000f94   0x08000f94   0x00000002   Code   RO         7913    .text               c_w.l(use_no_semi.o)
    0x08000f96   0x08000f96   0x00000000   Code   RO         7915    .text               c_w.l(indicate_semi.o)
    0x08000f96   0x08000f96   0x00000002   PAD
    0x08000f98   0x08000f98   0x00000010   Code   RO          232    i.ADC1_2_IRQHandler  stm32f3xx_it.o
    0x08000fa8   0x08000fa8   0x00000098   Code   RO         3789    i.ADC_Disable       stm32f3xx_hal_adc_ex.o
    0x08001040   0x08001040   0x00000004   Code   RO          233    i.BusFault_Handler  stm32f3xx_it.o
    0x08001044   0x08001044   0x00000002   Code   RO          234    i.DebugMon_Handler  stm32f3xx_it.o
    0x08001046   0x08001046   0x00000020   Code   RO          235    i.EXTI9_5_IRQHandler  stm32f3xx_it.o
    0x08001066   0x08001066   0x00000002   Code   RO            4    i.Error_Handler     main.o
    0x08001068   0x08001068   0x00000028   Code   RO         3349    i.EventCheckFilter  eventrecorder.o
    0x08001090   0x08001090   0x0000003c   Code   RO         3350    i.EventGetTS        eventrecorder.o
    0x080010cc   0x080010cc   0x00000046   Code   RO         3351    i.EventRecord2      eventrecorder.o
    0x08001112   0x08001112   0x00000076   Code   RO         3352    i.EventRecord4      eventrecorder.o
    0x08001188   0x08001188   0x000000d8   Code   RO         3354    i.EventRecordItem   eventrecorder.o
    0x08001260   0x08001260   0x0000005c   Code   RO         3357    i.EventRecorderEnable  eventrecorder.o
    0x080012bc   0x080012bc   0x00000128   Code   RO         3358    i.EventRecorderInitialize  eventrecorder.o
    0x080013e4   0x080013e4   0x00000030   Code   RO         3359    i.EventRecorderStart  eventrecorder.o
    0x08001414   0x08001414   0x0000000c   Code   RO         3361    i.EventRecorderTimerGetCount  eventrecorder.o
    0x08001420   0x08001420   0x0000000c   Code   RO         3362    i.EventRecorderTimerGetFreq  eventrecorder.o
    0x0800142c   0x0800142c   0x00000024   Code   RO         3363    i.EventRecorderTimerSetup  eventrecorder.o
    0x08001450   0x08001450   0x00000014   Code   RO          667    i.EvrRtxDelay       rtx_evr.o
    0x08001464   0x08001464   0x00000014   Code   RO          668    i.EvrRtxDelayCompleted  rtx_evr.o
    0x08001478   0x08001478   0x00000012   Code   RO          669    i.EvrRtxDelayError  rtx_evr.o
    0x0800148a   0x0800148a   0x00000002   PAD
    0x0800148c   0x0800148c   0x00000014   Code   RO          670    i.EvrRtxDelayStarted  rtx_evr.o
    0x080014a0   0x080014a0   0x00000014   Code   RO          688    i.EvrRtxEventFlagsWaitTimeout  rtx_evr.o
    0x080014b4   0x080014b4   0x00000012   Code   RO          689    i.EvrRtxKernelError  rtx_evr.o
    0x080014c6   0x080014c6   0x00000002   PAD
    0x080014c8   0x080014c8   0x00000014   Code   RO          696    i.EvrRtxKernelInitialize  rtx_evr.o
    0x080014dc   0x080014dc   0x00000014   Code   RO          697    i.EvrRtxKernelInitialized  rtx_evr.o
    0x080014f0   0x080014f0   0x00000014   Code   RO          704    i.EvrRtxKernelStart  rtx_evr.o
    0x08001504   0x08001504   0x00000014   Code   RO          705    i.EvrRtxKernelStarted  rtx_evr.o
    0x08001518   0x08001518   0x00000020   Code   RO          710    i.EvrRtxMemoryAlloc  rtx_evr.o
    0x08001538   0x08001538   0x00000018   Code   RO          711    i.EvrRtxMemoryBlockAlloc  rtx_evr.o
    0x08001550   0x08001550   0x00000020   Code   RO          712    i.EvrRtxMemoryBlockFree  rtx_evr.o
    0x08001570   0x08001570   0x00000020   Code   RO          713    i.EvrRtxMemoryBlockInit  rtx_evr.o
    0x08001590   0x08001590   0x00000020   Code   RO          714    i.EvrRtxMemoryFree  rtx_evr.o
    0x080015b0   0x080015b0   0x0000001c   Code   RO          715    i.EvrRtxMemoryInit  rtx_evr.o
    0x080015cc   0x080015cc   0x00000014   Code   RO          719    i.EvrRtxMemoryPoolAllocTimeout  rtx_evr.o
    0x080015e0   0x080015e0   0x00000018   Code   RO          734    i.EvrRtxMessageQueueCreated  rtx_evr.o
    0x080015f8   0x080015f8   0x00000014   Code   RO          737    i.EvrRtxMessageQueueError  rtx_evr.o
    0x0800160c   0x0800160c   0x00000020   Code   RO          738    i.EvrRtxMessageQueueGet  rtx_evr.o
    0x0800162c   0x0800162c   0x00000020   Code   RO          743    i.EvrRtxMessageQueueGetPending  rtx_evr.o
    0x0800164c   0x0800164c   0x00000014   Code   RO          745    i.EvrRtxMessageQueueGetTimeout  rtx_evr.o
    0x08001660   0x08001660   0x00000018   Code   RO          746    i.EvrRtxMessageQueueInsertPending  rtx_evr.o
    0x08001678   0x08001678   0x00000018   Code   RO          747    i.EvrRtxMessageQueueInserted  rtx_evr.o
    0x08001690   0x08001690   0x00000020   Code   RO          748    i.EvrRtxMessageQueueNew  rtx_evr.o
    0x080016b0   0x080016b0   0x00000018   Code   RO          749    i.EvrRtxMessageQueueNotInserted  rtx_evr.o
    0x080016c8   0x080016c8   0x00000018   Code   RO          750    i.EvrRtxMessageQueueNotRetrieved  rtx_evr.o
    0x080016e0   0x080016e0   0x00000020   Code   RO          751    i.EvrRtxMessageQueuePut  rtx_evr.o
    0x08001700   0x08001700   0x00000020   Code   RO          752    i.EvrRtxMessageQueuePutPending  rtx_evr.o
    0x08001720   0x08001720   0x00000014   Code   RO          753    i.EvrRtxMessageQueuePutTimeout  rtx_evr.o
    0x08001734   0x08001734   0x00000018   Code   RO          756    i.EvrRtxMessageQueueRetrieved  rtx_evr.o
    0x0800174c   0x0800174c   0x00000018   Code   RO          757    i.EvrRtxMutexAcquire  rtx_evr.o
    0x08001764   0x08001764   0x00000018   Code   RO          758    i.EvrRtxMutexAcquirePending  rtx_evr.o
    0x0800177c   0x0800177c   0x00000014   Code   RO          759    i.EvrRtxMutexAcquireTimeout  rtx_evr.o
    0x08001790   0x08001790   0x00000018   Code   RO          760    i.EvrRtxMutexAcquired  rtx_evr.o
    0x080017a8   0x080017a8   0x00000018   Code   RO          761    i.EvrRtxMutexCreated  rtx_evr.o
    0x080017c0   0x080017c0   0x00000014   Code   RO          762    i.EvrRtxMutexDelete  rtx_evr.o
    0x080017d4   0x080017d4   0x00000014   Code   RO          763    i.EvrRtxMutexDestroyed  rtx_evr.o
    0x080017e8   0x080017e8   0x00000014   Code   RO          764    i.EvrRtxMutexError  rtx_evr.o
    0x080017fc   0x080017fc   0x00000014   Code   RO          767    i.EvrRtxMutexNew    rtx_evr.o
    0x08001810   0x08001810   0x00000014   Code   RO          768    i.EvrRtxMutexNotAcquired  rtx_evr.o
    0x08001824   0x08001824   0x00000014   Code   RO          769    i.EvrRtxMutexRelease  rtx_evr.o
    0x08001838   0x08001838   0x00000018   Code   RO          770    i.EvrRtxMutexReleased  rtx_evr.o
    0x08001850   0x08001850   0x00000018   Code   RO          771    i.EvrRtxSemaphoreAcquire  rtx_evr.o
    0x08001868   0x08001868   0x00000018   Code   RO          772    i.EvrRtxSemaphoreAcquirePending  rtx_evr.o
    0x08001880   0x08001880   0x00000014   Code   RO          773    i.EvrRtxSemaphoreAcquireTimeout  rtx_evr.o
    0x08001894   0x08001894   0x00000018   Code   RO          774    i.EvrRtxSemaphoreAcquired  rtx_evr.o
    0x080018ac   0x080018ac   0x00000018   Code   RO          775    i.EvrRtxSemaphoreCreated  rtx_evr.o
    0x080018c4   0x080018c4   0x00000014   Code   RO          778    i.EvrRtxSemaphoreError  rtx_evr.o
    0x080018d8   0x080018d8   0x00000020   Code   RO          781    i.EvrRtxSemaphoreNew  rtx_evr.o
    0x080018f8   0x080018f8   0x00000014   Code   RO          782    i.EvrRtxSemaphoreNotAcquired  rtx_evr.o
    0x0800190c   0x0800190c   0x00000014   Code   RO          783    i.EvrRtxSemaphoreRelease  rtx_evr.o
    0x08001920   0x08001920   0x00000018   Code   RO          784    i.EvrRtxSemaphoreReleased  rtx_evr.o
    0x08001938   0x08001938   0x00000018   Code   RO          785    i.EvrRtxThreadBlocked  rtx_evr.o
    0x08001950   0x08001950   0x00000028   Code   RO          786    i.EvrRtxThreadCreated  rtx_evr.o
    0x08001978   0x08001978   0x00000014   Code   RO          787    i.EvrRtxThreadDestroyed  rtx_evr.o
    0x0800198c   0x0800198c   0x00000014   Code   RO          791    i.EvrRtxThreadError  rtx_evr.o
    0x080019a0   0x080019a0   0x00000014   Code   RO          792    i.EvrRtxThreadExit  rtx_evr.o
    0x080019b4   0x080019b4   0x00000020   Code   RO          800    i.EvrRtxThreadFlagsWaitCompleted  rtx_evr.o
    0x080019d4   0x080019d4   0x00000014   Code   RO          803    i.EvrRtxThreadFlagsWaitTimeout  rtx_evr.o
    0x080019e8   0x080019e8   0x00000014   Code   RO          813    i.EvrRtxThreadJoined  rtx_evr.o
    0x080019fc   0x080019fc   0x00000020   Code   RO          814    i.EvrRtxThreadNew   rtx_evr.o
    0x08001a1c   0x08001a1c   0x00000014   Code   RO          815    i.EvrRtxThreadPreempted  rtx_evr.o
    0x08001a30   0x08001a30   0x00000014   Code   RO          822    i.EvrRtxThreadSwitched  rtx_evr.o
    0x08001a44   0x08001a44   0x00000018   Code   RO          824    i.EvrRtxThreadUnblocked  rtx_evr.o
    0x08001a5c   0x08001a5c   0x00000018   Code   RO          826    i.EvrRtxTimerCallback  rtx_evr.o
    0x08001a74   0x08001a74   0x00000010   Code   RO         3364    i.GetContext        eventrecorder.o
    0x08001a84   0x08001a84   0x00000002   Code   RO         3795    i.HAL_ADCEx_InjectedConvCpltCallback  stm32f3xx_hal_adc_ex.o
    0x08001a86   0x08001a86   0x00000002   Code   RO         3798    i.HAL_ADCEx_InjectedQueueOverflowCallback  stm32f3xx_hal_adc_ex.o
    0x08001a88   0x08001a88   0x00000002   Code   RO         3803    i.HAL_ADCEx_LevelOutOfWindow2Callback  stm32f3xx_hal_adc_ex.o
    0x08001a8a   0x08001a8a   0x00000002   Code   RO         3804    i.HAL_ADCEx_LevelOutOfWindow3Callback  stm32f3xx_hal_adc_ex.o
    0x08001a8c   0x08001a8c   0x00000184   Code   RO         3805    i.HAL_ADCEx_MultiModeConfigChannel  stm32f3xx_hal_adc_ex.o
    0x08001c10   0x08001c10   0x00000468   Code   RO         3814    i.HAL_ADC_ConfigChannel  stm32f3xx_hal_adc_ex.o
    0x08002078   0x08002078   0x00000002   Code   RO            5    i.HAL_ADC_ConvCpltCallback  main.o
    0x0800207a   0x0800207a   0x00000002   Code   RO         3636    i.HAL_ADC_ErrorCallback  stm32f3xx_hal_adc.o
    0x0800207c   0x0800207c   0x000004c8   Code   RO         3817    i.HAL_ADC_IRQHandler  stm32f3xx_hal_adc_ex.o
    0x08002544   0x08002544   0x000002d4   Code   RO         3818    i.HAL_ADC_Init      stm32f3xx_hal_adc_ex.o
    0x08002818   0x08002818   0x00000002   Code   RO         3642    i.HAL_ADC_LevelOutOfWindowCallback  stm32f3xx_hal_adc.o
    0x0800281a   0x0800281a   0x00000002   PAD
    0x0800281c   0x0800281c   0x0000007c   Code   RO         7643    i.HAL_ADC_MspInit   stm32f3xx_hal_msp.o
    0x08002898   0x08002898   0x00000058   Code   RO         4354    i.HAL_DMA_Abort_IT  stm32f3xx_hal_dma.o
    0x080028f0   0x080028f0   0x0000001e   Code   RO         3481    i.HAL_Delay         stm32f3xx_hal.o
    0x0800290e   0x0800290e   0x00000002   Code   RO            6    i.HAL_GPIO_EXTI_Callback  main.o
    0x08002910   0x08002910   0x0000001c   Code   RO         4674    i.HAL_GPIO_EXTI_IRQHandler  stm32f3xx_hal_gpio.o
    0x0800292c   0x0800292c   0x000001cc   Code   RO         4675    i.HAL_GPIO_Init     stm32f3xx_hal_gpio.o
    0x08002af8   0x08002af8   0x00000008   Code   RO         4678    i.HAL_GPIO_TogglePin  stm32f3xx_hal_gpio.o
    0x08002b00   0x08002b00   0x0000000a   Code   RO         4679    i.HAL_GPIO_WritePin  stm32f3xx_hal_gpio.o
    0x08002b0a   0x08002b0a   0x00000002   PAD
    0x08002b0c   0x08002b0c   0x0000000c   Code   RO         3485    i.HAL_GetTick       stm32f3xx_hal.o
    0x08002b18   0x08002b18   0x00000010   Code   RO         3489    i.HAL_IncTick       stm32f3xx_hal.o
    0x08002b28   0x08002b28   0x00000028   Code   RO         3490    i.HAL_Init          stm32f3xx_hal.o
    0x08002b50   0x08002b50   0x00000028   Code   RO         3491    i.HAL_InitTick      stm32f3xx_hal.o
    0x08002b78   0x08002b78   0x00000040   Code   RO         7644    i.HAL_MspInit       stm32f3xx_hal_msp.o
    0x08002bb8   0x08002bb8   0x00000020   Code   RO         4124    i.HAL_NVIC_EnableIRQ  stm32f3xx_hal_cortex.o
    0x08002bd8   0x08002bd8   0x0000007c   Code   RO         4130    i.HAL_NVIC_SetPriority  stm32f3xx_hal_cortex.o
    0x08002c54   0x08002c54   0x00000028   Code   RO         4131    i.HAL_NVIC_SetPriorityGrouping  stm32f3xx_hal_cortex.o
    0x08002c7c   0x08002c7c   0x000002e8   Code   RO         5753    i.HAL_RCCEx_PeriphCLKConfig  stm32f3xx_hal_rcc_ex.o
    0x08002f64   0x08002f64   0x000002ec   Code   RO         5643    i.HAL_RCC_ClockConfig  stm32f3xx_hal_rcc.o
    0x08003250   0x08003250   0x0000000c   Code   RO         5648    i.HAL_RCC_GetHCLKFreq  stm32f3xx_hal_rcc.o
    0x0800325c   0x0800325c   0x0000002c   Code   RO         5650    i.HAL_RCC_GetPCLK1Freq  stm32f3xx_hal_rcc.o
    0x08003288   0x08003288   0x0000002c   Code   RO         5651    i.HAL_RCC_GetPCLK2Freq  stm32f3xx_hal_rcc.o
    0x080032b4   0x080032b4   0x0000008c   Code   RO         5652    i.HAL_RCC_GetSysClockFreq  stm32f3xx_hal_rcc.o
    0x08003340   0x08003340   0x00000a00   Code   RO         5655    i.HAL_RCC_OscConfig  stm32f3xx_hal_rcc.o
    0x08003d40   0x08003d40   0x00000034   Code   RO         4135    i.HAL_SYSTICK_Config  stm32f3xx_hal_cortex.o
    0x08003d74   0x08003d74   0x0000006c   Code   RO         6675    i.HAL_TIMEx_MasterConfigSynchronization  stm32f3xx_hal_tim_ex.o
    0x08003de0   0x08003de0   0x00000034   Code   RO         5997    i.HAL_TIM_Base_Init  stm32f3xx_hal_tim.o
    0x08003e14   0x08003e14   0x00000030   Code   RO         7646    i.HAL_TIM_Base_MspInit  stm32f3xx_hal_msp.o
    0x08003e44   0x08003e44   0x00000138   Code   RO         6006    i.HAL_TIM_ConfigClockSource  stm32f3xx_hal_tim.o
    0x08003f7c   0x08003f7c   0x00000058   Code   RO         7647    i.HAL_TIM_MspPostInit  stm32f3xx_hal_msp.o
    0x08003fd4   0x08003fd4   0x00000174   Code   RO         6695    i.HAL_TIM_PWM_ConfigChannel  stm32f3xx_hal_tim_ex.o
    0x08004148   0x08004148   0x00000034   Code   RO         6068    i.HAL_TIM_PWM_Init  stm32f3xx_hal_tim.o
    0x0800417c   0x0800417c   0x0000002c   Code   RO         7649    i.HAL_TIM_PWM_MspInit  stm32f3xx_hal_msp.o
    0x080041a8   0x080041a8   0x00000002   Code   RO         7330    i.HAL_UARTEx_WakeupCallback  stm32f3xx_hal_uart_ex.o
    0x080041aa   0x080041aa   0x00000002   Code   RO         6983    i.HAL_UART_ErrorCallback  stm32f3xx_hal_uart.o
    0x080041ac   0x080041ac   0x00000188   Code   RO         6986    i.HAL_UART_IRQHandler  stm32f3xx_hal_uart.o
    0x08004334   0x08004334   0x00000078   Code   RO         6987    i.HAL_UART_Init     stm32f3xx_hal_uart.o
    0x080043ac   0x080043ac   0x0000008c   Code   RO         7651    i.HAL_UART_MspInit  stm32f3xx_hal_msp.o
    0x08004438   0x08004438   0x00000002   Code   RO         6993    i.HAL_UART_RxCpltCallback  stm32f3xx_hal_uart.o
    0x0800443a   0x0800443a   0x000000c6   Code   RO         6995    i.HAL_UART_Transmit  stm32f3xx_hal_uart.o
    0x08004500   0x08004500   0x00000002   Code   RO         6998    i.HAL_UART_TxCpltCallback  stm32f3xx_hal_uart.o
    0x08004502   0x08004502   0x00000004   Code   RO          236    i.HardFault_Handler  stm32f3xx_it.o
    0x08004506   0x08004506   0x00000018   Code   RO          434    i.IsIrqMasked       rtx_delay.o
    0x0800451e   0x0800451e   0x00000018   Code   RO         1715    i.IsIrqMasked       rtx_kernel.o
    0x08004536   0x08004536   0x00000018   Code   RO         2239    i.IsIrqMasked       rtx_msgqueue.o
    0x0800454e   0x0800454e   0x00000018   Code   RO         2417    i.IsIrqMasked       rtx_mutex.o
    0x08004566   0x08004566   0x00000018   Code   RO         2524    i.IsIrqMasked       rtx_semaphore.o
    0x0800457e   0x0800457e   0x00000018   Code   RO         2701    i.IsIrqMasked       rtx_thread.o
    0x08004596   0x08004596   0x00000010   Code   RO          435    i.IsIrqMode         rtx_delay.o
    0x080045a6   0x080045a6   0x00000010   Code   RO         1716    i.IsIrqMode         rtx_kernel.o
    0x080045b6   0x080045b6   0x00000010   Code   RO         2240    i.IsIrqMode         rtx_msgqueue.o
    0x080045c6   0x080045c6   0x00000010   Code   RO         2418    i.IsIrqMode         rtx_mutex.o
    0x080045d6   0x080045d6   0x00000010   Code   RO         2525    i.IsIrqMode         rtx_semaphore.o
    0x080045e6   0x080045e6   0x00000010   Code   RO         2702    i.IsIrqMode         rtx_thread.o
    0x080045f6   0x080045f6   0x00000010   Code   RO         1717    i.IsPrivileged      rtx_kernel.o
    0x08004606   0x08004606   0x00000002   PAD
    0x08004608   0x08004608   0x00000050   Code   RO          346    i.LcdCls            koibitoex_lcd2.o
    0x08004658   0x08004658   0x000000a8   Code   RO          347    i.LcdInit           koibitoex_lcd2.o
    0x08004700   0x08004700   0x00000020   Code   RO          349    i.LcdPutS           koibitoex_lcd2.o
    0x08004720   0x08004720   0x0000002c   Code   RO          350    i.LcdSetBackLight   koibitoex_lcd2.o
    0x0800474c   0x0800474c   0x00000020   Code   RO          351    i.LcdSetCursor      koibitoex_lcd2.o
    0x0800476c   0x0800476c   0x0000002a   Code   RO          352    i.LcdSetPosition    koibitoex_lcd2.o
    0x08004796   0x08004796   0x00000002   PAD
    0x08004798   0x08004798   0x00000054   Code   RO            7    i.LcdThread1        main.o
    0x080047ec   0x080047ec   0x00000054   Code   RO            8    i.LcdThread2        main.o
    0x08004840   0x08004840   0x00000024   Code   RO          353    i.LcdWriteCmd       koibitoex_lcd2.o
    0x08004864   0x08004864   0x00000024   Code   RO          354    i.LcdWriteData      koibitoex_lcd2.o
    0x08004888   0x08004888   0x00000054   Code   RO          355    i.LcdWriteNibble    koibitoex_lcd2.o
    0x080048dc   0x080048dc   0x00000018   Code   RO            9    i.LedThread1        main.o
    0x080048f4   0x080048f4   0x00000018   Code   RO           10    i.LedThread2        main.o
    0x0800490c   0x0800490c   0x00000094   Code   RO           11    i.MX_ADC1_Init      main.o
    0x080049a0   0x080049a0   0x00000134   Code   RO           12    i.MX_GPIO_Init      main.o
    0x08004ad4   0x08004ad4   0x000000a0   Code   RO           13    i.MX_TIM2_Init      main.o
    0x08004b74   0x08004b74   0x00000074   Code   RO           14    i.MX_TIM3_Init      main.o
    0x08004be8   0x08004be8   0x00000040   Code   RO           15    i.MX_USART3_UART_Init  main.o
    0x08004c28   0x08004c28   0x0000000a   Code   RO         2026    i.MemBlockPtr       rtx_memory.o
    0x08004c32   0x08004c32   0x00000004   Code   RO          237    i.MemManage_Handler  stm32f3xx_it.o
    0x08004c36   0x08004c36   0x00000034   Code   RO         2241    i.MessageQueueGet   rtx_msgqueue.o
    0x08004c6a   0x08004c6a   0x0000004c   Code   RO         2242    i.MessageQueuePut   rtx_msgqueue.o
    0x08004cb6   0x08004cb6   0x00000022   Code   RO         2243    i.MessageQueueRemove  rtx_msgqueue.o
    0x08004cd8   0x08004cd8   0x00000002   Code   RO          238    i.NMI_Handler       stm32f3xx_it.o
    0x08004cda   0x08004cda   0x00000008   Code   RO         3244    i.OS_Tick_AcknowledgeIRQ  os_systick.o
    0x08004ce2   0x08004ce2   0x00000002   PAD
    0x08004ce4   0x08004ce4   0x00000030   Code   RO         3246    i.OS_Tick_Enable    os_systick.o
    0x08004d14   0x08004d14   0x00000006   Code   RO         3249    i.OS_Tick_GetIRQn   os_systick.o
    0x08004d1a   0x08004d1a   0x00000002   PAD
    0x08004d1c   0x08004d1c   0x00000050   Code   RO         3252    i.OS_Tick_Setup     os_systick.o
    0x08004d6c   0x08004d6c   0x00000018   Code   RO         2526    i.SemaphoreTokenDecrement  rtx_semaphore.o
    0x08004d84   0x08004d84   0x0000001e   Code   RO         2527    i.SemaphoreTokenIncrement  rtx_semaphore.o
    0x08004da2   0x08004da2   0x0000008a   Code   RO           16    i.SystemClock_Config  main.o
    0x08004e2c   0x08004e2c   0x0000007c   Code   RO         7725    i.SystemInit        system_stm32f3xx.o
    0x08004ea8   0x08004ea8   0x00000008   Code   RO          318    i.Systick_Handler_Link  hal_systick_link.o
    0x08004eb0   0x08004eb0   0x000000bc   Code   RO         6083    i.TIM_Base_SetConfig  stm32f3xx_hal_tim.o
    0x08004f6c   0x08004f6c   0x00000018   Code   RO         6090    i.TIM_ETR_SetConfig  stm32f3xx_hal_tim.o
    0x08004f84   0x08004f84   0x00000014   Code   RO         6091    i.TIM_ITRx_SetConfig  stm32f3xx_hal_tim.o
    0x08004f98   0x08004f98   0x000000b0   Code   RO         6092    i.TIM_OC1_SetConfig  stm32f3xx_hal_tim.o
    0x08005048   0x08005048   0x000000bc   Code   RO         6093    i.TIM_OC2_SetConfig  stm32f3xx_hal_tim.o
    0x08005104   0x08005104   0x000000b8   Code   RO         6094    i.TIM_OC3_SetConfig  stm32f3xx_hal_tim.o
    0x080051bc   0x080051bc   0x0000007c   Code   RO         6095    i.TIM_OC4_SetConfig  stm32f3xx_hal_tim.o
    0x08005238   0x08005238   0x00000074   Code   RO         6698    i.TIM_OC5_SetConfig  stm32f3xx_hal_tim_ex.o
    0x080052ac   0x080052ac   0x00000078   Code   RO         6699    i.TIM_OC6_SetConfig  stm32f3xx_hal_tim_ex.o
    0x08005324   0x08005324   0x0000002a   Code   RO         6097    i.TIM_TI1_ConfigInputStage  stm32f3xx_hal_tim.o
    0x0800534e   0x0800534e   0x0000002c   Code   RO         6099    i.TIM_TI2_ConfigInputStage  stm32f3xx_hal_tim.o
    0x0800537a   0x0800537a   0x00000056   Code   RO         2703    i.ThreadFlagsCheck  rtx_thread.o
    0x080053d0   0x080053d0   0x00000040   Code   RO         3120    i.TimerInsert       rtx_timer.o
    0x08005410   0x08005410   0x00000018   Code   RO         3122    i.TimerUnlink       rtx_timer.o
    0x08005428   0x08005428   0x000000ea   Code   RO         7000    i.UART_AdvFeatureConfig  stm32f3xx_hal_uart.o
    0x08005512   0x08005512   0x00000074   Code   RO         7001    i.UART_CheckIdleState  stm32f3xx_hal_uart.o
    0x08005586   0x08005586   0x00000018   Code   RO         7002    i.UART_DMAAbortOnError  stm32f3xx_hal_uart.o
    0x0800559e   0x0800559e   0x00000020   Code   RO         7012    i.UART_EndRxTransfer  stm32f3xx_hal_uart.o
    0x080055be   0x080055be   0x00000020   Code   RO         7013    i.UART_EndTransmit_IT  stm32f3xx_hal_uart.o
    0x080055de   0x080055de   0x0000008a   Code   RO         7015    i.UART_Receive_IT   stm32f3xx_hal_uart.o
    0x08005668   0x08005668   0x000002ec   Code   RO         7016    i.UART_SetConfig    stm32f3xx_hal_uart.o
    0x08005954   0x08005954   0x0000006a   Code   RO         7017    i.UART_Transmit_IT  stm32f3xx_hal_uart.o
    0x080059be   0x080059be   0x0000006c   Code   RO         7018    i.UART_WaitOnFlagUntilTimeout  stm32f3xx_hal_uart.o
    0x08005a2a   0x08005a2a   0x00000002   PAD
    0x08005a2c   0x08005a2c   0x00000010   Code   RO          239    i.USART3_IRQHandler  stm32f3xx_it.o
    0x08005a3c   0x08005a3c   0x00000004   Code   RO          240    i.UsageFault_Handler  stm32f3xx_it.o
    0x08005a40   0x08005a40   0x00000010   Code   RO         4137    i.__NVIC_GetPriorityGrouping  stm32f3xx_hal_cortex.o
    0x08005a50   0x08005a50   0x00000028   Code   RO         4138    i.__NVIC_SetPriority  stm32f3xx_hal_cortex.o
    0x08005a78   0x08005a78   0x0000000e   Code   RO         7782    i._is_digit         c_w.l(__printf_wp.o)
    0x08005a86   0x08005a86   0x00000016   Code   RO         1934    i._mutex_acquire    rtx_lib.o
    0x08005a9c   0x08005a9c   0x0000000c   Code   RO         1935    i._mutex_free       rtx_lib.o
    0x08005aa8   0x08005aa8   0x00000022   Code   RO         1936    i._mutex_initialize  rtx_lib.o
    0x08005aca   0x08005aca   0x00000012   Code   RO         1937    i._mutex_release    rtx_lib.o
    0x08005adc   0x08005adc   0x00000008   Code   RO         1938    i._platform_post_stackheap_init  rtx_lib.o
    0x08005ae4   0x08005ae4   0x00000042   Code   RO         3365    i.crc16_ccitt       eventrecorder.o
    0x08005b26   0x08005b26   0x0000007a   Code   RO         1939    i.evr_initialize    rtx_lib.o
    0x08005ba0   0x08005ba0   0x00000082   Code   RO         2244    i.isrRtxMessageQueueGet  rtx_msgqueue.o
    0x08005c22   0x08005c22   0x00000086   Code   RO         2245    i.isrRtxMessageQueuePut  rtx_msgqueue.o
    0x08005ca8   0x08005ca8   0x00000058   Code   RO         2528    i.isrRtxSemaphoreRelease  rtx_semaphore.o
    0x08005d00   0x08005d00   0x00000034   Code   RO         2645    i.isr_queue_get     rtx_system.o
    0x08005d34   0x08005d34   0x0000003c   Code   RO         2646    i.isr_queue_put     rtx_system.o
    0x08005d70   0x08005d70   0x0000017c   Code   RO           17    i.main              main.o
    0x08005eec   0x08005eec   0x0000003c   Code   RO          436    i.osDelay           rtx_delay.o
    0x08005f28   0x08005f28   0x00000030   Code   RO         1721    i.osKernelGetState  rtx_kernel.o
    0x08005f58   0x08005f58   0x00000038   Code   RO         1726    i.osKernelInitialize  rtx_kernel.o
    0x08005f90   0x08005f90   0x00000034   Code   RO         1730    i.osKernelStart     rtx_kernel.o
    0x08005fc4   0x08005fc4   0x00000054   Code   RO         2247    i.osMessageQueueGet  rtx_msgqueue.o
    0x08006018   0x08006018   0x0000004c   Code   RO         2253    i.osMessageQueueNew  rtx_msgqueue.o
    0x08006064   0x08006064   0x00000054   Code   RO         2254    i.osMessageQueuePut  rtx_msgqueue.o
    0x080060b8   0x080060b8   0x00000044   Code   RO         2419    i.osMutexAcquire    rtx_mutex.o
    0x080060fc   0x080060fc   0x0000003c   Code   RO         2420    i.osMutexDelete     rtx_mutex.o
    0x08006138   0x08006138   0x0000003c   Code   RO         2423    i.osMutexNew        rtx_mutex.o
    0x08006174   0x08006174   0x0000003c   Code   RO         2424    i.osMutexRelease    rtx_mutex.o
    0x080061b0   0x080061b0   0x00000020   Code   RO         3318    i.osRtxErrorNotify  rtx_config.o
    0x080061d0   0x080061d0   0x00000004   Code   RO         3319    i.osRtxIdleThread   rtx_config.o
    0x080061d4   0x080061d4   0x0000000c   Code   RO         2707    i.osRtxKernelGetState  rtx_thread.o
    0x080061e0   0x080061e0   0x0000000e   Code   RO         1940    i.osRtxKernelPreInit  rtx_lib.o
    0x080061ee   0x080061ee   0x000000ee   Code   RO         2027    i.osRtxMemoryAlloc  rtx_memory.o
    0x080062dc   0x080062dc   0x0000007c   Code   RO         2028    i.osRtxMemoryFree   rtx_memory.o
    0x08006358   0x08006358   0x0000006a   Code   RO         2029    i.osRtxMemoryInit   rtx_memory.o
    0x080063c2   0x080063c2   0x00000030   Code   RO         2089    i.osRtxMemoryPoolAlloc  rtx_mempool.o
    0x080063f2   0x080063f2   0x00000044   Code   RO         2090    i.osRtxMemoryPoolFree  rtx_mempool.o
    0x08006436   0x08006436   0x00000058   Code   RO         2091    i.osRtxMemoryPoolInit  rtx_mempool.o
    0x0800648e   0x0800648e   0x00000108   Code   RO         2256    i.osRtxMessageQueuePostProcess  rtx_msgqueue.o
    0x08006596   0x08006596   0x0000005e   Code   RO         2425    i.osRtxMutexOwnerRelease  rtx_mutex.o
    0x080065f4   0x080065f4   0x00000088   Code   RO         2647    i.osRtxPendSV_Handler  rtx_system.o
    0x0800667c   0x0800667c   0x0000003c   Code   RO         2648    i.osRtxPostProcess  rtx_system.o
    0x080066b8   0x080066b8   0x00000032   Code   RO         2529    i.osRtxSemaphorePostProcess  rtx_semaphore.o
    0x080066ea   0x080066ea   0x00000002   PAD
    0x080066ec   0x080066ec   0x00000040   Code   RO         2708    i.osRtxThreadBlock  rtx_thread.o
    0x0800672c   0x0800672c   0x00000068   Code   RO         2709    i.osRtxThreadDelayInsert  rtx_thread.o
    0x08006794   0x08006794   0x0000005c   Code   RO         2710    i.osRtxThreadDelayRemove  rtx_thread.o
    0x080067f0   0x080067f0   0x000000e0   Code   RO         2711    i.osRtxThreadDelayTick  rtx_thread.o
    0x080068d0   0x080068d0   0x0000006c   Code   RO         2712    i.osRtxThreadDispatch  rtx_thread.o
    0x0800693c   0x0800693c   0x00000064   Code   RO         2713    i.osRtxThreadFree   rtx_thread.o
    0x080069a0   0x080069a0   0x0000000c   Code   RO         2714    i.osRtxThreadGetRunning  rtx_thread.o
    0x080069ac   0x080069ac   0x0000001a   Code   RO         2715    i.osRtxThreadListGet  rtx_thread.o
    0x080069c6   0x080069c6   0x0000002c   Code   RO         2716    i.osRtxThreadListPut  rtx_thread.o
    0x080069f2   0x080069f2   0x0000001a   Code   RO         2717    i.osRtxThreadListRemove  rtx_thread.o
    0x08006a0c   0x08006a0c   0x00000010   Code   RO         2718    i.osRtxThreadListRoot  rtx_thread.o
    0x08006a1c   0x08006a1c   0x0000002a   Code   RO         2719    i.osRtxThreadListSort  rtx_thread.o
    0x08006a46   0x08006a46   0x00000034   Code   RO         2721    i.osRtxThreadPostProcess  rtx_thread.o
    0x08006a7a   0x08006a7a   0x00000002   PAD
    0x08006a7c   0x08006a7c   0x00000018   Code   RO         2722    i.osRtxThreadReadyPut  rtx_thread.o
    0x08006a94   0x08006a94   0x00000018   Code   RO         2723    i.osRtxThreadRegPtr  rtx_thread.o
    0x08006aac   0x08006aac   0x0000000c   Code   RO         2724    i.osRtxThreadSetRunning  rtx_thread.o
    0x08006ab8   0x08006ab8   0x0000002c   Code   RO         2725    i.osRtxThreadStackCheck  rtx_thread.o
    0x08006ae4   0x08006ae4   0x0000004c   Code   RO         2726    i.osRtxThreadStartup  rtx_thread.o
    0x08006b30   0x08006b30   0x0000001c   Code   RO         2727    i.osRtxThreadSwitch  rtx_thread.o
    0x08006b4c   0x08006b4c   0x0000004c   Code   RO         2728    i.osRtxThreadWaitEnter  rtx_thread.o
    0x08006b98   0x08006b98   0x00000036   Code   RO         2729    i.osRtxThreadWaitExit  rtx_thread.o
    0x08006bce   0x08006bce   0x00000002   PAD
    0x08006bd0   0x08006bd0   0x000000a0   Code   RO         2649    i.osRtxTick_Handler  rtx_system.o
    0x08006c70   0x08006c70   0x00000050   Code   RO         3123    i.osRtxTimerThread  rtx_timer.o
    0x08006cc0   0x08006cc0   0x0000005c   Code   RO         3124    i.osRtxTimerTick    rtx_timer.o
    0x08006d1c   0x08006d1c   0x00000084   Code   RO         2530    i.osSemaphoreAcquire  rtx_semaphore.o
    0x08006da0   0x08006da0   0x0000004c   Code   RO         2534    i.osSemaphoreNew    rtx_semaphore.o
    0x08006dec   0x08006dec   0x00000038   Code   RO         2535    i.osSemaphoreRelease  rtx_semaphore.o
    0x08006e24   0x08006e24   0x00000020   Code   RO         2732    i.osThreadExit      rtx_thread.o
    0x08006e44   0x08006e44   0x0000004c   Code   RO         2745    i.osThreadNew       rtx_thread.o
    0x08006e90   0x08006e90   0x00000020   Code   RO         1941    i.os_kernel_is_active  rtx_lib.o
    0x08006eb0   0x08006eb0   0x0000002c   Code   RO          438    i.svcRtxDelay       rtx_delay.o
    0x08006edc   0x08006edc   0x00000010   Code   RO         1735    i.svcRtxKernelGetState  rtx_kernel.o
    0x08006eec   0x08006eec   0x00000224   Code   RO         1740    i.svcRtxKernelInitialize  rtx_kernel.o
    0x08007110   0x08007110   0x000000d8   Code   RO         1744    i.svcRtxKernelStart  rtx_kernel.o
    0x080071e8   0x080071e8   0x00000138   Code   RO         2258    i.svcRtxMessageQueueGet  rtx_msgqueue.o
    0x08007320   0x08007320   0x00000194   Code   RO         2264    i.svcRtxMessageQueueNew  rtx_msgqueue.o
    0x080074b4   0x080074b4   0x00000128   Code   RO         2265    i.svcRtxMessageQueuePut  rtx_msgqueue.o
    0x080075dc   0x080075dc   0x0000010c   Code   RO         2426    i.svcRtxMutexAcquire  rtx_mutex.o
    0x080076e8   0x080076e8   0x000000e4   Code   RO         2427    i.svcRtxMutexDelete  rtx_mutex.o
    0x080077cc   0x080077cc   0x000000ac   Code   RO         2430    i.svcRtxMutexNew    rtx_mutex.o
    0x08007878   0x08007878   0x00000108   Code   RO         2431    i.svcRtxMutexRelease  rtx_mutex.o
    0x08007980   0x08007980   0x00000084   Code   RO         2536    i.svcRtxSemaphoreAcquire  rtx_semaphore.o
    0x08007a04   0x08007a04   0x000000d0   Code   RO         2540    i.svcRtxSemaphoreNew  rtx_semaphore.o
    0x08007ad4   0x08007ad4   0x0000007c   Code   RO         2541    i.svcRtxSemaphoreRelease  rtx_semaphore.o
    0x08007b50   0x08007b50   0x00000090   Code   RO         2753    i.svcRtxThreadExit  rtx_thread.o
    0x08007be0   0x08007be0   0x00000278   Code   RO         2766    i.svcRtxThreadNew   rtx_thread.o
    0x08007e58   0x08007e58   0x00000064   Code   RO           18    i.uartThread1       main.o
    0x08007ebc   0x08007ebc   0x00000068   Code   RO           19    i.uartThread2       main.o
    0x08007f24   0x08007f24   0x0000000a   Code   RO         7900    x$fpl$fpinit        fz_wm.l(fpinit.o)
    0x08007f2e   0x08007f2e   0x00000002   PAD
    0x08007f30   0x08007f30   0x000000d8   Data   RO           21    .constdata          main.o
    0x08008008   0x08008008   0x00000001   Data   RO          425    .constdata          irq_cm4f.o
    0x08008009   0x08008009   0x00000003   PAD
    0x0800800c   0x0800800c   0x00000064   Data   RO         1948    .constdata          rtx_lib.o
    0x08008070   0x08008070   0x00000018   Data   RO         3367    .constdata          eventrecorder.o
    0x08008088   0x08008088   0x00000020   Data   RO         5656    .constdata          stm32f3xx_hal_rcc.o
    0x080080a8   0x080080a8   0x00000018   Data   RO         7726    .constdata          system_stm32f3xx.o
    0x080080c0   0x080080c0   0x00000011   Data   RO         7785    .constdata          c_w.l(__printf_flags_wp.o)
    0x080080d1   0x080080d1   0x00000003   PAD
    0x080080d4   0x080080d4   0x0000000b   Data   RO         1747    .conststrlit        rtx_kernel.o
    0x080080df   0x080080df   0x00000001   PAD
    0x080080e0   0x080080e0   0x00000068   Data   RO         1950    .rodata             rtx_lib.o
    0x08008148   0x08008148   0x00000020   Data   RO         7968    Region$$Table       anon$$obj.o


    Execution Region RW_IRAM2 (Exec base: 0x10000000, Load base: 0x080081a4, Size: 0x00000000, Max: 0x00002000, ABSOLUTE)

    **** No section assigned to this execution region ****


    Execution Region RW_IRAM1 (Exec base: 0x20000000, Load base: 0x08008168, Size: 0x000020a8, Max: 0x0000c000, ABSOLUTE, COMPRESSED[0x0000003c])

    Exec Addr    Load Addr    Size         Type   Attr      Idx    E Section Name        Object

    0x20000000   COMPRESSED   0x00001040   Data   RW         1942    .bss.os             rtx_lib.o
    0x20001040   COMPRESSED   0x00000034   Data   RW         1944    .bss.os.msgqueue.cb  rtx_lib.o
    0x20001074   COMPRESSED   0x00000050   Data   RW         1945    .bss.os.msgqueue.mem  rtx_lib.o
    0x200010c4   COMPRESSED   0x00000088   Data   RW         1946    .bss.os.thread.cb   rtx_lib.o
    0x2000114c   COMPRESSED   0x00000004   PAD
    0x20001150   COMPRESSED   0x00000200   Data   RW         1947    .bss.os.thread.stack  rtx_lib.o
    0x20001350   COMPRESSED   0x00000024   Data   RW           22    .data               main.o
    0x20001374   COMPRESSED   0x00000005   Data   RW         1949    .data               rtx_lib.o
    0x20001379   COMPRESSED   0x00000001   Data   RW         3253    .data               os_systick.o
    0x2000137a   COMPRESSED   0x00000002   PAD
    0x2000137c   COMPRESSED   0x00000004   Data   RW         3496    .data               stm32f3xx_hal.o
    0x20001380   COMPRESSED   0x00000004   Data   RW         7727    .data               system_stm32f3xx.o
    0x20001384   COMPRESSED   0x000000a4   Data   RW         1748    .data.os            rtx_kernel.o
    0x20001428        -       0x00000144   Zero   RW           20    .bss                main.o
    0x2000156c        -       0x00000060   Zero   RW         7842    .bss                c_w.l(libspace.o)
    0x200015cc   COMPRESSED   0x00000034   PAD
    0x20001600        -       0x000004a4   Zero   RW         3366    .bss.noinit         eventrecorder.o
    0x20001aa4   COMPRESSED   0x00000004   PAD
    0x20001aa8        -       0x00000200   Zero   RW         7633    HEAP                startup_stm32f303xc.o
    0x20001ca8        -       0x00000400   Zero   RW         7632    STACK               startup_stm32f303xc.o


==============================================================================

Image component sizes


      Code (inc. data)   RO Data    RW Data    ZI Data      Debug   Object Name

      1198         86         24          0       1188      19906   eventrecorder.o
         8          0          0          0          0        475   hal_systick_link.o
       196         12          1          0          0        616   irq_cm4f.o
       554         52          0          0          0       5351   koibitoex_lcd2.o
      1740        252        216         36        324     626842   main.o
       142         24          0          1          0       2536   os_systick.o
        36          6          0          0          0       1021   rtx_config.o
       144         10          0          0          0      20481   rtx_delay.o
      1568        310          0          0          0      56236   rtx_evr.o
       992         44         11        164          0      24557   rtx_kernel.o
       262          4        204       4945          0      13500   rtx_lib.o
       478          0          0          0          0       4347   rtx_memory.o
       532          0          0          0          0       4007   rtx_mempool.o
      2314         34          0          0          0      23900   rtx_msgqueue.o
      1314         36          0          0          0      12316   rtx_mutex.o
      1288         28          0          0          0      14555   rtx_semaphore.o
       796         42          0          0          0      10009   rtx_system.o
      2598        124          0          0          0      28454   rtx_thread.o
       260         30          0          0          0       3487   rtx_timer.o
        80         28        392          0       1536        976   startup_stm32f303xc.o
       138         20          0          4          0       4243   stm32f3xx_hal.o
         4          0          0          0          0       1851   stm32f3xx_hal_adc.o
      3624        104          0          0          0       9942   stm32f3xx_hal_adc_ex.o
       304         22          0          0          0      34759   stm32f3xx_hal_cortex.o
        88          0          0          0          0       1323   stm32f3xx_hal_dma.o
       506         32          0          0          0       3900   stm32f3xx_hal_gpio.o
       508         48          0          0          0       4914   stm32f3xx_hal_msp.o
      3548         90         32          0          0       6860   stm32f3xx_hal_rcc.o
       744         14          0          0          0       1868   stm32f3xx_hal_rcc_ex.o
      1406        132          0          0          0      10356   stm32f3xx_hal_tim.o
       716         60          0          0          0       4172   stm32f3xx_hal_tim_ex.o
      2254         38          0          0          0      12587   stm32f3xx_hal_uart.o
         2          0          0          0          0       1220   stm32f3xx_hal_uart_ex.o
        84         12          0          0          0       4718   stm32f3xx_it.o
       124         20         24          4          0       1595   system_stm32f3xx.o

    ----------------------------------------------------------------------
     30574       1714        940       5160       3052     977880   Object Totals
         0          0         32          0          0          0   (incl. Generated)
        24          0          4          6          4          0   (incl. Padding)

    ----------------------------------------------------------------------

      Code (inc. data)   RO Data    RW Data    ZI Data      Debug   Library Member Name

        58          0          0          0          0          0   __dczerorl.o
         8          0          0          0          0         68   __main.o
       312          4         17          0          0         92   __printf_flags_wp.o
        14          0          0          0          0         68   __printf_wp.o
         0          0          0          0          0          0   __rtentry.o
        20          0          0          0          0          0   __rtentry2.o
         6          0          0          0          0          0   __rtentry4.o
        52          8          0          0          0          0   __scatter.o
        28          0          0          0          0          0   __scatter_zi.o
        48          6          0          0          0         96   _printf_char_common.o
         6          0          0          0          0          0   _printf_d.o
       120         16          0          0          0         92   _printf_dec.o
       178          0          0          0          0         88   _printf_intcommon.o
        78          0          0          0          0        108   _printf_pad.o
         0          0          0          0          0          0   _printf_percent.o
         4          0          0          0          0          0   _printf_percent_end.o
        10          0          0          0          0         68   _sputc.o
        18          0          0          0          0         80   exit.o
         6          0          0          0          0        152   heapauxi.o
         0          0          0          0          0          0   indicate_semi.o
         2          0          0          0          0          0   libinit.o
         6          0          0          0          0          0   libinit2.o
         2          0          0          0          0          0   libshutdown.o
         2          0          0          0          0          0   libshutdown2.o
         8          4          0          0         96         68   libspace.o
        40          6          0          0          0         84   noretval__2sprintf.o
        68          0          0          0          0         68   rt_memclr.o
        78          0          0          0          0         80   rt_memclr_w.o
       138          0          0          0          0         68   rt_memcpy_v6.o
       100          0          0          0          0         80   rt_memcpy_w.o
         2          0          0          0          0          0   rtexit.o
        10          0          0          0          0          0   rtexit2.o
        62          0          0          0          0         76   strlen.o
        12          4          0          0          0         68   sys_exit.o
        74          0          0          0          0         80   sys_stackheap_outer.o
         2          0          0          0          0         68   use_no_semi.o
        10          0          0          0          0        116   fpinit.o

    ----------------------------------------------------------------------
      1594         48         20          0        148       1768   Library Totals
        12          0          3          0         52          0   (incl. Padding)

    ----------------------------------------------------------------------

      Code (inc. data)   RO Data    RW Data    ZI Data      Debug   Library Name

      1572         48         17          0         96       1652   c_w.l
        10          0          0          0          0        116   fz_wm.l

    ----------------------------------------------------------------------
      1594         48         20          0        148       1768   Library Totals

    ----------------------------------------------------------------------

==============================================================================


      Code (inc. data)   RO Data    RW Data    ZI Data      Debug   

     32168       1762        960       5160       3200     949216   Grand Totals
     32168       1762        960         60       3200     949216   ELF Image Totals (compressed)
     32168       1762        960         60          0          0   ROM Totals

==============================================================================

    Total RO  Size (Code + RO Data)                33128 (  32.35kB)
    Total RW  Size (RW Data + ZI Data)              8360 (   8.16kB)
    Total ROM Size (Code + RO Data + RW Data)      33188 (  32.41kB)

==============================================================================

