Component: ARM Compiler 5.06 update 6 (build 750) Tool: armlink [4d35ed]

==============================================================================

Section Cross References

    main.o(i.MX_ADC1_Init) refers to stm32f7xx_hal_adc.o(i.HAL_ADC_Init) for HAL_ADC_Init
    main.o(i.MX_ADC1_Init) refers to main.o(i.Error_Handler) for Error_Handler
    main.o(i.MX_ADC1_Init) refers to stm32f7xx_hal_adc.o(i.HAL_ADC_ConfigChannel) for HAL_ADC_ConfigChannel
    main.o(i.MX_ADC1_Init) refers to main.o(.bss) for hadc1
    main.o(i.MX_GPIO_Init) refers to rt_memclr_w.o(.text) for __aeabi_memclr4
    main.o(i.MX_GPIO_Init) refers to stm32f7xx_hal_gpio.o(i.HAL_GPIO_WritePin) for HAL_GPIO_WritePin
    main.o(i.MX_GPIO_Init) refers to stm32f7xx_hal_gpio.o(i.HAL_GPIO_Init) for HAL_GPIO_Init
    main.o(i.MX_TIM2_Init) refers to stm32f7xx_hal_tim.o(i.HAL_TIM_Base_Init) for HAL_TIM_Base_Init
    main.o(i.MX_TIM2_Init) refers to main.o(i.Error_Handler) for Error_Handler
    main.o(i.MX_TIM2_Init) refers to stm32f7xx_hal_tim.o(i.HAL_TIM_ConfigClockSource) for HAL_TIM_ConfigClockSource
    main.o(i.MX_TIM2_Init) refers to stm32f7xx_hal_tim_ex.o(i.HAL_TIMEx_MasterConfigSynchronization) for HAL_TIMEx_MasterConfigSynchronization
    main.o(i.MX_TIM2_Init) refers to main.o(.bss) for htim2
    main.o(i.SystemClock_Config) refers to rt_memclr_w.o(.text) for __aeabi_memclr4
    main.o(i.SystemClock_Config) refers to stm32f7xx_hal_rcc.o(i.HAL_RCC_OscConfig) for HAL_RCC_OscConfig
    main.o(i.SystemClock_Config) refers to main.o(i.Error_Handler) for Error_Handler
    main.o(i.SystemClock_Config) refers to stm32f7xx_hal_pwr_ex.o(i.HAL_PWREx_EnableOverDrive) for HAL_PWREx_EnableOverDrive
    main.o(i.SystemClock_Config) refers to stm32f7xx_hal_rcc.o(i.HAL_RCC_ClockConfig) for HAL_RCC_ClockConfig
    main.o(i.main) refers to stm32f7xx_hal.o(i.HAL_Init) for HAL_Init
    main.o(i.main) refers to main.o(i.SystemClock_Config) for SystemClock_Config
    main.o(i.main) refers to main.o(i.MX_GPIO_Init) for MX_GPIO_Init
    main.o(i.main) refers to main.o(i.MX_ADC1_Init) for MX_ADC1_Init
    main.o(i.main) refers to main.o(i.MX_TIM2_Init) for MX_TIM2_Init
    irq_cm4f.o(.text) refers to rtx_system.o(i.osRtxPendSV_Handler) for osRtxPendSV_Handler
    irq_cm4f.o(.text) refers to rtx_system.o(i.osRtxTick_Handler) for osRtxTick_Handler
    irq_cm4f.o(.text) refers to rtx_kernel.o(.data.os) for osRtxInfo
    irq_cm4f.o(.text) refers to rtx_lib.o(.constdata) for osRtxUserSVC
    rtx_delay.o(i.osDelay) refers to rtx_evr.o(i.EvrRtxDelay) for EvrRtxDelay
    rtx_delay.o(i.osDelay) refers to rtx_delay.o(i.IsIrqMode) for IsIrqMode
    rtx_delay.o(i.osDelay) refers to rtx_delay.o(i.IsIrqMasked) for IsIrqMasked
    rtx_delay.o(i.osDelay) refers to rtx_evr.o(i.EvrRtxDelayError) for EvrRtxDelayError
    rtx_delay.o(i.osDelay) refers to rtx_delay.o(i.svcRtxDelay) for svcRtxDelay
    rtx_delay.o(i.osDelayUntil) refers to rtx_evr.o(i.EvrRtxDelayUntil) for EvrRtxDelayUntil
    rtx_delay.o(i.osDelayUntil) refers to rtx_delay.o(i.IsIrqMode) for IsIrqMode
    rtx_delay.o(i.osDelayUntil) refers to rtx_delay.o(i.IsIrqMasked) for IsIrqMasked
    rtx_delay.o(i.osDelayUntil) refers to rtx_evr.o(i.EvrRtxDelayError) for EvrRtxDelayError
    rtx_delay.o(i.osDelayUntil) refers to rtx_delay.o(i.svcRtxDelayUntil) for svcRtxDelayUntil
    rtx_delay.o(i.svcRtxDelay) refers to rtx_thread.o(i.osRtxThreadWaitEnter) for osRtxThreadWaitEnter
    rtx_delay.o(i.svcRtxDelay) refers to rtx_evr.o(i.EvrRtxDelayStarted) for EvrRtxDelayStarted
    rtx_delay.o(i.svcRtxDelay) refers to rtx_evr.o(i.EvrRtxDelayCompleted) for EvrRtxDelayCompleted
    rtx_delay.o(i.svcRtxDelay) refers to rtx_kernel.o(.data.os) for osRtxInfo
    rtx_delay.o(i.svcRtxDelayUntil) refers to rtx_evr.o(i.EvrRtxDelayError) for EvrRtxDelayError
    rtx_delay.o(i.svcRtxDelayUntil) refers to rtx_thread.o(i.osRtxThreadWaitEnter) for osRtxThreadWaitEnter
    rtx_delay.o(i.svcRtxDelayUntil) refers to rtx_evr.o(i.EvrRtxDelayUntilStarted) for EvrRtxDelayUntilStarted
    rtx_delay.o(i.svcRtxDelayUntil) refers to rtx_evr.o(i.EvrRtxDelayCompleted) for EvrRtxDelayCompleted
    rtx_delay.o(i.svcRtxDelayUntil) refers to rtx_kernel.o(.data.os) for osRtxInfo
    rtx_evflags.o(i.EventFlagsCheck) refers to rtx_evflags.o(.emb_text) for __asm___13_rtx_evflags_c_e167c757__atomic_chk32_all
    rtx_evflags.o(i.EventFlagsClear) refers to rtx_evflags.o(.emb_text) for __asm___13_rtx_evflags_c_e167c757__atomic_clr32
    rtx_evflags.o(i.EventFlagsSet) refers to rtx_evflags.o(.emb_text) for __asm___13_rtx_evflags_c_e167c757__atomic_set32
    rtx_evflags.o(i.isrRtxEventFlagsWait) refers to rtx_evr.o(i.EvrRtxEventFlagsError) for EvrRtxEventFlagsError
    rtx_evflags.o(i.isrRtxEventFlagsWait) refers to rtx_evflags.o(i.EventFlagsCheck) for EventFlagsCheck
    rtx_evflags.o(i.isrRtxEventFlagsWait) refers to rtx_evr.o(i.EvrRtxEventFlagsWaitCompleted) for EvrRtxEventFlagsWaitCompleted
[...]
    i.DebugMon_Handler                       0x080009f4   Section        0  stm32f7xx_it.o(i.DebugMon_Handler)
    i.Error_Handler                          0x080009f6   Section        0  main.o(i.Error_Handler)
    i.EventCheckFilter                       0x080009f8   Section        0  eventrecorder.o(i.EventCheckFilter)
    EventCheckFilter                         0x080009f9   Thumb Code    32  eventrecorder.o(i.EventCheckFilter)
    i.EventGetTS                             0x08000a20   Section        0  eventrecorder.o(i.EventGetTS)
    EventGetTS                               0x08000a21   Thumb Code    56  eventrecorder.o(i.EventGetTS)
    i.EventRecord2                           0x08000a5c   Section        0  eventrecorder.o(i.EventRecord2)
    i.EventRecord4                           0x08000aa2   Section        0  eventrecorder.o(i.EventRecord4)
    i.EventRecordItem                        0x08000b18   Section        0  eventrecorder.o(i.EventRecordItem)
    EventRecordItem                          0x08000b19   Thumb Code   206  eventrecorder.o(i.EventRecordItem)
    i.EventRecorderTimerGetCount             0x08000bf0   Section        0  eventrecorder.o(i.EventRecorderTimerGetCount)
    i.EvrRtxDelayCompleted                   0x08000bfc   Section        0  rtx_evr.o(i.EvrRtxDelayCompleted)
    i.EvrRtxEventFlagsWaitTimeout            0x08000c10   Section        0  rtx_evr.o(i.EvrRtxEventFlagsWaitTimeout)
    i.EvrRtxKernelError                      0x08000c24   Section        0  rtx_evr.o(i.EvrRtxKernelError)
    i.EvrRtxKernelGetState                   0x08000c38   Section        0  rtx_evr.o(i.EvrRtxKernelGetState)
    i.EvrRtxKernelInitialize                 0x08000c4c   Section        0  rtx_evr.o(i.EvrRtxKernelInitialize)
    i.EvrRtxKernelInitialized                0x08000c60   Section        0  rtx_evr.o(i.EvrRtxKernelInitialized)
    i.EvrRtxMemoryAlloc                      0x08000c74   Section        0  rtx_evr.o(i.EvrRtxMemoryAlloc)
    i.EvrRtxMemoryBlockAlloc                 0x08000c94   Section        0  rtx_evr.o(i.EvrRtxMemoryBlockAlloc)
    i.EvrRtxMemoryBlockFree                  0x08000cac   Section        0  rtx_evr.o(i.EvrRtxMemoryBlockFree)
    i.EvrRtxMemoryBlockInit                  0x08000ccc   Section        0  rtx_evr.o(i.EvrRtxMemoryBlockInit)
    i.EvrRtxMemoryFree                       0x08000cec   Section        0  rtx_evr.o(i.EvrRtxMemoryFree)
    i.EvrRtxMemoryInit                       0x08000d0c   Section        0  rtx_evr.o(i.EvrRtxMemoryInit)
    i.EvrRtxMemoryPoolAllocTimeout           0x08000d28   Section        0  rtx_evr.o(i.EvrRtxMemoryPoolAllocTimeout)
    i.EvrRtxMessageQueueGetTimeout           0x08000d3c   Section        0  rtx_evr.o(i.EvrRtxMessageQueueGetTimeout)
    i.EvrRtxMessageQueuePutTimeout           0x08000d50   Section        0  rtx_evr.o(i.EvrRtxMessageQueuePutTimeout)
    i.EvrRtxMutexAcquire                     0x08000d64   Section        0  rtx_evr.o(i.EvrRtxMutexAcquire)
    i.EvrRtxMutexAcquirePending              0x08000d7c   Section        0  rtx_evr.o(i.EvrRtxMutexAcquirePending)
    i.EvrRtxMutexAcquireTimeout              0x08000d94   Section        0  rtx_evr.o(i.EvrRtxMutexAcquireTimeout)
    i.EvrRtxMutexAcquired                    0x08000da8   Section        0  rtx_evr.o(i.EvrRtxMutexAcquired)
    i.EvrRtxMutexCreated                     0x08000dc0   Section        0  rtx_evr.o(i.EvrRtxMutexCreated)
    i.EvrRtxMutexDelete                      0x08000dd8   Section        0  rtx_evr.o(i.EvrRtxMutexDelete)
    i.EvrRtxMutexDestroyed                   0x08000dec   Section        0  rtx_evr.o(i.EvrRtxMutexDestroyed)
    i.EvrRtxMutexError                       0x08000e00   Section        0  rtx_evr.o(i.EvrRtxMutexError)
    i.EvrRtxMutexNew                         0x08000e14   Section        0  rtx_evr.o(i.EvrRtxMutexNew)
    i.EvrRtxMutexNotAcquired                 0x08000e28   Section        0  rtx_evr.o(i.EvrRtxMutexNotAcquired)
    i.EvrRtxMutexRelease                     0x08000e3c   Section        0  rtx_evr.o(i.EvrRtxMutexRelease)
    i.EvrRtxMutexReleased                    0x08000e50   Section        0  rtx_evr.o(i.EvrRtxMutexReleased)
    i.EvrRtxSemaphoreAcquireTimeout          0x08000e68   Section        0  rtx_evr.o(i.EvrRtxSemaphoreAcquireTimeout)
    i.EvrRtxThreadBlocked                    0x08000e7c   Section        0  rtx_evr.o(i.EvrRtxThreadBlocked)
    i.EvrRtxThreadFlagsWaitTimeout           0x08000e94   Section        0  rtx_evr.o(i.EvrRtxThreadFlagsWaitTimeout)
    i.EvrRtxThreadPreempted                  0x08000ea8   Section        0  rtx_evr.o(i.EvrRtxThreadPreempted)
    i.EvrRtxThreadSwitched                   0x08000ebc   Section        0  rtx_evr.o(i.EvrRtxThreadSwitched)
    i.EvrRtxThreadUnblocked                  0x08000ed0   Section        0  rtx_evr.o(i.EvrRtxThreadUnblocked)
    i.GetContext                             0x08000ee8   Section        0  eventrecorder.o(i.GetContext)
    GetContext                               0x08000ee9   Thumb Code    10  eventrecorder.o(i.GetContext)
    i.HAL_ADC_ConfigChannel                  0x08000ef8   Section        0  stm32f7xx_hal_adc.o(i.HAL_ADC_ConfigChannel)
    i.HAL_ADC_Init                           0x080010ac   Section        0  stm32f7xx_hal_adc.o(i.HAL_ADC_Init)
    i.HAL_ADC_MspInit                        0x08001114   Section        0  stm32f7xx_hal_msp.o(i.HAL_ADC_MspInit)
    i.HAL_GPIO_Init                          0x0800118c   Section        0  stm32f7xx_hal_gpio.o(i.HAL_GPIO_Init)
    i.HAL_GPIO_WritePin                      0x080013a4   Section        0  stm32f7xx_hal_gpio.o(i.HAL_GPIO_WritePin)
    i.HAL_GetTick                            0x080013b0   Section        0  stm32f7xx_hal.o(i.HAL_GetTick)
    i.HAL_Init                               0x080013bc   Section        0  stm32f7xx_hal.o(i.HAL_Init)
    i.HAL_InitTick                           0x080013d4   Section        0  stm32f7xx_hal.o(i.HAL_InitTick)
    i.HAL_MspInit                            0x08001420   Section        0  stm32f7xx_hal_msp.o(i.HAL_MspInit)
    i.HAL_NVIC_SetPriority                   0x08001460   Section        0  stm32f7xx_hal_cortex.o(i.HAL_NVIC_SetPriority)
    i.HAL_NVIC_SetPriorityGrouping           0x080014dc   Section        0  stm32f7xx_hal_cortex.o(i.HAL_NVIC_SetPriorityGrouping)
    i.HAL_PWREx_EnableOverDrive              0x08001504   Section        0  stm32f7xx_hal_pwr_ex.o(i.HAL_PWREx_EnableOverDrive)
    i.HAL_RCC_ClockConfig                    0x08001594   Section        0  stm32f7xx_hal_rcc.o(i.HAL_RCC_ClockConfig)
    i.HAL_RCC_GetSysClockFreq                0x08001724   Section        0  stm32f7xx_hal_rcc.o(i.HAL_RCC_GetSysClockFreq)
    i.HAL_RCC_OscConfig                      0x080017d4   Section        0  stm32f7xx_hal_rcc.o(i.HAL_RCC_OscConfig)
    i.HAL_SYSTICK_Config                     0x08001c8c   Section        0  stm32f7xx_hal_cortex.o(i.HAL_SYSTICK_Config)
    i.HAL_TIMEx_MasterConfigSynchronization  0x08001cc0   Section        0  stm32f7xx_hal_tim_ex.o(i.HAL_TIMEx_MasterConfigSynchronization)
    i.HAL_TIM_Base_Init                      0x08001d38   Section        0  stm32f7xx_hal_tim.o(i.HAL_TIM_Base_Init)
    i.HAL_TIM_Base_MspInit                   0x08001d6c   Section        0  stm32f7xx_hal_msp.o(i.HAL_TIM_Base_MspInit)
    i.HAL_TIM_ConfigClockSource              0x08001d98   Section        0  stm32f7xx_hal_tim.o(i.HAL_TIM_ConfigClockSource)
    i.HardFault_Handler                      0x08001ea4   Section        0  stm32f7xx_it.o(i.HardFault_Handler)
    i.IsIrqMasked                            0x08001ea8   Section        0  rtx_kernel.o(i.IsIrqMasked)
    IsIrqMasked                              0x08001ea9   Thumb Code    24  rtx_kernel.o(i.IsIrqMasked)
    i.IsIrqMasked                            0x08001ec0   Section        0  rtx_mutex.o(i.IsIrqMasked)
    IsIrqMasked                              0x08001ec1   Thumb Code    24  rtx_mutex.o(i.IsIrqMasked)
    i.IsIrqMode                              0x08001ed8   Section        0  rtx_kernel.o(i.IsIrqMode)
    IsIrqMode                                0x08001ed9   Thumb Code    16  rtx_kernel.o(i.IsIrqMode)
    i.IsIrqMode                              0x08001ee8   Section        0  rtx_mutex.o(i.IsIrqMode)
    IsIrqMode                                0x08001ee9   Thumb Code    16  rtx_mutex.o(i.IsIrqMode)
    i.IsPrivileged                           0x08001ef8   Section        0  rtx_kernel.o(i.IsPrivileged)
    IsPrivileged                             0x08001ef9   Thumb Code    16  rtx_kernel.o(i.IsPrivileged)
    i.MX_ADC1_Init                           0x08001f08   Section        0  main.o(i.MX_ADC1_Init)
    MX_ADC1_Init                             0x08001f09   Thumb Code   110  main.o(i.MX_ADC1_Init)
    i.MX_GPIO_Init                           0x08001f80   Section        0  main.o(i.MX_GPIO_Init)
    MX_GPIO_Init                             0x08001f81   Thumb Code   102  main.o(i.MX_GPIO_Init)
    i.MX_TIM2_Init                           0x08001ff0   Section        0  main.o(i.MX_TIM2_Init)
    MX_TIM2_Init                             0x08001ff1   Thumb Code   110  main.o(i.MX_TIM2_Init)
    i.MemBlockPtr                            0x08002064   Section        0  rtx_memory.o(i.MemBlockPtr)
    MemBlockPtr                              0x08002065   Thumb Code    10  rtx_memory.o(i.MemBlockPtr)
    i.MemManage_Handler                      0x0800206e   Section        0  stm32f7xx_it.o(i.MemManage_Handler)
    i.NMI_Handler                            0x08002072   Section        0  stm32f7xx_it.o(i.NMI_Handler)
    i.OS_Tick_AcknowledgeIRQ                 0x08002074   Section        0  os_systick.o(i.OS_Tick_AcknowledgeIRQ)
    i.SystemClock_Config                     0x0800207c   Section        0  main.o(i.SystemClock_Config)
    i.SystemInit                             0x08002130   Section        0  system_stm32f7xx.o(i.SystemInit)
    i.TIM_Base_SetConfig                     0x08002194   Section        0  stm32f7xx_hal_tim.o(i.TIM_Base_SetConfig)
    i.TIM_ETR_SetConfig                      0x0800226c   Section        0  stm32f7xx_hal_tim.o(i.TIM_ETR_SetConfig)
    i.TIM_ITRx_SetConfig                     0x08002282   Section        0  stm32f7xx_hal_tim.o(i.TIM_ITRx_SetConfig)
    TIM_ITRx_SetConfig                       0x08002283   Thumb Code    18  stm32f7xx_hal_tim.o(i.TIM_ITRx_SetConfig)
    i.TIM_TI1_ConfigInputStage               0x08002294   Section        0  stm32f7xx_hal_tim.o(i.TIM_TI1_ConfigInputStage)
    TIM_TI1_ConfigInputStage                 0x08002295   Thumb Code    38  stm32f7xx_hal_tim.o(i.TIM_TI1_ConfigInputStage)
    i.TIM_TI2_ConfigInputStage               0x080022ba   Section        0  stm32f7xx_hal_tim.o(i.TIM_TI2_ConfigInputStage)
    TIM_TI2_ConfigInputStage                 0x080022bb   Thumb Code    40  stm32f7xx_hal_tim.o(i.TIM_TI2_ConfigInputStage)
    i.UsageFault_Handler                     0x080022e2   Section        0  stm32f7xx_it.o(i.UsageFault_Handler)
    i.__NVIC_GetPriorityGrouping             0x080022e8   Section        0  stm32f7xx_hal_cortex.o(i.__NVIC_GetPriorityGrouping)
    __NVIC_GetPriorityGrouping               0x080022e9   Thumb Code    10  stm32f7xx_hal_cortex.o(i.__NVIC_GetPriorityGrouping)
    i.__NVIC_SetPriority                     0x080022f8   Section        0  stm32f7xx_hal_cortex.o(i.__NVIC_SetPriority)
    __NVIC_SetPriority                       0x080022f9   Thumb Code    32  stm32f7xx_hal_cortex.o(i.__NVIC_SetPriority)
    i._mutex_acquire                         0x08002320   Section        0  rtx_lib.o(i._mutex_acquire)
    __tagsym$$used                           0x08002321   Number         0  rtx_lib.o(i._mutex_acquire)
    i._mutex_free                            0x08002336   Section        0  rtx_lib.o(i._mutex_free)
    __tagsym$$used                           0x08002337   Number         0  rtx_lib.o(i._mutex_free)
    i._mutex_initialize                      0x08002342   Section        0  rtx_lib.o(i._mutex_initialize)
    __tagsym$$used                           0x08002343   Number         0  rtx_lib.o(i._mutex_initialize)
    i._mutex_release                         0x08002364   Section        0  rtx_lib.o(i._mutex_release)
    __tagsym$$used                           0x08002365   Number         0  rtx_lib.o(i._mutex_release)
    i._platform_post_stackheap_init          0x08002376   Section        0  rtx_lib.o(i._platform_post_stackheap_init)
    i.isr_queue_get                          0x08002380   Section        0  rtx_system.o(i.isr_queue_get)
    isr_queue_get                            0x08002381   Thumb Code    46  rtx_system.o(i.isr_queue_get)
    i.main                                   0x080023b4   Section        0  main.o(i.main)
    i.osKernelGetState                       0x080023cc   Section        0  rtx_kernel.o(i.osKernelGetState)
    i.osKernelInitialize                     0x080023fc   Section        0  rtx_kernel.o(i.osKernelInitialize)
    i.osMutexAcquire                         0x08002434   Section        0  rtx_mutex.o(i.osMutexAcquire)
    i.osMutexDelete                          0x08002478   Section        0  rtx_mutex.o(i.osMutexDelete)
    i.osMutexNew                             0x080024b4   Section        0  rtx_mutex.o(i.osMutexNew)
    i.osMutexRelease                         0x080024f0   Section        0  rtx_mutex.o(i.osMutexRelease)
    i.osRtxErrorNotify                       0x0800252c   Section        0  rtx_config.o(i.osRtxErrorNotify)
    i.osRtxKernelGetState                    0x0800254c   Section        0  rtx_thread.o(i.osRtxKernelGetState)
    osRtxKernelGetState                      0x0800254d   Thumb Code     6  rtx_thread.o(i.osRtxKernelGetState)
    i.osRtxKernelPreInit                     0x08002558   Section        0  rtx_kernel.o(i.osRtxKernelPreInit)
    i.osRtxMemoryAlloc                       0x0800255a   Section        0  rtx_memory.o(i.osRtxMemoryAlloc)
    i.osRtxMemoryFree                        0x08002648   Section        0  rtx_memory.o(i.osRtxMemoryFree)
    i.osRtxMemoryInit                        0x080026c4   Section        0  rtx_memory.o(i.osRtxMemoryInit)
    i.osRtxMemoryPoolAlloc                   0x0800272e   Section        0  rtx_mempool.o(i.osRtxMemoryPoolAlloc)
    i.osRtxMemoryPoolFree                    0x0800275e   Section        0  rtx_mempool.o(i.osRtxMemoryPoolFree)
    i.osRtxMemoryPoolInit                    0x080027a2   Section        0  rtx_mempool.o(i.osRtxMemoryPoolInit)
    i.osRtxPendSV_Handler                    0x080027fc   Section        0  rtx_system.o(i.osRtxPendSV_Handler)
    i.osRtxThreadBlock                       0x08002884   Section        0  rtx_thread.o(i.osRtxThreadBlock)
    osRtxThreadBlock                         0x08002885   Thumb Code    58  rtx_thread.o(i.osRtxThreadBlock)
    i.osRtxThreadDelayInsert                 0x080028c4   Section        0  rtx_thread.o(i.osRtxThreadDelayInsert)
    osRtxThreadDelayInsert                   0x080028c5   Thumb Code    98  rtx_thread.o(i.osRtxThreadDelayInsert)
    i.osRtxThreadDelayRemove                 0x0800292c   Section        0  rtx_thread.o(i.osRtxThreadDelayRemove)
    osRtxThreadDelayRemove                   0x0800292d   Thumb Code    86  rtx_thread.o(i.osRtxThreadDelayRemove)
    i.osRtxThreadDelayTick                   0x08002988   Section        0  rtx_thread.o(i.osRtxThreadDelayTick)
    i.osRtxThreadDispatch                    0x08002a68   Section        0  rtx_thread.o(i.osRtxThreadDispatch)
    i.osRtxThreadGetRunning                  0x08002ad4   Section        0  rtx_thread.o(i.osRtxThreadGetRunning)
    osRtxThreadGetRunning                    0x08002ad5   Thumb Code     6  rtx_thread.o(i.osRtxThreadGetRunning)
    i.osRtxThreadListGet                     0x08002ae0   Section        0  rtx_thread.o(i.osRtxThreadListGet)
    i.osRtxThreadListPut                     0x08002afa   Section        0  rtx_thread.o(i.osRtxThreadListPut)
    i.osRtxThreadListRemove                  0x08002b26   Section        0  rtx_thread.o(i.osRtxThreadListRemove)
    i.osRtxThreadListRoot                    0x08002b40   Section        0  rtx_thread.o(i.osRtxThreadListRoot)
    osRtxThreadListRoot                      0x08002b41   Thumb Code    16  rtx_thread.o(i.osRtxThreadListRoot)
    i.osRtxThreadListSort                    0x08002b50   Section        0  rtx_thread.o(i.osRtxThreadListSort)
    i.osRtxThreadReadyPut                    0x08002b7c   Section        0  rtx_thread.o(i.osRtxThreadReadyPut)
    i.osRtxThreadRegPtr                      0x08002b94   Section        0  rtx_thread.o(i.osRtxThreadRegPtr)
    i.osRtxThreadStackCheck                  0x08002bac   Section        0  rtx_thread.o(i.osRtxThreadStackCheck)
    i.osRtxThreadSwitch                      0x08002bd8   Section        0  rtx_thread.o(i.osRtxThreadSwitch)
    i.osRtxThreadWaitEnter                   0x08002bf4   Section        0  rtx_thread.o(i.osRtxThreadWaitEnter)
    i.osRtxThreadWaitExit                    0x08002c40   Section        0  rtx_thread.o(i.osRtxThreadWaitExit)
    i.osRtxTick_Handler                      0x08002c78   Section        0  rtx_system.o(i.osRtxTick_Handler)
    i.os_kernel_is_active                    0x08002d18   Section        0  rtx_lib.o(i.os_kernel_is_active)
    os_kernel_is_active                      0x08002d19   Thumb Code    28  rtx_lib.o(i.os_kernel_is_active)
    i.svcRtxKernelGetState                   0x08002d38   Section        0  rtx_kernel.o(i.svcRtxKernelGetState)
    svcRtxKernelGetState                     0x08002d39   Thumb Code    20  rtx_kernel.o(i.svcRtxKernelGetState)
    i.svcRtxKernelInitialize                 0x08002d50   Section        0  rtx_kernel.o(i.svcRtxKernelInitialize)
    svcRtxKernelInitialize                   0x08002d51   Thumb Code   538  rtx_kernel.o(i.svcRtxKernelInitialize)
    i.svcRtxMutexAcquire                     0x08002f74   Section        0  rtx_mutex.o(i.svcRtxMutexAcquire)
    svcRtxMutexAcquire                       0x08002f75   Thumb Code   264  rtx_mutex.o(i.svcRtxMutexAcquire)
    i.svcRtxMutexDelete                      0x08003080   Section        0  rtx_mutex.o(i.svcRtxMutexDelete)
    svcRtxMutexDelete                        0x08003081   Thumb Code   224  rtx_mutex.o(i.svcRtxMutexDelete)
    i.svcRtxMutexNew                         0x08003164   Section        0  rtx_mutex.o(i.svcRtxMutexNew)
    svcRtxMutexNew                           0x08003165   Thumb Code   168  rtx_mutex.o(i.svcRtxMutexNew)
    i.svcRtxMutexRelease                     0x08003210   Section        0  rtx_mutex.o(i.svcRtxMutexRelease)
    svcRtxMutexRelease                       0x08003211   Thumb Code   268  rtx_mutex.o(i.svcRtxMutexRelease)
    x$fpl$fpinit                             0x08003320   Section       10  fpinit.o(x$fpl$fpinit)
    $v0                                      0x08003320   Number         0  fpinit.o(x$fpl$fpinit)
    .constdata                               0x0800332c   Section        1  irq_cm4f.o(.constdata)
    .constdata                               0x08003330   Section      100  rtx_lib.o(.constdata)
    os_idle_thread_attr                      0x08003330   Data          36  rtx_lib.o(.constdata)
    os_timer_thread_attr                     0x08003354   Data          36  rtx_lib.o(.constdata)
    os_timer_mq_attr                         0x08003378   Data          24  rtx_lib.o(.constdata)
    .constdata                               0x08003394   Section       24  eventrecorder.o(.constdata)
    __tagsym$$used                           0x08003394   Number         0  eventrecorder.o(.constdata)
    .constdata                               0x080033ac   Section       24  system_stm32f7xx.o(.constdata)
    .conststrlit                             0x080033c4   Section       11  rtx_kernel.o(.conststrlit)
    .rodata                                  0x080033d0   Section      160  rtx_lib.o(.rodata)
    __tagsym$$used                           0x080033d0   Number         0  rtx_lib.o(.rodata)
    __tagsym$$used                           0x08003438   Number         0  rtx_lib.o(.rodata)
    .bss.os                                  0x20020000   Section     4160  rtx_lib.o(.bss.os)
    os_mem                                   0x20020000   Data        4096  rtx_lib.o(.bss.os)
    os_isr_queue                             0x20021000   Data          64  rtx_lib.o(.bss.os)
    .bss.os.msgqueue.cb                      0x20021040   Section       52  rtx_lib.o(.bss.os.msgqueue.cb)
    os_timer_mq_cb                           0x20021040   Data          52  rtx_lib.o(.bss.os.msgqueue.cb)
    .bss.os.msgqueue.mem                     0x20021074   Section       80  rtx_lib.o(.bss.os.msgqueue.mem)
    os_timer_mq_data                         0x20021074   Data          80  rtx_lib.o(.bss.os.msgqueue.mem)
    .bss.os.thread.cb                        0x200210c4   Section      136  rtx_lib.o(.bss.os.thread.cb)
    os_idle_thread_cb                        0x200210c4   Data          68  rtx_lib.o(.bss.os.thread.cb)
    os_timer_thread_cb                       0x20021108   Data          68  rtx_lib.o(.bss.os.thread.cb)
    .bss.os.thread.stack                     0x20021150   Section      512  rtx_lib.o(.bss.os.thread.stack)
    os_idle_thread_stack                     0x20021150   Data         256  rtx_lib.o(.bss.os.thread.stack)
    os_timer_thread_stack                    0x20021250   Data         256  rtx_lib.o(.bss.os.thread.stack)
    .data                                    0x20021350   Section        5  rtx_lib.o(.data)
    os_kernel_active                         0x20021354   Data           1  rtx_lib.o(.data)
    .data                                    0x20021358   Section        4  system_stm32f7xx.o(.data)
    .data                                    0x2002135c   Section        9  stm32f7xx_hal.o(.data)
    .data.os                                 0x20021368   Section      164  rtx_kernel.o(.data.os)
    .bss                                     0x2002140c   Section      136  main.o(.bss)
    .bss                                     0x20021494   Section       96  libspace.o(.bss)
    .bss.noinit                              0x20021500   Section     1188  eventrecorder.o(.bss.noinit)
    EventBuffer                              0x20021500   Data        1024  eventrecorder.o(.bss.noinit)
    EventFilter                              0x20021900   Data         128  eventrecorder.o(.bss.noinit)
    EventStatus                              0x20021980   Data          36  eventrecorder.o(.bss.noinit)
    HEAP                                     0x200219a8   Section      512  startup_stm32f767xx.o(HEAP)
    Heap_Mem                                 0x200219a8   Data         512  startup_stm32f767xx.o(HEAP)
    STACK                                    0x20021ba8   Section     1024  startup_stm32f767xx.o(STACK)
    Stack_Mem                                0x20021ba8   Data        1024  startup_stm32f767xx.o(STACK)
    __initial_sp                             0x20021fa8   Data           0  startup_stm32f767xx.o(STACK)

    Global Symbols

    Symbol Name                              Value     Ov Type        Size  Object(Section)

    BuildAttributes$$THM_ISAv4$E$P$D$K$B$S$7EM$VFPv5_D16$PE$PLD8$A:L22UL41UL21$X:L11$S22US41US21$IEEE1$IW$USESV6$~STKCKD$USESV7$~SHL$OSPACE$ROPI$EBA8$UX$STANDARDLIB$REQ8$PRES8$EABIv2 0x00000000   Number         0  anon$$obj.o ABSOLUTE
    __ARM_use_no_argv                        0x00000000   Number         0  main.o ABSOLUTE
    .bss.os.evflags.cb$$Base                  - Undefined Weak Reference
    .bss.os.evflags.cb$$Limit                 - Undefined Weak Reference
    .bss.os.mempool.cb$$Base                  - Undefined Weak Reference
    .bss.os.mempool.cb$$Limit                 - Undefined Weak Reference
    .bss.os.mutex.cb$$Base                    - Undefined Weak Reference
    .bss.os.mutex.cb$$Limit                   - Undefined Weak Reference
    .bss.os.semaphore.cb$$Base                - Undefined Weak Reference
    .bss.os.semaphore.cb$$Limit               - Undefined Weak Reference
    .bss.os.timer.cb$$Base                    - Undefined Weak Reference
    .bss.os.timer.cb$$Limit                   - Undefined Weak Reference
    __ARM_exceptions_init                     - Undefined Weak Reference
    __alloca_initialize                       - Undefined Weak Reference
    __arm_preinit_                            - Undefined Weak Reference
    __cpp_initialize__aeabi_                  - Undefined Weak Reference
    __cxa_finalize                            - Undefined Weak Reference
    __rt_locale                               - Undefined Weak Reference
    __sigvec_lookup                           - Undefined Weak Reference
    _atexit_init                              - Undefined Weak Reference
    _call_atexit_fns                          - Undefined Weak Reference
    _clock_init                               - Undefined Weak Reference
    _fp_trap_init                             - Undefined Weak Reference
    _fp_trap_shutdown                         - Undefined Weak Reference
    _get_lc_collate                           - Undefined Weak Reference
    _get_lc_ctype                             - Undefined Weak Reference
    _get_lc_monetary                          - Undefined Weak Reference
    _get_lc_numeric                           - Undefined Weak Reference
    _get_lc_time                              - Undefined Weak Reference
    _getenv_init                              - Undefined Weak Reference
    _handle_redirection                       - Undefined Weak Reference
    _init_alloc                               - Undefined Weak Reference
    _init_user_alloc                          - Undefined Weak Reference
    _initio                                   - Undefined Weak Reference
    _rand_init                                - Undefined Weak Reference
    _signal_finish                            - Undefined Weak Reference
    _signal_init                              - Undefined Weak Reference
    _terminate_alloc                          - Undefined Weak Reference
    _terminate_user_alloc                     - Undefined Weak Reference
    _terminateio                              - Undefined Weak Reference
    __Vectors_Size                           0x000001f8   Number         0  startup_stm32f767xx.o ABSOLUTE
    __Vectors                                0x08000000   Data           4  startup_stm32f767xx.o(RESET)
    __Vectors_End                            0x080001f8   Data           0  startup_stm32f767xx.o(RESET)
    __main                                   0x080001f9   Thumb Code     8  __main.o(!!!main)
    __scatterload                            0x08000201   Thumb Code     0  __scatter.o(!!!scatter)
    __scatterload_rt2                        0x08000201   Thumb Code    44  __scatter.o(!!!scatter)
    __scatterload_rt2_thumb_only             0x08000201   Thumb Code     0  __scatter.o(!!!scatter)
    __scatterload_null                       0x0800020f   Thumb Code     0  __scatter.o(!!!scatter)
    __decompress                             0x08000235   Thumb Code    58  __dczerorl.o(!!dczerorl)
    __decompress0                            0x08000235   Thumb Code     0  __dczerorl.o(!!dczerorl)
    __scatterload_zeroinit                   0x08000271   Thumb Code    28  __scatter_zi.o(!!handler_zi)
    __rt_lib_init                            0x0800028d   Thumb Code     0  libinit.o(.ARM.Collect$$libinit$$00000000)
    __rt_lib_init_fp_1                       0x0800028f   Thumb Code     0  libinit2.o(.ARM.Collect$$libinit$$00000001)
    __rt_lib_init_alloca_1                   0x08000293   Thumb Code     0  libinit2.o(.ARM.Collect$$libinit$$0000002E)
    __rt_lib_init_argv_1                     0x08000293   Thumb Code     0  libinit2.o(.ARM.Collect$$libinit$$0000002C)
    __rt_lib_init_atexit_1                   0x08000293   Thumb Code     0  libinit2.o(.ARM.Collect$$libinit$$0000001B)
    __rt_lib_init_clock_1                    0x08000293   Thumb Code     0  libinit2.o(.ARM.Collect$$libinit$$00000021)
    __rt_lib_init_cpp_1                      0x08000293   Thumb Code     0  libinit2.o(.ARM.Collect$$libinit$$00000032)
    __rt_lib_init_exceptions_1               0x08000293   Thumb Code     0  libinit2.o(.ARM.Collect$$libinit$$00000030)
    __rt_lib_init_fp_trap_1                  0x08000293   Thumb Code     0  libinit2.o(.ARM.Collect$$libinit$$0000001F)
    __rt_lib_init_getenv_1                   0x08000293   Thumb Code     0  libinit2.o(.ARM.Collect$$libinit$$00000023)
    __rt_lib_init_heap_1                     0x08000293   Thumb Code     0  libinit2.o(.ARM.Collect$$libinit$$0000000A)
    __rt_lib_init_lc_collate_1               0x08000293   Thumb Code     0  libinit2.o(.ARM.Collect$$libinit$$00000011)
    __rt_lib_init_lc_ctype_1                 0x08000293   Thumb Code     0  libinit2.o(.ARM.Collect$$libinit$$00000013)
    __rt_lib_init_lc_monetary_1              0x08000293   Thumb Code     0  libinit2.o(.ARM.Collect$$libinit$$00000015)
    __rt_lib_init_lc_numeric_1               0x08000293   Thumb Code     0  libinit2.o(.ARM.Collect$$libinit$$00000017)
    __rt_lib_init_lc_time_1                  0x08000293   Thumb Code     0  libinit2.o(.ARM.Collect$$libinit$$00000019)
    __rt_lib_init_preinit_1                  0x08000293   Thumb Code     0  libinit2.o(.ARM.Collect$$libinit$$00000004)
    __rt_lib_init_rand_1                     0x08000293   Thumb Code     0  libinit2.o(.ARM.Collect$$libinit$$0000000E)
    __rt_lib_init_return                     0x08000293   Thumb Code     0  libinit2.o(.ARM.Collect$$libinit$$00000033)
    __rt_lib_init_signal_1                   0x08000293   Thumb Code     0  libinit2.o(.ARM.Collect$$libinit$$0000001D)
    __rt_lib_init_stdio_1                    0x08000293   Thumb Code     0  libinit2.o(.ARM.Collect$$libinit$$00000025)
    __rt_lib_init_user_alloc_1               0x08000293   Thumb Code     0  libinit2.o(.ARM.Collect$$libinit$$0000000C)
    __rt_lib_shutdown                        0x08000295   Thumb Code     0  libshutdown.o(.ARM.Collect$$libshutdown$$00000000)
    __rt_lib_shutdown_cpp_1                  0x08000297   Thumb Code     0  libshutdown2.o(.ARM.Collect$$libshutdown$$00000002)
    __rt_lib_shutdown_fp_trap_1              0x08000297   Thumb Code     0  libshutdown2.o(.ARM.Collect$$libshutdown$$00000007)
    __rt_lib_shutdown_heap_1                 0x08000297   Thumb Code     0  libshutdown2.o(.ARM.Collect$$libshutdown$$0000000F)
    __rt_lib_shutdown_return                 0x08000297   Thumb Code     0  libshutdown2.o(.ARM.Collect$$libshutdown$$00000010)
    __rt_lib_shutdown_signal_1               0x08000297   Thumb Code     0  libshutdown2.o(.ARM.Collect$$libshutdown$$0000000A)
    __rt_lib_shutdown_stdio_1                0x08000297   Thumb Code     0  libshutdown2.o(.ARM.Collect$$libshutdown$$00000004)
    __rt_lib_shutdown_user_alloc_1           0x08000297   Thumb Code     0  libshutdown2.o(.ARM.Collect$$libshutdown$$0000000C)
    __rt_entry                               0x08000299   Thumb Code     0  __rtentry.o(.ARM.Collect$$rtentry$$00000000)
    __rt_entry_presh_1                       0x08000299   Thumb Code     0  __rtentry2.o(.ARM.Collect$$rtentry$$00000002)
    __rt_entry_sh                            0x08000299   Thumb Code     0  __rtentry4.o(.ARM.Collect$$rtentry$$00000004)
    __rt_entry_postsh_1                      0x0800029f   Thumb Code     0  __rtentry2.o(.ARM.Collect$$rtentry$$00000008)
    __rt_entry_li                            0x080002a7   Thumb Code     0  __rtentry2.o(.ARM.Collect$$rtentry$$0000000A)
    __rt_entry_main                          0x080002ab   Thumb Code     0  __rtentry2.o(.ARM.Collect$$rtentry$$0000000D)
    __rt_entry_postli_1                      0x080002ab   Thumb Code     0  __rtentry2.o(.ARM.Collect$$rtentry$$0000000C)
    __rt_exit                                0x080002b3   Thumb Code     0  rtexit.o(.ARM.Collect$$rtexit$$00000000)
    __rt_exit_ls                             0x080002b5   Thumb Code     0  rtexit2.o(.ARM.Collect$$rtexit$$00000003)
    __rt_exit_prels_1                        0x080002b5   Thumb Code     0  rtexit2.o(.ARM.Collect$$rtexit$$00000002)
    __rt_exit_exit                           0x080002b9   Thumb Code     0  rtexit2.o(.ARM.Collect$$rtexit$$00000004)
    __asm___13_rtx_mempool_c_7914b4c7__atomic_wr8 0x080002c1   Thumb Code    16  rtx_mempool.o(.emb_text)
    __asm___13_rtx_mempool_c_7914b4c7__atomic_set32 0x080002d1   Thumb Code    20  rtx_mempool.o(.emb_text)
    __asm___13_rtx_mempool_c_7914b4c7__atomic_clr32 0x080002e5   Thumb Code    22  rtx_mempool.o(.emb_text)
    __asm___13_rtx_mempool_c_7914b4c7__atomic_chk32_all 0x080002fb   Thumb Code    38  rtx_mempool.o(.emb_text)
    __asm___13_rtx_mempool_c_7914b4c7__atomic_chk32_any 0x08000321   Thumb Code    34  rtx_mempool.o(.emb_text)
    __asm___13_rtx_mempool_c_7914b4c7__atomic_inc32 0x08000343   Thumb Code    18  rtx_mempool.o(.emb_text)
    __asm___13_rtx_mempool_c_7914b4c7__atomic_inc16_lt 0x08000355   Thumb Code    30  rtx_mempool.o(.emb_text)
    __asm___13_rtx_mempool_c_7914b4c7__atomic_inc16_lim 0x08000373   Thumb Code    26  rtx_mempool.o(.emb_text)
    __asm___13_rtx_mempool_c_7914b4c7__atomic_dec32 0x0800038d   Thumb Code    18  rtx_mempool.o(.emb_text)
    __asm___13_rtx_mempool_c_7914b4c7__atomic_dec32_nz 0x0800039f   Thumb Code    26  rtx_mempool.o(.emb_text)
    __asm___13_rtx_mempool_c_7914b4c7__atomic_dec16_nz 0x080003b9   Thumb Code    26  rtx_mempool.o(.emb_text)
    __asm___13_rtx_mempool_c_7914b4c7__atomic_link_get 0x080003d3   Thumb Code    26  rtx_mempool.o(.emb_text)
    __asm___13_rtx_mempool_c_7914b4c7__atomic_link_put 0x080003ed   Thumb Code    28  rtx_mempool.o(.emb_text)
    __asm___12_rtx_system_c_024f2f18__atomic_wr8 0x08000409   Thumb Code    16  rtx_system.o(.emb_text)
    __asm___12_rtx_system_c_024f2f18__atomic_set32 0x08000419   Thumb Code    20  rtx_system.o(.emb_text)
    __asm___12_rtx_system_c_024f2f18__atomic_clr32 0x0800042d   Thumb Code    22  rtx_system.o(.emb_text)
    __asm___12_rtx_system_c_024f2f18__atomic_chk32_all 0x08000443   Thumb Code    38  rtx_system.o(.emb_text)
    __asm___12_rtx_system_c_024f2f18__atomic_chk32_any 0x08000469   Thumb Code    34  rtx_system.o(.emb_text)
    __asm___12_rtx_system_c_024f2f18__atomic_inc32 0x0800048b   Thumb Code    18  rtx_system.o(.emb_text)
    __asm___12_rtx_system_c_024f2f18__atomic_inc16_lt 0x0800049d   Thumb Code    30  rtx_system.o(.emb_text)
    __asm___12_rtx_system_c_024f2f18__atomic_inc16_lim 0x080004bb   Thumb Code    26  rtx_system.o(.emb_text)
    __asm___12_rtx_system_c_024f2f18__atomic_dec32 0x080004d5   Thumb Code    18  rtx_system.o(.emb_text)
    __asm___12_rtx_system_c_024f2f18__atomic_dec32_nz 0x080004e7   Thumb Code    26  rtx_system.o(.emb_text)
    __asm___12_rtx_system_c_024f2f18__atomic_dec16_nz 0x08000501   Thumb Code    26  rtx_system.o(.emb_text)
    __asm___12_rtx_system_c_024f2f18__atomic_link_get 0x0800051b   Thumb Code    26  rtx_system.o(.emb_text)
    __asm___12_rtx_system_c_024f2f18__atomic_link_put 0x08000535   Thumb Code    28  rtx_system.o(.emb_text)
    __asm___15_EventRecorder_c_e8d3082c__atomic_inc8 0x08000551   Thumb Code    18  eventrecorder.o(.emb_text)
    __asm___15_EventRecorder_c_e8d3082c__atomic_inc32 0x08000563   Thumb Code    18  eventrecorder.o(.emb_text)
    __asm___15_EventRecorder_c_e8d3082c__atomic_xch32 0x08000575   Thumb Code    16  eventrecorder.o(.emb_text)
    __asm___15_EventRecorder_c_e8d3082c__LockRecord 0x08000585   Thumb Code    34  eventrecorder.o(.emb_text)
    __asm___15_EventRecorder_c_e8d3082c__UnlockRecord 0x080005a7   Thumb Code    30  eventrecorder.o(.emb_text)
    SVC_Handler                              0x080005c5   Thumb Code   152  irq_cm4f.o(.text)
    PendSV_Handler                           0x0800065d   Thumb Code    16  irq_cm4f.o(.text)
    SysTick_Handler                          0x0800066d   Thumb Code    16  irq_cm4f.o(.text)
    Reset_Handler                            0x08000689   Thumb Code     8  startup_stm32f767xx.o(.text)
    ADC_IRQHandler                           0x080006a3   Thumb Code     0  startup_stm32f767xx.o(.text)
    CAN1_RX0_IRQHandler                      0x080006a3   Thumb Code     0  startup_stm32f767xx.o(.text)
    CAN1_RX1_IRQHandler                      0x080006a3   Thumb Code     0  startup_stm32f767xx.o(.text)
    CAN1_SCE_IRQHandler                      0x080006a3   Thumb Code     0  startup_stm32f767xx.o(.text)
    CAN1_TX_IRQHandler                       0x080006a3   Thumb Code     0  startup_stm32f767xx.o(.text)
    CAN2_RX0_IRQHandler                      0x080006a3   Thumb Code     0  startup_stm32f767xx.o(.text)
    CAN2_RX1_IRQHandler                      0x080006a3   Thumb Code     0  startup_stm32f767xx.o(.text)
    CAN2_SCE_IRQHandler                      0x080006a3   Thumb Code     0  startup_stm32f767xx.o(.text)
    CAN2_TX_IRQHandler                       0x080006a3   Thumb Code     0  startup_stm32f767xx.o(.text)
    CAN3_RX0_IRQHandler                      0x080006a3   Thumb Code     0  startup_stm32f767xx.o(.text)
    CAN3_RX1_IRQHandler                      0x080006a3   Thumb Code     0  startup_stm32f767xx.o(.text)
    CAN3_SCE_IRQHandler                      0x080006a3   Thumb Code     0  startup_stm32f767xx.o(.text)
    CAN3_TX_IRQHandler                       0x080006a3   Thumb Code     0  startup_stm32f767xx.o(.text)
    CEC_IRQHandler                           0x080006a3   Thumb Code     0  startup_stm32f767xx.o(.text)
    DCMI_IRQHandler                          0x080006a3   Thumb Code     0  startup_stm32f767xx.o(.text)
    DFSDM1_FLT0_IRQHandler                   0x080006a3   Thumb Code     0  startup_stm32f767xx.o(.text)
    DFSDM1_FLT1_IRQHandler                   0x080006a3   Thumb Code     0  startup_stm32f767xx.o(.text)
    DFSDM1_FLT2_IRQHandler                   0x080006a3   Thumb Code     0  startup_stm32f767xx.o(.text)
    DFSDM1_FLT3_IRQHandler                   0x080006a3   Thumb Code     0  startup_stm32f767xx.o(.text)
    DMA1_Stream0_IRQHandler                  0x080006a3   Thumb Code     0  startup_stm32f767xx.o(.text)
    DMA1_Stream1_IRQHandler                  0x080006a3   Thumb Code     0  startup_stm32f767xx.o(.text)
    DMA1_Stream2_IRQHandler                  0x080006a3   Thumb Code     0  startup_stm32f767xx.o(.text)
    DMA1_Stream3_IRQHandler                  0x080006a3   Thumb Code     0  startup_stm32f767xx.o(.text)
    DMA1_Stream4_IRQHandler                  0x080006a3   Thumb Code     0  startup_stm32f767xx.o(.text)
    DMA1_Stream5_IRQHandler                  0x080006a3   Thumb Code     0  startup_stm32f767xx.o(.text)
    DMA1_Stream6_IRQHandler                  0x080006a3   Thumb Code     0  startup_stm32f767xx.o(.text)
    DMA1_Stream7_IRQHandler                  0x080006a3   Thumb Code     0  startup_stm32f767xx.o(.text)
    DMA2D_IRQHandler                         0x080006a3   Thumb Code     0  startup_stm32f767xx.o(.text)
    DMA2_Stream0_IRQHandler                  0x080006a3   Thumb Code     0  startup_stm32f767xx.o(.text)
    DMA2_Stream1_IRQHandler                  0x080006a3   Thumb Code     0  startup_stm32f767xx.o(.text)
    DMA2_Stream2_IRQHandler                  0x080006a3   Thumb Code     0  startup_stm32f767xx.o(.text)
    DMA2_Stream3_IRQHandler                  0x080006a3   Thumb Code     0  startup_stm32f767xx.o(.text)
    DMA2_Stream4_IRQHandler                  0x080006a3   Thumb Code     0  startup_stm32f767xx.o(.text)
    DMA2_Stream5_IRQHandler                  0x080006a3   Thumb Code     0  startup_stm32f767xx.o(.text)
    DMA2_Stream6_IRQHandler                  0x080006a3   Thumb Code     0  startup_stm32f767xx.o(.text)
    DMA2_Stream7_IRQHandler                  0x080006a3   Thumb Code     0  startup_stm32f767xx.o(.text)
    ETH_IRQHandler                           0x080006a3   Thumb Code     0  startup_stm32f767xx.o(.text)
    ETH_WKUP_IRQHandler                      0x080006a3   Thumb Code     0  startup_stm32f767xx.o(.text)
    EXTI0_IRQHandler                         0x080006a3   Thumb Code     0  startup_stm32f767xx.o(.text)
    EXTI15_10_IRQHandler                     0x080006a3   Thumb Code     0  startup_stm32f767xx.o(.text)
    EXTI1_IRQHandler                         0x080006a3   Thumb Code     0  startup_stm32f767xx.o(.text)
    EXTI2_IRQHandler                         0x080006a3   Thumb Code     0  startup_stm32f767xx.o(.text)
    EXTI3_IRQHandler                         0x080006a3   Thumb Code     0  startup_stm32f767xx.o(.text)
    EXTI4_IRQHandler                         0x080006a3   Thumb Code     0  startup_stm32f767xx.o(.text)
    EXTI9_5_IRQHandler                       0x080006a3   Thumb Code     0  startup_stm32f767xx.o(.text)
    FLASH_IRQHandler                         0x080006a3   Thumb Code     0  startup_stm32f767xx.o(.text)
    FMC_IRQHandler                           0x080006a3   Thumb Code     0  startup_stm32f767xx.o(.text)
    FPU_IRQHandler                           0x080006a3   Thumb Code     0  startup_stm32f767xx.o(.text)
    I2C1_ER_IRQHandler                       0x080006a3   Thumb Code     0  startup_stm32f767xx.o(.text)
    I2C1_EV_IRQHandler                       0x080006a3   Thumb Code     0  startup_stm32f767xx.o(.text)
    I2C2_ER_IRQHandler                       0x080006a3   Thumb Code     0  startup_stm32f767xx.o(.text)
    I2C2_EV_IRQHandler                       0x080006a3   Thumb Code     0  startup_stm32f767xx.o(.text)
    I2C3_ER_IRQHandler                       0x080006a3   Thumb Code     0  startup_stm32f767xx.o(.text)
    I2C3_EV_IRQHandler                       0x080006a3   Thumb Code     0  startup_stm32f767xx.o(.text)
    I2C4_ER_IRQHandler                       0x080006a3   Thumb Code     0  startup_stm32f767xx.o(.text)
    I2C4_EV_IRQHandler                       0x080006a3   Thumb Code     0  startup_stm32f767xx.o(.text)
    JPEG_IRQHandler                          0x080006a3   Thumb Code     0  startup_stm32f767xx.o(.text)
    LPTIM1_IRQHandler                        0x080006a3   Thumb Code     0  startup_stm32f767xx.o(.text)
    LTDC_ER_IRQHandler                       0x080006a3   Thumb Code     0  startup_stm32f767xx.o(.text)
    LTDC_IRQHandler                          0x080006a3   Thumb Code     0  startup_stm32f767xx.o(.text)
    MDIOS_IRQHandler                         0x080006a3   Thumb Code     0  startup_stm32f767xx.o(.text)
    OTG_FS_IRQHandler                        0x080006a3   Thumb Code     0  startup_stm32f767xx.o(.text)
    OTG_FS_WKUP_IRQHandler                   0x080006a3   Thumb Code     0  startup_stm32f767xx.o(.text)
    OTG_HS_EP1_IN_IRQHandler                 0x080006a3   Thumb Code     0  startup_stm32f767xx.o(.text)
    OTG_HS_EP1_OUT_IRQHandler                0x080006a3   Thumb Code     0  startup_stm32f767xx.o(.text)
    OTG_HS_IRQHandler                        0x080006a3   Thumb Code     0  startup_stm32f767xx.o(.text)
    OTG_HS_WKUP_IRQHandler                   0x080006a3   Thumb Code     0  startup_stm32f767xx.o(.text)
    PVD_IRQHandler                           0x080006a3   Thumb Code     0  startup_stm32f767xx.o(.text)
    QUADSPI_IRQHandler                       0x080006a3   Thumb Code     0  startup_stm32f767xx.o(.text)
    RCC_IRQHandler                           0x080006a3   Thumb Code     0  startup_stm32f767xx.o(.text)
    RNG_IRQHandler                           0x080006a3   Thumb Code     0  startup_stm32f767xx.o(.text)
    RTC_Alarm_IRQHandler                     0x080006a3   Thumb Code     0  startup_stm32f767xx.o(.text)
    RTC_WKUP_IRQHandler                      0x080006a3   Thumb Code     0  startup_stm32f767xx.o(.text)
    SAI1_IRQHandler                          0x080006a3   Thumb Code     0  startup_stm32f767xx.o(.text)
    SAI2_IRQHandler                          0x080006a3   Thumb Code     0  startup_stm32f767xx.o(.text)
    SDMMC1_IRQHandler                        0x080006a3   Thumb Code     0  startup_stm32f767xx.o(.text)
    SDMMC2_IRQHandler                        0x080006a3   Thumb Code     0  startup_stm32f767xx.o(.text)
    SPDIF_RX_IRQHandler                      0x080006a3   Thumb Code     0  startup_stm32f767xx.o(.text)
    SPI1_IRQHandler                          0x080006a3   Thumb Code     0  startup_stm32f767xx.o(.text)
    SPI2_IRQHandler                          0x080006a3   Thumb Code     0  startup_stm32f767xx.o(.text)
    SPI3_IRQHandler                          0x080006a3   Thumb Code     0  startup_stm32f767xx.o(.text)
    SPI4_IRQHandler                          0x080006a3   Thumb Code     0  startup_stm32f767xx.o(.text)
    SPI5_IRQHandler                          0x080006a3   Thumb Code     0  startup_stm32f767xx.o(.text)
    SPI6_IRQHandler                          0x080006a3   Thumb Code     0  startup_stm32f767xx.o(.text)
    TAMP_STAMP_IRQHandler                    0x080006a3   Thumb Code     0  startup_stm32f767xx.o(.text)
    TIM1_BRK_TIM9_IRQHandler                 0x080006a3   Thumb Code     0  startup_stm32f767xx.o(.text)
    TIM1_CC_IRQHandler                       0x080006a3   Thumb Code     0  startup_stm32f767xx.o(.text)
    TIM1_TRG_COM_TIM11_IRQHandler            0x080006a3   Thumb Code     0  startup_stm32f767xx.o(.text)
    TIM1_UP_TIM10_IRQHandler                 0x080006a3   Thumb Code     0  startup_stm32f767xx.o(.text)
    TIM2_IRQHandler                          0x080006a3   Thumb Code     0  startup_stm32f767xx.o(.text)
    TIM3_IRQHandler                          0x080006a3   Thumb Code     0  startup_stm32f767xx.o(.text)
    TIM4_IRQHandler                          0x080006a3   Thumb Code     0  startup_stm32f767xx.o(.text)
    TIM5_IRQHandler                          0x080006a3   Thumb Code     0  startup_stm32f767xx.o(.text)
    TIM6_DAC_IRQHandler                      0x080006a3   Thumb Code     0  startup_stm32f767xx.o(.text)
    TIM7_IRQHandler                          0x080006a3   Thumb Code     0  startup_stm32f767xx.o(.text)
    TIM8_BRK_TIM12_IRQHandler                0x080006a3   Thumb Code     0  startup_stm32f767xx.o(.text)
    TIM8_CC_IRQHandler                       0x080006a3   Thumb Code     0  startup_stm32f767xx.o(.text)
    TIM8_TRG_COM_TIM14_IRQHandler            0x080006a3   Thumb Code     0  startup_stm32f767xx.o(.text)
    TIM8_UP_TIM13_IRQHandler                 0x080006a3   Thumb Code     0  startup_stm32f767xx.o(.text)
    UART4_IRQHandler                         0x080006a3   Thumb Code     0  startup_stm32f767xx.o(.text)
    UART5_IRQHandler                         0x080006a3   Thumb Code     0  startup_stm32f767xx.o(.text)
    UART7_IRQHandler                         0x080006a3   Thumb Code     0  startup_stm32f767xx.o(.text)
    UART8_IRQHandler                         0x080006a3   Thumb Code     0  startup_stm32f767xx.o(.text)
    USART1_IRQHandler                        0x080006a3   Thumb Code     0  startup_stm32f767xx.o(.text)
    USART2_IRQHandler                        0x080006a3   Thumb Code     0  startup_stm32f767xx.o(.text)
    USART3_IRQHandler                        0x080006a3   Thumb Code     0  startup_stm32f767xx.o(.text)
    USART6_IRQHandler                        0x080006a3   Thumb Code     0  startup_stm32f767xx.o(.text)
    WWDG_IRQHandler                          0x080006a3   Thumb Code     0  startup_stm32f767xx.o(.text)
    __user_initial_stackheap                 0x080006a5   Thumb Code     0  startup_stm32f767xx.o(.text)
    __aeabi_uldivmod                         0x080006c9   Thumb Code     0  lludivv7m.o(.text)
    _ll_udiv                                 0x080006c9   Thumb Code   238  lludivv7m.o(.text)
    __aeabi_memclr4                          0x080007b7   Thumb Code     0  rt_memclr_w.o(.text)
    __aeabi_memclr8                          0x080007b7   Thumb Code     0  rt_memclr_w.o(.text)
    __rt_memclr_w                            0x080007b7   Thumb Code    78  rt_memclr_w.o(.text)
    _memset_w                                0x080007bb   Thumb Code     0  rt_memclr_w.o(.text)
    __use_two_region_memory                  0x08000805   Thumb Code     2  heapauxi.o(.text)
    __rt_heap_escrow$2region                 0x08000807   Thumb Code     2  heapauxi.o(.text)
    __rt_heap_expand$2region                 0x08000809   Thumb Code     2  heapauxi.o(.text)
    __user_setup_stackheap                   0x0800080b   Thumb Code    74  sys_stackheap_outer.o(.text)
    exit                                     0x08000855   Thumb Code    18  exit.o(.text)
    __user_libspace                          0x08000869   Thumb Code     8  libspace.o(.text)
    __user_perproc_libspace                  0x08000869   Thumb Code     0  libspace.o(.text)
    _sys_exit                                0x08000871   Thumb Code     8  sys_exit.o(.text)
    __I$use$semihosting                      0x0800087d   Thumb Code     0  use_no_semi.o(.text)
    __use_no_semihosting_swi                 0x0800087d   Thumb Code     2  use_no_semi.o(.text)
    __semihosting_library_function           0x0800087f   Thumb Code     0  indicate_semi.o(.text)
    BusFault_Handler                         0x080009f1   Thumb Code     4  stm32f7xx_it.o(i.BusFault_Handler)
    DebugMon_Handler                         0x080009f5   Thumb Code     2  stm32f7xx_it.o(i.DebugMon_Handler)
    Error_Handler                            0x080009f7   Thumb Code     2  main.o(i.Error_Handler)
    EventRecord2                             0x08000a5d   Thumb Code    70  eventrecorder.o(i.EventRecord2)
    EventRecord4                             0x08000aa3   Thumb Code   118  eventrecorder.o(i.EventRecord4)
    EventRecorderTimerGetCount               0x08000bf1   Thumb Code     6  eventrecorder.o(i.EventRecorderTimerGetCount)
    EvrRtxDelayCompleted                     0x08000bfd   Thumb Code    16  rtx_evr.o(i.EvrRtxDelayCompleted)
    EvrRtxEventFlagsWaitTimeout              0x08000c11   Thumb Code    16  rtx_evr.o(i.EvrRtxEventFlagsWaitTimeout)
    EvrRtxKernelError                        0x08000c25   Thumb Code    18  rtx_evr.o(i.EvrRtxKernelError)
    EvrRtxKernelGetState                     0x08000c39   Thumb Code    16  rtx_evr.o(i.EvrRtxKernelGetState)
    EvrRtxKernelInitialize                   0x08000c4d   Thumb Code    14  rtx_evr.o(i.EvrRtxKernelInitialize)
    EvrRtxKernelInitialized                  0x08000c61   Thumb Code    14  rtx_evr.o(i.EvrRtxKernelInitialized)
    EvrRtxMemoryAlloc                        0x08000c75   Thumb Code    26  rtx_evr.o(i.EvrRtxMemoryAlloc)
    EvrRtxMemoryBlockAlloc                   0x08000c95   Thumb Code    18  rtx_evr.o(i.EvrRtxMemoryBlockAlloc)
    EvrRtxMemoryBlockFree                    0x08000cad   Thumb Code    26  rtx_evr.o(i.EvrRtxMemoryBlockFree)
    EvrRtxMemoryBlockInit                    0x08000ccd   Thumb Code    26  rtx_evr.o(i.EvrRtxMemoryBlockInit)
    EvrRtxMemoryFree                         0x08000ced   Thumb Code    26  rtx_evr.o(i.EvrRtxMemoryFree)
    EvrRtxMemoryInit                         0x08000d0d   Thumb Code    28  rtx_evr.o(i.EvrRtxMemoryInit)
    EvrRtxMemoryPoolAllocTimeout             0x08000d29   Thumb Code    16  rtx_evr.o(i.EvrRtxMemoryPoolAllocTimeout)
    EvrRtxMessageQueueGetTimeout             0x08000d3d   Thumb Code    16  rtx_evr.o(i.EvrRtxMessageQueueGetTimeout)
    EvrRtxMessageQueuePutTimeout             0x08000d51   Thumb Code    16  rtx_evr.o(i.EvrRtxMessageQueuePutTimeout)
    EvrRtxMutexAcquire                       0x08000d65   Thumb Code    18  rtx_evr.o(i.EvrRtxMutexAcquire)
    EvrRtxMutexAcquirePending                0x08000d7d   Thumb Code    18  rtx_evr.o(i.EvrRtxMutexAcquirePending)
    EvrRtxMutexAcquireTimeout                0x08000d95   Thumb Code    16  rtx_evr.o(i.EvrRtxMutexAcquireTimeout)
    EvrRtxMutexAcquired                      0x08000da9   Thumb Code    18  rtx_evr.o(i.EvrRtxMutexAcquired)
    EvrRtxMutexCreated                       0x08000dc1   Thumb Code    18  rtx_evr.o(i.EvrRtxMutexCreated)
    EvrRtxMutexDelete                        0x08000dd9   Thumb Code    16  rtx_evr.o(i.EvrRtxMutexDelete)
    EvrRtxMutexDestroyed                     0x08000ded   Thumb Code    16  rtx_evr.o(i.EvrRtxMutexDestroyed)
    EvrRtxMutexError                         0x08000e01   Thumb Code    20  rtx_evr.o(i.EvrRtxMutexError)
    EvrRtxMutexNew                           0x08000e15   Thumb Code    16  rtx_evr.o(i.EvrRtxMutexNew)
    EvrRtxMutexNotAcquired                   0x08000e29   Thumb Code    16  rtx_evr.o(i.EvrRtxMutexNotAcquired)
    EvrRtxMutexRelease                       0x08000e3d   Thumb Code    16  rtx_evr.o(i.EvrRtxMutexRelease)
    EvrRtxMutexReleased                      0x08000e51   Thumb Code    18  rtx_evr.o(i.EvrRtxMutexReleased)
    EvrRtxSemaphoreAcquireTimeout            0x08000e69   Thumb Code    16  rtx_evr.o(i.EvrRtxSemaphoreAcquireTimeout)
    EvrRtxThreadBlocked                      0x08000e7d   Thumb Code    18  rtx_evr.o(i.EvrRtxThreadBlocked)
    EvrRtxThreadFlagsWaitTimeout             0x08000e95   Thumb Code    16  rtx_evr.o(i.EvrRtxThreadFlagsWaitTimeout)
    EvrRtxThreadPreempted                    0x08000ea9   Thumb Code    16  rtx_evr.o(i.EvrRtxThreadPreempted)
    EvrRtxThreadSwitched                     0x08000ebd   Thumb Code    16  rtx_evr.o(i.EvrRtxThreadSwitched)
    EvrRtxThreadUnblocked                    0x08000ed1   Thumb Code    18  rtx_evr.o(i.EvrRtxThreadUnblocked)
    HAL_ADC_ConfigChannel                    0x08000ef9   Thumb Code   414  stm32f7xx_hal_adc.o(i.HAL_ADC_ConfigChannel)
    HAL_ADC_Init                             0x080010ad   Thumb Code   100  stm32f7xx_hal_adc.o(i.HAL_ADC_Init)
    HAL_ADC_MspInit                          0x08001115   Thumb Code   106  stm32f7xx_hal_msp.o(i.HAL_ADC_MspInit)
    HAL_GPIO_Init                            0x0800118d   Thumb Code   484  stm32f7xx_hal_gpio.o(i.HAL_GPIO_Init)
    HAL_GPIO_WritePin                        0x080013a5   Thumb Code    12  stm32f7xx_hal_gpio.o(i.HAL_GPIO_WritePin)
    HAL_GetTick                              0x080013b1   Thumb Code     6  stm32f7xx_hal.o(i.HAL_GetTick)
    HAL_Init                                 0x080013bd   Thumb Code    22  stm32f7xx_hal.o(i.HAL_Init)
    HAL_InitTick                             0x080013d5   Thumb Code    64  stm32f7xx_hal.o(i.HAL_InitTick)
    HAL_MspInit                              0x08001421   Thumb Code    60  stm32f7xx_hal_msp.o(i.HAL_MspInit)
    HAL_NVIC_SetPriority                     0x08001461   Thumb Code   124  stm32f7xx_hal_cortex.o(i.HAL_NVIC_SetPriority)
    HAL_NVIC_SetPriorityGrouping             0x080014dd   Thumb Code    32  stm32f7xx_hal_cortex.o(i.HAL_NVIC_SetPriorityGrouping)
    HAL_PWREx_EnableOverDrive                0x08001505   Thumb Code   136  stm32f7xx_hal_pwr_ex.o(i.HAL_PWREx_EnableOverDrive)
    HAL_RCC_ClockConfig                      0x08001595   Thumb Code   382  stm32f7xx_hal_rcc.o(i.HAL_RCC_ClockConfig)
    HAL_RCC_GetSysClockFreq                  0x08001725   Thumb Code   162  stm32f7xx_hal_rcc.o(i.HAL_RCC_GetSysClockFreq)
    HAL_RCC_OscConfig                        0x080017d5   Thumb Code  1204  stm32f7xx_hal_rcc.o(i.HAL_RCC_OscConfig)
    HAL_SYSTICK_Config                       0x08001c8d   Thumb Code    52  stm32f7xx_hal_cortex.o(i.HAL_SYSTICK_Config)
    HAL_TIMEx_MasterConfigSynchronization    0x08001cc1   Thumb Code   110  stm32f7xx_hal_tim_ex.o(i.HAL_TIMEx_MasterConfigSynchronization)
    HAL_TIM_Base_Init                        0x08001d39   Thumb Code    52  stm32f7xx_hal_tim.o(i.HAL_TIM_Base_Init)
    HAL_TIM_Base_MspInit                     0x08001d6d   Thumb Code    40  stm32f7xx_hal_msp.o(i.HAL_TIM_Base_MspInit)
    HAL_TIM_ConfigClockSource                0x08001d99   Thumb Code   264  stm32f7xx_hal_tim.o(i.HAL_TIM_ConfigClockSource)
    HardFault_Handler                        0x08001ea5   Thumb Code     4  stm32f7xx_it.o(i.HardFault_Handler)
    MemManage_Handler                        0x0800206f   Thumb Code     4  stm32f7xx_it.o(i.MemManage_Handler)
    NMI_Handler                              0x08002073   Thumb Code     2  stm32f7xx_it.o(i.NMI_Handler)
    OS_Tick_AcknowledgeIRQ                   0x08002075   Thumb Code     8  os_systick.o(i.OS_Tick_AcknowledgeIRQ)
    SystemClock_Config                       0x0800207d   Thumb Code   172  main.o(i.SystemClock_Config)
    SystemInit                               0x08002131   Thumb Code    82  system_stm32f7xx.o(i.SystemInit)
    TIM_Base_SetConfig                       0x08002195   Thumb Code   170  stm32f7xx_hal_tim.o(i.TIM_Base_SetConfig)
    TIM_ETR_SetConfig                        0x0800226d   Thumb Code    22  stm32f7xx_hal_tim.o(i.TIM_ETR_SetConfig)
    UsageFault_Handler                       0x080022e3   Thumb Code     4  stm32f7xx_it.o(i.UsageFault_Handler)
    _mutex_acquire                           0x08002321   Thumb Code    22  rtx_lib.o(i._mutex_acquire)
    _mutex_free                              0x08002337   Thumb Code    12  rtx_lib.o(i._mutex_free)
    _mutex_initialize                        0x08002343   Thumb Code    34  rtx_lib.o(i._mutex_initialize)
    _mutex_release                           0x08002365   Thumb Code    18  rtx_lib.o(i._mutex_release)
    _platform_post_stackheap_init            0x08002377   Thumb Code     8  rtx_lib.o(i._platform_post_stackheap_init)
    main                                     0x080023b5   Thumb Code    24  main.o(i.main)
    osKernelGetState                         0x080023cd   Thumb Code    44  rtx_kernel.o(i.osKernelGetState)
    osKernelInitialize                       0x080023fd   Thumb Code    52  rtx_kernel.o(i.osKernelInitialize)
    osMutexAcquire                           0x08002435   Thumb Code    62  rtx_mutex.o(i.osMutexAcquire)
    osMutexDelete                            0x08002479   Thumb Code    56  rtx_mutex.o(i.osMutexDelete)
    osMutexNew                               0x080024b5   Thumb Code    54  rtx_mutex.o(i.osMutexNew)
    osMutexRelease                           0x080024f1   Thumb Code    56  rtx_mutex.o(i.osMutexRelease)
    osRtxErrorNotify                         0x0800252d   Thumb Code    32  rtx_config.o(i.osRtxErrorNotify)
    osRtxKernelPreInit                       0x08002559   Thumb Code     2  rtx_kernel.o(i.osRtxKernelPreInit)
    osRtxMemoryAlloc                         0x0800255b   Thumb Code   238  rtx_memory.o(i.osRtxMemoryAlloc)
    osRtxMemoryFree                          0x08002649   Thumb Code   124  rtx_memory.o(i.osRtxMemoryFree)
    osRtxMemoryInit                          0x080026c5   Thumb Code   106  rtx_memory.o(i.osRtxMemoryInit)
    osRtxMemoryPoolAlloc                     0x0800272f   Thumb Code    48  rtx_mempool.o(i.osRtxMemoryPoolAlloc)
    osRtxMemoryPoolFree                      0x0800275f   Thumb Code    68  rtx_mempool.o(i.osRtxMemoryPoolFree)
    osRtxMemoryPoolInit                      0x080027a3   Thumb Code    88  rtx_mempool.o(i.osRtxMemoryPoolInit)
    osRtxPendSV_Handler                      0x080027fd   Thumb Code   130  rtx_system.o(i.osRtxPendSV_Handler)
    osRtxThreadDelayTick                     0x08002989   Thumb Code   220  rtx_thread.o(i.osRtxThreadDelayTick)
    osRtxThreadDispatch                      0x08002a69   Thumb Code   102  rtx_thread.o(i.osRtxThreadDispatch)
    osRtxThreadListGet                       0x08002ae1   Thumb Code    26  rtx_thread.o(i.osRtxThreadListGet)
    osRtxThreadListPut                       0x08002afb   Thumb Code    44  rtx_thread.o(i.osRtxThreadListPut)
    osRtxThreadListRemove                    0x08002b27   Thumb Code    26  rtx_thread.o(i.osRtxThreadListRemove)
    osRtxThreadListSort                      0x08002b51   Thumb Code    42  rtx_thread.o(i.osRtxThreadListSort)
    osRtxThreadReadyPut                      0x08002b7d   Thumb Code    18  rtx_thread.o(i.osRtxThreadReadyPut)
    osRtxThreadRegPtr                        0x08002b95   Thumb Code    24  rtx_thread.o(i.osRtxThreadRegPtr)
    osRtxThreadStackCheck                    0x08002bad   Thumb Code    38  rtx_thread.o(i.osRtxThreadStackCheck)
    osRtxThreadSwitch                        0x08002bd9   Thumb Code    24  rtx_thread.o(i.osRtxThreadSwitch)
    osRtxThreadWaitEnter                     0x08002bf5   Thumb Code    72  rtx_thread.o(i.osRtxThreadWaitEnter)
    osRtxThreadWaitExit                      0x08002c41   Thumb Code    54  rtx_thread.o(i.osRtxThreadWaitExit)
    osRtxTick_Handler                        0x08002c79   Thumb Code   154  rtx_system.o(i.osRtxTick_Handler)
    _fp_init                                 0x08003321   Thumb Code    10  fpinit.o(x$fpl$fpinit)
    __fplib_config_fpu_vfp                   0x08003329   Thumb Code     0  fpinit.o(x$fpl$fpinit)
    __fplib_config_pureend_doubles           0x08003329   Thumb Code     0  fpinit.o(x$fpl$fpinit)
    irqRtxLib                                0x0800332c   Data           1  irq_cm4f.o(.constdata)
    osRtxUserSVC                             0x08003390   Data           4  rtx_lib.o(.constdata)
    EventRecorderInfo                        0x08003394   Data          24  eventrecorder.o(.constdata)
    AHBPrescTable                            0x080033ac   Data          16  system_stm32f7xx.o(.constdata)
    APBPrescTable                            0x080033bc   Data           8  system_stm32f7xx.o(.constdata)
    osRtxConfig                              0x080033d0   Data         104  rtx_lib.o(.rodata)
    os_cb_sections                           0x08003438   Data          56  rtx_lib.o(.rodata)
    Region$$Table$$Base                      0x08003470   Number         0  anon$$obj.o(Region$$Table)
    Region$$Table$$Limit                     0x08003490   Number         0  anon$$obj.o(Region$$Table)
    .bss.os.msgqueue.cb$$Base                0x20021040   Number         0  rtx_lib.o(.bss.os.msgqueue.cb)
    .bss.os.msgqueue.cb$$Limit               0x20021074   Number         0  rtx_lib.o(.bss.os.msgqueue.cb)
    .bss.os.thread.cb$$Base                  0x200210c4   Number         0  rtx_lib.o(.bss.os.thread.cb)
    .bss.os.thread.cb$$Limit                 0x2002114c   Number         0  rtx_lib.o(.bss.os.thread.cb)
    irqRtxLibRef                             0x20021350   Data           4  rtx_lib.o(.data)
    SystemCoreClock                          0x20021358   Data           4  system_stm32f7xx.o(.data)
    uwTick                                   0x2002135c   Data           4  stm32f7xx_hal.o(.data)
    uwTickPrio                               0x20021360   Data           4  stm32f7xx_hal.o(.data)
    uwTickFreq                               0x20021364   Data           1  stm32f7xx_hal.o(.data)
    osRtxInfo                                0x20021368   Data         164  rtx_kernel.o(.data.os)
    hadc1                                    0x2002140c   Data          72  main.o(.bss)
    htim2                                    0x20021454   Data          64  main.o(.bss)
    __libspace_start                         0x20021494   Data          96  libspace.o(.bss)
    __temporary_stack_top$libspace           0x200214f4   Data           0  libspace.o(.bss)



==============================================================================

Memory Map of the image

  Image Entry point : 0x080001f9

  Load Region LR_IROM1 (Base: 0x08000000, Size: 0x0000489c, Max: 0x00200000, ABSOLUTE, COMPRESSED[0x000034d0])

    Execution Region ER_IROM1 (Exec base: 0x08000000, Load base: 0x08000000, Size: 0x00003490, Max: 0x00200000, ABSOLUTE)

    Exec Addr    Load Addr    Size         Type   Attr      Idx    E Section Name        Object

    0x08000000   0x08000000   0x000001f8   Data   RO         3258    RESET               startup_stm32f767xx.o
    0x080001f8   0x080001f8   0x00000008   Code   RO         5543  * !!!main             c_w.l(__main.o)
    0x08000200   0x08000200   0x00000034   Code   RO         5712    !!!scatter          c_w.l(__scatter.o)
    0x08000234   0x08000234   0x0000003a   Code   RO         5710    !!dczerorl          c_w.l(__dczerorl.o)
    0x0800026e   0x0800026e   0x00000002   PAD
    0x08000270   0x08000270   0x0000001c   Code   RO         5714    !!handler_zi        c_w.l(__scatter_zi.o)
    0x0800028c   0x0800028c   0x00000002   Code   RO         5580    .ARM.Collect$$libinit$$00000000  c_w.l(libinit.o)
    0x0800028e   0x0800028e   0x00000004   Code   RO         5592    .ARM.Collect$$libinit$$00000001  c_w.l(libinit2.o)
    0x08000292   0x08000292   0x00000000   Code   RO         5595    .ARM.Collect$$libinit$$00000004  c_w.l(libinit2.o)
    0x08000292   0x08000292   0x00000000   Code   RO         5598    .ARM.Collect$$libinit$$0000000A  c_w.l(libinit2.o)
    0x08000292   0x08000292   0x00000000   Code   RO         5600    .ARM.Collect$$libinit$$0000000C  c_w.l(libinit2.o)
    0x08000292   0x08000292   0x00000000   Code   RO         5602    .ARM.Collect$$libinit$$0000000E  c_w.l(libinit2.o)
    0x08000292   0x08000292   0x00000000   Code   RO         5605    .ARM.Collect$$libinit$$00000011  c_w.l(libinit2.o)
    0x08000292   0x08000292   0x00000000   Code   RO         5607    .ARM.Collect$$libinit$$00000013  c_w.l(libinit2.o)
    0x08000292   0x08000292   0x00000000   Code   RO         5609    .ARM.Collect$$libinit$$00000015  c_w.l(libinit2.o)
    0x08000292   0x08000292   0x00000000   Code   RO         5611    .ARM.Collect$$libinit$$00000017  c_w.l(libinit2.o)
    0x08000292   0x08000292   0x00000000   Code   RO         5613    .ARM.Collect$$libinit$$00000019  c_w.l(libinit2.o)
    0x08000292   0x08000292   0x00000000   Code   RO         5615    .ARM.Collect$$libinit$$0000001B  c_w.l(libinit2.o)
    0x08000292   0x08000292   0x00000000   Code   RO         5617    .ARM.Collect$$libinit$$0000001D  c_w.l(libinit2.o)
    0x08000292   0x08000292   0x00000000   Code   RO         5619    .ARM.Collect$$libinit$$0000001F  c_w.l(libinit2.o)
    0x08000292   0x08000292   0x00000000   Code   RO         5621    .ARM.Collect$$libinit$$00000021  c_w.l(libinit2.o)
    0x08000292   0x08000292   0x00000000   Code   RO         5623    .ARM.Collect$$libinit$$00000023  c_w.l(libinit2.o)
    0x08000292   0x08000292   0x00000000   Code   RO         5625    .ARM.Collect$$libinit$$00000025  c_w.l(libinit2.o)
    0x08000292   0x08000292   0x00000000   Code   RO         5629    .ARM.Collect$$libinit$$0000002C  c_w.l(libinit2.o)
    0x08000292   0x08000292   0x00000000   Code   RO         5631    .ARM.Collect$$libinit$$0000002E  c_w.l(libinit2.o)
    0x08000292   0x08000292   0x00000000   Code   RO         5633    .ARM.Collect$$libinit$$00000030  c_w.l(libinit2.o)
    0x08000292   0x08000292   0x00000000   Code   RO         5635    .ARM.Collect$$libinit$$00000032  c_w.l(libinit2.o)
    0x08000292   0x08000292   0x00000002   Code   RO         5636    .ARM.Collect$$libinit$$00000033  c_w.l(libinit2.o)
    0x08000294   0x08000294   0x00000002   Code   RO         5667    .ARM.Collect$$libshutdown$$00000000  c_w.l(libshutdown.o)
    0x08000296   0x08000296   0x00000000   Code   RO         5693    .ARM.Collect$$libshutdown$$00000002  c_w.l(libshutdown2.o)
    0x08000296   0x08000296   0x00000000   Code   RO         5695    .ARM.Collect$$libshutdown$$00000004  c_w.l(libshutdown2.o)
    0x08000296   0x08000296   0x00000000   Code   RO         5698    .ARM.Collect$$libshutdown$$00000007  c_w.l(libshutdown2.o)
    0x08000296   0x08000296   0x00000000   Code   RO         5701    .ARM.Collect$$libshutdown$$0000000A  c_w.l(libshutdown2.o)
    0x08000296   0x08000296   0x00000000   Code   RO         5703    .ARM.Collect$$libshutdown$$0000000C  c_w.l(libshutdown2.o)
    0x08000296   0x08000296   0x00000000   Code   RO         5706    .ARM.Collect$$libshutdown$$0000000F  c_w.l(libshutdown2.o)
    0x08000296   0x08000296   0x00000002   Code   RO         5707    .ARM.Collect$$libshutdown$$00000010  c_w.l(libshutdown2.o)
    0x08000298   0x08000298   0x00000000   Code   RO         5545    .ARM.Collect$$rtentry$$00000000  c_w.l(__rtentry.o)
    0x08000298   0x08000298   0x00000000   Code   RO         5553    .ARM.Collect$$rtentry$$00000002  c_w.l(__rtentry2.o)
    0x08000298   0x08000298   0x00000006   Code   RO         5565    .ARM.Collect$$rtentry$$00000004  c_w.l(__rtentry4.o)
    0x0800029e   0x0800029e   0x00000008   Code   RO         5554    .ARM.Collect$$rtentry$$00000008  c_w.l(__rtentry2.o)
    0x080002a6   0x080002a6   0x00000004   Code   RO         5556    .ARM.Collect$$rtentry$$0000000A  c_w.l(__rtentry2.o)
    0x080002aa   0x080002aa   0x00000000   Code   RO         5558    .ARM.Collect$$rtentry$$0000000C  c_w.l(__rtentry2.o)
    0x080002aa   0x080002aa   0x00000008   Code   RO         5559    .ARM.Collect$$rtentry$$0000000D  c_w.l(__rtentry2.o)
    0x080002b2   0x080002b2   0x00000002   Code   RO         5584    .ARM.Collect$$rtexit$$00000000  c_w.l(rtexit.o)
    0x080002b4   0x080002b4   0x00000000   Code   RO         5640    .ARM.Collect$$rtexit$$00000002  c_w.l(rtexit2.o)
    0x080002b4   0x080002b4   0x00000004   Code   RO         5641    .ARM.Collect$$rtexit$$00000003  c_w.l(rtexit2.o)
    0x080002b8   0x080002b8   0x00000006   Code   RO         5642    .ARM.Collect$$rtexit$$00000004  c_w.l(rtexit2.o)
    0x080002be   0x080002be   0x00000002   PAD
    0x080002c0   0x080002c0   0x00000148   Code   RO         1861    .emb_text           rtx_mempool.o
    0x08000408   0x08000408   0x00000148   Code   RO         2429    .emb_text           rtx_system.o
    0x08000550   0x08000550   0x00000074   Code   RO         3133    .emb_text           eventrecorder.o
    0x080005c4   0x080005c4   0x000000c4   Code   RO          218    .text               irq_cm4f.o
    0x08000688   0x08000688   0x00000040   Code   RO         3259    .text               startup_stm32f767xx.o
    0x080006c8   0x080006c8   0x000000ee   Code   RO         5533    .text               c_w.l(lludivv7m.o)
    0x080007b6   0x080007b6   0x0000004e   Code   RO         5539    .text               c_w.l(rt_memclr_w.o)
    0x08000804   0x08000804   0x00000006   Code   RO         5541    .text               c_w.l(heapauxi.o)
    0x0800080a   0x0800080a   0x0000004a   Code   RO         5569    .text               c_w.l(sys_stackheap_outer.o)
    0x08000854   0x08000854   0x00000012   Code   RO         5571    .text               c_w.l(exit.o)
    0x08000866   0x08000866   0x00000002   PAD
    0x08000868   0x08000868   0x00000008   Code   RO         5581    .text               c_w.l(libspace.o)
    0x08000870   0x08000870   0x0000000c   Code   RO         5637    .text               c_w.l(sys_exit.o)
    0x0800087c   0x0800087c   0x00000002   Code   RO         5656    .text               c_w.l(use_no_semi.o)
    0x0800087e   0x0800087e   0x00000000   Code   RO         5658    .text               c_w.l(indicate_semi.o)
    0x0800087e   0x0800087e   0x00000002   PAD
    0x08000880   0x08000880   0x00000170   Code   RO         3516    i.ADC_Init          stm32f7xx_hal_adc.o
    0x080009f0   0x080009f0   0x00000004   Code   RO          163    i.BusFault_Handler  stm32f7xx_it.o
    0x080009f4   0x080009f4   0x00000002   Code   RO          164    i.DebugMon_Handler  stm32f7xx_it.o
    0x080009f6   0x080009f6   0x00000002   Code   RO            4    i.Error_Handler     main.o
    0x080009f8   0x080009f8   0x00000028   Code   RO         3134    i.EventCheckFilter  eventrecorder.o
    0x08000a20   0x08000a20   0x0000003c   Code   RO         3135    i.EventGetTS        eventrecorder.o
    0x08000a5c   0x08000a5c   0x00000046   Code   RO         3136    i.EventRecord2      eventrecorder.o
    0x08000aa2   0x08000aa2   0x00000076   Code   RO         3137    i.EventRecord4      eventrecorder.o
    0x08000b18   0x08000b18   0x000000d8   Code   RO         3139    i.EventRecordItem   eventrecorder.o
    0x08000bf0   0x08000bf0   0x0000000c   Code   RO         3146    i.EventRecorderTimerGetCount  eventrecorder.o
    0x08000bfc   0x08000bfc   0x00000014   Code   RO          463    i.EvrRtxDelayCompleted  rtx_evr.o
    0x08000c10   0x08000c10   0x00000014   Code   RO          483    i.EvrRtxEventFlagsWaitTimeout  rtx_evr.o
    0x08000c24   0x08000c24   0x00000012   Code   RO          484    i.EvrRtxKernelError  rtx_evr.o
    0x08000c36   0x08000c36   0x00000002   PAD
    0x08000c38   0x08000c38   0x00000014   Code   RO          486    i.EvrRtxKernelGetState  rtx_evr.o
    0x08000c4c   0x08000c4c   0x00000014   Code   RO          492    i.EvrRtxKernelInitialize  rtx_evr.o
    0x08000c60   0x08000c60   0x00000014   Code   RO          493    i.EvrRtxKernelInitialized  rtx_evr.o
    0x08000c74   0x08000c74   0x00000020   Code   RO          506    i.EvrRtxMemoryAlloc  rtx_evr.o
    0x08000c94   0x08000c94   0x00000018   Code   RO          507    i.EvrRtxMemoryBlockAlloc  rtx_evr.o
    0x08000cac   0x08000cac   0x00000020   Code   RO          508    i.EvrRtxMemoryBlockFree  rtx_evr.o
    0x08000ccc   0x08000ccc   0x00000020   Code   RO          509    i.EvrRtxMemoryBlockInit  rtx_evr.o
    0x08000cec   0x08000cec   0x00000020   Code   RO          510    i.EvrRtxMemoryFree  rtx_evr.o
    0x08000d0c   0x08000d0c   0x0000001c   Code   RO          511    i.EvrRtxMemoryInit  rtx_evr.o
    0x08000d28   0x08000d28   0x00000014   Code   RO          515    i.EvrRtxMemoryPoolAllocTimeout  rtx_evr.o
    0x08000d3c   0x08000d3c   0x00000014   Code   RO          541    i.EvrRtxMessageQueueGetTimeout  rtx_evr.o
    0x08000d50   0x08000d50   0x00000014   Code   RO          549    i.EvrRtxMessageQueuePutTimeout  rtx_evr.o
    0x08000d64   0x08000d64   0x00000018   Code   RO          553    i.EvrRtxMutexAcquire  rtx_evr.o
    0x08000d7c   0x08000d7c   0x00000018   Code   RO          554    i.EvrRtxMutexAcquirePending  rtx_evr.o
    0x08000d94   0x08000d94   0x00000014   Code   RO          555    i.EvrRtxMutexAcquireTimeout  rtx_evr.o
    0x08000da8   0x08000da8   0x00000018   Code   RO          556    i.EvrRtxMutexAcquired  rtx_evr.o
    0x08000dc0   0x08000dc0   0x00000018   Code   RO          557    i.EvrRtxMutexCreated  rtx_evr.o
    0x08000dd8   0x08000dd8   0x00000014   Code   RO          558    i.EvrRtxMutexDelete  rtx_evr.o
    0x08000dec   0x08000dec   0x00000014   Code   RO          559    i.EvrRtxMutexDestroyed  rtx_evr.o
    0x08000e00   0x08000e00   0x00000014   Code   RO          560    i.EvrRtxMutexError  rtx_evr.o
    0x08000e14   0x08000e14   0x00000014   Code   RO          563    i.EvrRtxMutexNew    rtx_evr.o
    0x08000e28   0x08000e28   0x00000014   Code   RO          564    i.EvrRtxMutexNotAcquired  rtx_evr.o
    0x08000e3c   0x08000e3c   0x00000014   Code   RO          565    i.EvrRtxMutexRelease  rtx_evr.o
    0x08000e50   0x08000e50   0x00000018   Code   RO          566    i.EvrRtxMutexReleased  rtx_evr.o
    0x08000e68   0x08000e68   0x00000014   Code   RO          569    i.EvrRtxSemaphoreAcquireTimeout  rtx_evr.o
    0x08000e7c   0x08000e7c   0x00000018   Code   RO          581    i.EvrRtxThreadBlocked  rtx_evr.o
    0x08000e94   0x08000e94   0x00000014   Code   RO          599    i.EvrRtxThreadFlagsWaitTimeout  rtx_evr.o
    0x08000ea8   0x08000ea8   0x00000014   Code   RO          611    i.EvrRtxThreadPreempted  rtx_evr.o
    0x08000ebc   0x08000ebc   0x00000014   Code   RO          618    i.EvrRtxThreadSwitched  rtx_evr.o
    0x08000ed0   0x08000ed0   0x00000018   Code   RO          620    i.EvrRtxThreadUnblocked  rtx_evr.o
    0x08000ee8   0x08000ee8   0x00000010   Code   RO         3149    i.GetContext        eventrecorder.o
    0x08000ef8   0x08000ef8   0x000001b4   Code   RO         3518    i.HAL_ADC_ConfigChannel  stm32f7xx_hal_adc.o
    0x080010ac   0x080010ac   0x00000068   Code   RO         3527    i.HAL_ADC_Init      stm32f7xx_hal_adc.o
    0x08001114   0x08001114   0x00000078   Code   RO         5487    i.HAL_ADC_MspInit   stm32f7xx_hal_msp.o
    0x0800118c   0x0800118c   0x00000218   Code   RO         4078    i.HAL_GPIO_Init     stm32f7xx_hal_gpio.o
    0x080013a4   0x080013a4   0x0000000c   Code   RO         4082    i.HAL_GPIO_WritePin  stm32f7xx_hal_gpio.o
    0x080013b0   0x080013b0   0x0000000c   Code   RO         3320    i.HAL_GetTick       stm32f7xx_hal.o
    0x080013bc   0x080013bc   0x00000016   Code   RO         3327    i.HAL_Init          stm32f7xx_hal.o
    0x080013d2   0x080013d2   0x00000002   PAD
    0x080013d4   0x080013d4   0x0000004c   Code   RO         3328    i.HAL_InitTick      stm32f7xx_hal.o
    0x08001420   0x08001420   0x00000040   Code   RO         5488    i.HAL_MspInit       stm32f7xx_hal_msp.o
    0x08001460   0x08001460   0x0000007c   Code   RO         3799    i.HAL_NVIC_SetPriority  stm32f7xx_hal_cortex.o
    0x080014dc   0x080014dc   0x00000028   Code   RO         3800    i.HAL_NVIC_SetPriorityGrouping  stm32f7xx_hal_cortex.o
    0x08001504   0x08001504   0x00000090   Code   RO         4271    i.HAL_PWREx_EnableOverDrive  stm32f7xx_hal_pwr_ex.o
    0x08001594   0x08001594   0x00000190   Code   RO         4358    i.HAL_RCC_ClockConfig  stm32f7xx_hal_rcc.o
    0x08001724   0x08001724   0x000000b0   Code   RO         4367    i.HAL_RCC_GetSysClockFreq  stm32f7xx_hal_rcc.o
    0x080017d4   0x080017d4   0x000004b8   Code   RO         4370    i.HAL_RCC_OscConfig  stm32f7xx_hal_rcc.o
    0x08001c8c   0x08001c8c   0x00000034   Code   RO         3804    i.HAL_SYSTICK_Config  stm32f7xx_hal_cortex.o
    0x08001cc0   0x08001cc0   0x00000078   Code   RO         5238    i.HAL_TIMEx_MasterConfigSynchronization  stm32f7xx_hal_tim_ex.o
    0x08001d38   0x08001d38   0x00000034   Code   RO         4521    i.HAL_TIM_Base_Init  stm32f7xx_hal_tim.o
    0x08001d6c   0x08001d6c   0x0000002c   Code   RO         5490    i.HAL_TIM_Base_MspInit  stm32f7xx_hal_msp.o
    0x08001d98   0x08001d98   0x0000010c   Code   RO         4530    i.HAL_TIM_ConfigClockSource  stm32f7xx_hal_tim.o
    0x08001ea4   0x08001ea4   0x00000004   Code   RO          165    i.HardFault_Handler  stm32f7xx_it.o
    0x08001ea8   0x08001ea8   0x00000018   Code   RO         1516    i.IsIrqMasked       rtx_kernel.o
    0x08001ec0   0x08001ec0   0x00000018   Code   RO         2202    i.IsIrqMasked       rtx_mutex.o
    0x08001ed8   0x08001ed8   0x00000010   Code   RO         1517    i.IsIrqMode         rtx_kernel.o
    0x08001ee8   0x08001ee8   0x00000010   Code   RO         2203    i.IsIrqMode         rtx_mutex.o
    0x08001ef8   0x08001ef8   0x00000010   Code   RO         1518    i.IsPrivileged      rtx_kernel.o
    0x08001f08   0x08001f08   0x00000078   Code   RO            5    i.MX_ADC1_Init      main.o
    0x08001f80   0x08001f80   0x00000070   Code   RO            6    i.MX_GPIO_Init      main.o
    0x08001ff0   0x08001ff0   0x00000074   Code   RO            7    i.MX_TIM2_Init      main.o
    0x08002064   0x08002064   0x0000000a   Code   RO         1811    i.MemBlockPtr       rtx_memory.o
    0x0800206e   0x0800206e   0x00000004   Code   RO          166    i.MemManage_Handler  stm32f7xx_it.o
    0x08002072   0x08002072   0x00000002   Code   RO          167    i.NMI_Handler       stm32f7xx_it.o
    0x08002074   0x08002074   0x00000008   Code   RO         3029    i.OS_Tick_AcknowledgeIRQ  os_systick.o
    0x0800207c   0x0800207c   0x000000b4   Code   RO            8    i.SystemClock_Config  main.o
    0x08002130   0x08002130   0x00000064   Code   RO         3267    i.SystemInit        system_stm32f7xx.o
    0x08002194   0x08002194   0x000000d8   Code   RO         4609    i.TIM_Base_SetConfig  stm32f7xx_hal_tim.o
    0x0800226c   0x0800226c   0x00000016   Code   RO         4620    i.TIM_ETR_SetConfig  stm32f7xx_hal_tim.o
    0x08002282   0x08002282   0x00000012   Code   RO         4621    i.TIM_ITRx_SetConfig  stm32f7xx_hal_tim.o
    0x08002294   0x08002294   0x00000026   Code   RO         4629    i.TIM_TI1_ConfigInputStage  stm32f7xx_hal_tim.o
    0x080022ba   0x080022ba   0x00000028   Code   RO         4631    i.TIM_TI2_ConfigInputStage  stm32f7xx_hal_tim.o
    0x080022e2   0x080022e2   0x00000004   Code   RO          168    i.UsageFault_Handler  stm32f7xx_it.o
    0x080022e6   0x080022e6   0x00000002   PAD
    0x080022e8   0x080022e8   0x00000010   Code   RO         3806    i.__NVIC_GetPriorityGrouping  stm32f7xx_hal_cortex.o
    0x080022f8   0x080022f8   0x00000028   Code   RO         3807    i.__NVIC_SetPriority  stm32f7xx_hal_cortex.o
    0x08002320   0x08002320   0x00000016   Code   RO         1733    i._mutex_acquire    rtx_lib.o
    0x08002336   0x08002336   0x0000000c   Code   RO         1734    i._mutex_free       rtx_lib.o
    0x08002342   0x08002342   0x00000022   Code   RO         1735    i._mutex_initialize  rtx_lib.o
    0x08002364   0x08002364   0x00000012   Code   RO         1736    i._mutex_release    rtx_lib.o
    0x08002376   0x08002376   0x00000008   Code   RO         1737    i._platform_post_stackheap_init  rtx_lib.o
    0x0800237e   0x0800237e   0x00000002   PAD
    0x08002380   0x08002380   0x00000034   Code   RO         2430    i.isr_queue_get     rtx_system.o
    0x080023b4   0x080023b4   0x00000018   Code   RO            9    i.main              main.o
    0x080023cc   0x080023cc   0x00000030   Code   RO         1522    i.osKernelGetState  rtx_kernel.o
    0x080023fc   0x080023fc   0x00000038   Code   RO         1527    i.osKernelInitialize  rtx_kernel.o
    0x08002434   0x08002434   0x00000044   Code   RO         2204    i.osMutexAcquire    rtx_mutex.o
    0x08002478   0x08002478   0x0000003c   Code   RO         2205    i.osMutexDelete     rtx_mutex.o
    0x080024b4   0x080024b4   0x0000003c   Code   RO         2208    i.osMutexNew        rtx_mutex.o
    0x080024f0   0x080024f0   0x0000003c   Code   RO         2209    i.osMutexRelease    rtx_mutex.o
    0x0800252c   0x0800252c   0x00000020   Code   RO         3103    i.osRtxErrorNotify  rtx_config.o
    0x0800254c   0x0800254c   0x0000000c   Code   RO         2492    i.osRtxKernelGetState  rtx_thread.o
    0x08002558   0x08002558   0x00000002   Code   RO         1534    i.osRtxKernelPreInit  rtx_kernel.o
    0x0800255a   0x0800255a   0x000000ee   Code   RO         1812    i.osRtxMemoryAlloc  rtx_memory.o
    0x08002648   0x08002648   0x0000007c   Code   RO         1813    i.osRtxMemoryFree   rtx_memory.o
    0x080026c4   0x080026c4   0x0000006a   Code   RO         1814    i.osRtxMemoryInit   rtx_memory.o
    0x0800272e   0x0800272e   0x00000030   Code   RO         1874    i.osRtxMemoryPoolAlloc  rtx_mempool.o
    0x0800275e   0x0800275e   0x00000044   Code   RO         1875    i.osRtxMemoryPoolFree  rtx_mempool.o
    0x080027a2   0x080027a2   0x00000058   Code   RO         1876    i.osRtxMemoryPoolInit  rtx_mempool.o
    0x080027fa   0x080027fa   0x00000002   PAD
    0x080027fc   0x080027fc   0x00000088   Code   RO         2432    i.osRtxPendSV_Handler  rtx_system.o
    0x08002884   0x08002884   0x00000040   Code   RO         2493    i.osRtxThreadBlock  rtx_thread.o
    0x080028c4   0x080028c4   0x00000068   Code   RO         2494    i.osRtxThreadDelayInsert  rtx_thread.o
    0x0800292c   0x0800292c   0x0000005c   Code   RO         2495    i.osRtxThreadDelayRemove  rtx_thread.o
    0x08002988   0x08002988   0x000000e0   Code   RO         2496    i.osRtxThreadDelayTick  rtx_thread.o
    0x08002a68   0x08002a68   0x0000006c   Code   RO         2497    i.osRtxThreadDispatch  rtx_thread.o
    0x08002ad4   0x08002ad4   0x0000000c   Code   RO         2499    i.osRtxThreadGetRunning  rtx_thread.o
    0x08002ae0   0x08002ae0   0x0000001a   Code   RO         2500    i.osRtxThreadListGet  rtx_thread.o
    0x08002afa   0x08002afa   0x0000002c   Code   RO         2501    i.osRtxThreadListPut  rtx_thread.o
    0x08002b26   0x08002b26   0x0000001a   Code   RO         2502    i.osRtxThreadListRemove  rtx_thread.o
    0x08002b40   0x08002b40   0x00000010   Code   RO         2503    i.osRtxThreadListRoot  rtx_thread.o
    0x08002b50   0x08002b50   0x0000002a   Code   RO         2504    i.osRtxThreadListSort  rtx_thread.o
    0x08002b7a   0x08002b7a   0x00000002   PAD
    0x08002b7c   0x08002b7c   0x00000018   Code   RO         2507    i.osRtxThreadReadyPut  rtx_thread.o
    0x08002b94   0x08002b94   0x00000018   Code   RO         2508    i.osRtxThreadRegPtr  rtx_thread.o
    0x08002bac   0x08002bac   0x0000002c   Code   RO         2510    i.osRtxThreadStackCheck  rtx_thread.o
    0x08002bd8   0x08002bd8   0x0000001c   Code   RO         2512    i.osRtxThreadSwitch  rtx_thread.o
    0x08002bf4   0x08002bf4   0x0000004c   Code   RO         2513    i.osRtxThreadWaitEnter  rtx_thread.o
    0x08002c40   0x08002c40   0x00000036   Code   RO         2514    i.osRtxThreadWaitExit  rtx_thread.o
    0x08002c76   0x08002c76   0x00000002   PAD
    0x08002c78   0x08002c78   0x000000a0   Code   RO         2434    i.osRtxTick_Handler  rtx_system.o
    0x08002d18   0x08002d18   0x00000020   Code   RO         1738    i.os_kernel_is_active  rtx_lib.o
    0x08002d38   0x08002d38   0x00000018   Code   RO         1536    i.svcRtxKernelGetState  rtx_kernel.o
    0x08002d50   0x08002d50   0x00000224   Code   RO         1541    i.svcRtxKernelInitialize  rtx_kernel.o
    0x08002f74   0x08002f74   0x0000010c   Code   RO         2211    i.svcRtxMutexAcquire  rtx_mutex.o
    0x08003080   0x08003080   0x000000e4   Code   RO         2212    i.svcRtxMutexDelete  rtx_mutex.o
    0x08003164   0x08003164   0x000000ac   Code   RO         2215    i.svcRtxMutexNew    rtx_mutex.o
    0x08003210   0x08003210   0x00000110   Code   RO         2216    i.svcRtxMutexRelease  rtx_mutex.o
    0x08003320   0x08003320   0x0000000a   Code   RO         5652    x$fpl$fpinit        fz_wv.l(fpinit.o)
    0x0800332a   0x0800332a   0x00000002   PAD
    0x0800332c   0x0800332c   0x00000001   Data   RO          217    .constdata          irq_cm4f.o
    0x0800332d   0x0800332d   0x00000003   PAD
    0x08003330   0x08003330   0x00000064   Data   RO         1745    .constdata          rtx_lib.o
    0x08003394   0x08003394   0x00000018   Data   RO         3152    .constdata          eventrecorder.o
    0x080033ac   0x080033ac   0x00000018   Data   RO         3268    .constdata          system_stm32f7xx.o
    0x080033c4   0x080033c4   0x0000000b   Data   RO         1548    .conststrlit        rtx_kernel.o
    0x080033cf   0x080033cf   0x00000001   PAD
    0x080033d0   0x080033d0   0x000000a0   Data   RO         1747    .rodata             rtx_lib.o
    0x08003470   0x08003470   0x00000020   Data   RO         5708    Region$$Table       anon$$obj.o


    Execution Region RW_IRAM2 (Exec base: 0x20000000, Load base: 0x080034d0, Size: 0x00000000, Max: 0x00020000, ABSOLUTE)

    **** No section assigned to this execution region ****


    Execution Region RW_IRAM1 (Exec base: 0x20020000, Load base: 0x08003490, Size: 0x00001fa8, Max: 0x00060000, ABSOLUTE, COMPRESSED[0x00000040])

    Exec Addr    Load Addr    Size         Type   Attr      Idx    E Section Name        Object

    0x20020000   COMPRESSED   0x00001040   Data   RW         1739    .bss.os             rtx_lib.o
    0x20021040   COMPRESSED   0x00000034   Data   RW         1741    .bss.os.msgqueue.cb  rtx_lib.o
    0x20021074   COMPRESSED   0x00000050   Data   RW         1742    .bss.os.msgqueue.mem  rtx_lib.o
    0x200210c4   COMPRESSED   0x00000088   Data   RW         1743    .bss.os.thread.cb   rtx_lib.o
    0x2002114c   COMPRESSED   0x00000004   PAD
    0x20021150   COMPRESSED   0x00000200   Data   RW         1744    .bss.os.thread.stack  rtx_lib.o
    0x20021350   COMPRESSED   0x00000005   Data   RW         1746    .data               rtx_lib.o
    0x20021355   COMPRESSED   0x00000003   PAD
    0x20021358   COMPRESSED   0x00000004   Data   RW         3269    .data               system_stm32f7xx.o
    0x2002135c   COMPRESSED   0x00000009   Data   RW         3334    .data               stm32f7xx_hal.o
    0x20021365   COMPRESSED   0x00000003   PAD
    0x20021368   COMPRESSED   0x000000a4   Data   RW         1549    .data.os            rtx_kernel.o
    0x2002140c        -       0x00000088   Zero   RW           10    .bss                main.o
    0x20021494        -       0x00000060   Zero   RW         5582    .bss                c_w.l(libspace.o)
    0x200214f4   COMPRESSED   0x0000000c   PAD
    0x20021500        -       0x000004a4   Zero   RW         3151    .bss.noinit         eventrecorder.o
    0x200219a4   COMPRESSED   0x00000004   PAD
    0x200219a8        -       0x00000200   Zero   RW         3257    HEAP                startup_stm32f767xx.o
    0x20021ba8        -       0x00000400   Zero   RW         3256    STACK               startup_stm32f767xx.o


==============================================================================

Image component sizes


      Code (inc. data)   RO Data    RW Data    ZI Data      Debug   Object Name

       648         34         24          0       1188      15723   eventrecorder.o
       196         12          1          0          0        624   irq_cm4f.o
       554         34          0          0        136     861118   main.o
         8          0          0          0          0        521   os_systick.o
        32          6          0          0          0        579   rtx_config.o
         0          0          0          0          0      18399   rtx_delay.o
       746        148          0          0          0      34110   rtx_evr.o
       734         22         11        164          0      23506   rtx_kernel.o
       126          4        260       4945          0      12782   rtx_lib.o
       478          0          0          0          0       4303   rtx_memory.o
       532          0          0          0          0       3991   rtx_mempool.o
      1228         36          0          0          0      11435   rtx_mutex.o
       676         28          0          0          0       6462   rtx_system.o
      1020         60          0          0          0      18216   rtx_thread.o
        64         26        504          0       1536        860   startup_stm32f767xx.o
       110         18          0          9          0       8419   stm32f7xx_hal.o
       908         40          0          0          0       3011   stm32f7xx_hal_adc.o
       272         22          0          0          0      39634   stm32f7xx_hal_cortex.o
       548         52          0          0          0       2708   stm32f7xx_hal_gpio.o
       228         22          0          0          0       2739   stm32f7xx_hal_msp.o
       144          8          0          0          0       1520   stm32f7xx_hal_pwr_ex.o
      1784         44          0          0          0       4128   stm32f7xx_hal_rcc.o
       654         50          0          0          0       6137   stm32f7xx_hal_tim.o
       120         10          0          0          0       1568   stm32f7xx_hal_tim_ex.o
        20          0          0          0          0       3169   stm32f7xx_it.o
       100         18         24          4          0       1463   system_stm32f7xx.o

    ----------------------------------------------------------------------
     11944        694        860       5132       2864    1087125   Object Totals
         0          0         32          0          0          0   (incl. Generated)
        14          0          4         10          4          0   (incl. Padding)

    ----------------------------------------------------------------------

      Code (inc. data)   RO Data    RW Data    ZI Data      Debug   Library Member Name

        58          0          0          0          0          0   __dczerorl.o
         8          0          0          0          0         68   __main.o
         0          0          0          0          0          0   __rtentry.o
        20          0          0          0          0          0   __rtentry2.o
         6          0          0          0          0          0   __rtentry4.o
        52          8          0          0          0          0   __scatter.o
        28          0          0          0          0          0   __scatter_zi.o
        18          0          0          0          0         80   exit.o
         6          0          0          0          0        152   heapauxi.o
         0          0          0          0          0          0   indicate_semi.o
         2          0          0          0          0          0   libinit.o
         6          0          0          0          0          0   libinit2.o
         2          0          0          0          0          0   libshutdown.o
         2          0          0          0          0          0   libshutdown2.o
         8          4          0          0         96         68   libspace.o
       238          0          0          0          0        100   lludivv7m.o
        78          0          0          0          0         80   rt_memclr_w.o
         2          0          0          0          0          0   rtexit.o
        10          0          0          0          0          0   rtexit2.o
        12          4          0          0          0         68   sys_exit.o
        74          0          0          0          0         80   sys_stackheap_outer.o
         2          0          0          0          0         68   use_no_semi.o
        10          0          0          0          0        116   fpinit.o

    ----------------------------------------------------------------------
       652         16          0          0        108        880   Library Totals
        10          0          0          0         12          0   (incl. Padding)

    ----------------------------------------------------------------------

      Code (inc. data)   RO Data    RW Data    ZI Data      Debug   Library Name

       632         16          0          0         96        764   c_w.l
        10          0          0          0          0        116   fz_wv.l

    ----------------------------------------------------------------------
       652         16          0          0        108        880   Library Totals

    ----------------------------------------------------------------------

==============================================================================


      Code (inc. data)   RO Data    RW Data    ZI Data      Debug   

     12596        710        860       5132       2972    1074445   Grand Totals
     12596        710        860         64       2972    1074445   ELF Image Totals (compressed)
     12596        710        860         64          0          0   ROM Totals

==============================================================================

    Total RO  Size (Code + RO Data)                13456 (  13.14kB)
    Total RW  Size (RW Data + ZI Data)              8104 (   7.91kB)
    Total ROM Size (Code + RO Data + RW Data)      13520 (  13.20kB)

==============================================================================

