<html>
<body>
<pre>
<h1>µVision Build Log</h1>
<h2>Tool Versions:</h2>
IDE-Version: µVision V5.27.1.0
Copyright (C) 2019 ARM Ltd and ARM Germany GmbH. All rights reserved.
License Information: Microprocessor Lab, Mahanakorn University, LIC=----
 
Tool Versions:
Toolchain:       MDK-Lite  Version: 5.27.1.0
Toolchain Path:  C:\Keil_ARM_v5\ARM\ARMCC\Bin
C Compiler:      Armcc.exe V5.06 update 6 (build 750)
Assembler:       Armasm.exe V5.06 update 6 (build 750)
Linker/Locator:  ArmLink.exe V5.06 update 6 (build 750)
Library Manager: ArmAr.exe V5.06 update 6 (build 750)
Hex Converter:   FromElf.exe V5.06 update 6 (build 750)
CPU DLL:         SARMCM3.DLL V5.27.1.0
Dialog DLL:      DCM.DLL V1.17.2.0
Target DLL:      STLink\ST-LINKIII-KEIL_SWO.dll V3.0.6.0
Dialog DLL:      TCM.DLL V1.36.1.0
 
<h2>Project:</h2>
D:\5911110222\Lab04\MDK-ARM\Lab04.uvprojx
Project File Date:  07/02/2019

<h2>Output:</h2>
*** Using Compiler 'V5.06 update 6 (build 750)', folder: 'C:\Keil_ARM_v5\ARM\ARMCC\Bin'
Build target 'Lab04'
compiling main.c...
../Src/main.c(320): warning:  #188-D: enumerated type mixed with another type
  	HAL_GPIO_WritePin(LCD_DATA_PORT, DB7, data & 0x80);
../Src/main.c(321): warning:  #188-D: enumerated type mixed with another type
  	HAL_GPIO_WritePin(LCD_DATA_PORT, DB6, data & 0x40);
../Src/main.c(322): warning:  #188-D: enumerated type mixed with another type
  	HAL_GPIO_WritePin(LCD_DATA_PORT, DB5, data & 0x20);
../Src/main.c(323): warning:  #188-D: enumerated type mixed with another type
  	HAL_GPIO_WritePin(LCD_DATA_PORT, DB4, data & 0x10);
../Src/main.c: 4 warnings, 0 errors
linking...
Program Size: Code=3924 RO-data=472 RW-data=16 ZI-data=1024  
FromELF: creating hex file...
"Lab04\Lab04.axf" - 0 Error(s), 4 Warning(s).

<h2>Software Packages used:</h2>

Package Vendor: ARM
                http://www.keil.com/pack/ARM.CMSIS.5.5.1.pack
                ARM.CMSIS.5.5.1
                CMSIS (Cortex Microcontroller Software Interface Standard)
   * Component: CORE Version: 5.2.0

Package Vendor: Keil
                http://www.keil.com/pack/Keil.STM32F3xx_DFP.2.1.0.pack
                Keil.STM32F3xx_DFP.2.1.0
                STMicroelectronics STM32F3 Series Device Support and Examples

<h2>Collection of Component include folders:</h2>
  .\RTE\_Lab04
  C:\Keil_ARM_v5\ARM\PACK\ARM\CMSIS\5.5.1\CMSIS\Core\Include
  C:\Keil_ARM_v5\ARM\PACK\Keil\STM32F3xx_DFP\2.1.0\Drivers\CMSIS\Device\ST\STM32F3xx\Include

<h2>Collection of Component Files used:</h2>

   * Component: ARM::CMSIS:CORE:5.2.0
Build Time Elapsed:  00:00:01
</pre>
</body>
</html>
