<!doctype html public "-//w3c//dtd html 4.0 transitional//en">
<html><head>
<title>Static Call Graph - [.\Objects\FCS2019_SA_RTX5.axf]</title></head>
<body><HR>
<H1>Static Call Graph for image .\Objects\FCS2019_SA_RTX5.axf</H1><HR>
<BR><P>#&#060CALLGRAPH&#062# ARM Linker, 5060750: Last Updated: Wed Sep 11 11:02:03 2019
<BR><P>
<H3>Maximum Stack Usage =        192 bytes + Unknown(Functions without stacksize, Cycles, Untraceable Function Pointers)</H3><H3>
Call chain for Maximum Stack Depth:</H3>
svcRtxMutexDelete &rArr; osRtxThreadWaitExit &rArr; osRtxThreadDispatch &rArr; osRtxThreadBlock &rArr; EvrRtxThreadPreempted &rArr; EventRecord2 &rArr; EventRecordItem
<P>
<H3>
Functions with no stack information
</H3><UL>
 <LI><a href="#[9d]">__user_initial_stackheap</a>
</UL>
</UL>
<P>
<H3>
Mutually Recursive functions
</H3> <LI><a href="#[1f]">ADC_IRQHandler</a>&nbsp;&nbsp;&nbsp;&rArr;&nbsp;&nbsp;&nbsp;<a href="#[1f]">ADC_IRQHandler</a><BR>
 <LI><a href="#[98]">__asm___13_rtx_mempool_c_7914b4c7__atomic_link_put</a>&nbsp;&nbsp;&nbsp;&rArr;&nbsp;&nbsp;&nbsp;<a href="#[98]">__asm___13_rtx_mempool_c_7914b4c7__atomic_link_put</a><BR>
</UL>
<P>
<H3>
Function Pointers
</H3><UL>
 <LI><a href="#[1f]">ADC_IRQHandler</a> from startup_stm32f767xx.o(.text) referenced from startup_stm32f767xx.o(RESET)
 <LI><a href="#[7]">BusFault_Handler</a> from stm32f7xx_it.o(i.BusFault_Handler) referenced from startup_stm32f767xx.o(RESET)
 <LI><a href="#[21]">CAN1_RX0_IRQHandler</a> from startup_stm32f767xx.o(.text) referenced from startup_stm32f767xx.o(RESET)
 <LI><a href="#[22]">CAN1_RX1_IRQHandler</a> from startup_stm32f767xx.o(.text) referenced from startup_stm32f767xx.o(RESET)
 <LI><a href="#[23]">CAN1_SCE_IRQHandler</a> from startup_stm32f767xx.o(.text) referenced from startup_stm32f767xx.o(RESET)
 <LI><a href="#[20]">CAN1_TX_IRQHandler</a> from startup_stm32f767xx.o(.text) referenced from startup_stm32f767xx.o(RESET)
 <LI><a href="#[4d]">CAN2_RX0_IRQHandler</a> from startup_stm32f767xx.o(.text) referenced from startup_stm32f767xx.o(RESET)
 <LI><a href="#[4e]">CAN2_RX1_IRQHandler</a> from startup_stm32f767xx.o(.text) referenced from startup_stm32f767xx.o(RESET)
 <LI><a href="#[4f]">CAN2_SCE_IRQHandler</a> from startup_stm32f767xx.o(.text) referenced from startup_stm32f767xx.o(RESET)
 <LI><a href="#[4c]">CAN2_TX_IRQHandler</a> from startup_stm32f767xx.o(.text) referenced from startup_stm32f767xx.o(RESET)
 <LI><a href="#[74]">CAN3_RX0_IRQHandler</a> from startup_stm32f767xx.o(.text) referenced from startup_stm32f767xx.o(RESET)
 <LI><a href="#[75]">CAN3_RX1_IRQHandler</a> from startup_stm32f767xx.o(.text) referenced from startup_stm32f767xx.o(RESET)
 <LI><a href="#[76]">CAN3_SCE_IRQHandler</a> from startup_stm32f767xx.o(.text) referenced from startup_stm32f767xx.o(RESET)
 <LI><a href="#[73]">CAN3_TX_IRQHandler</a> from startup_stm32f767xx.o(.text) referenced from startup_stm32f767xx.o(RESET)
 <LI><a href="#[6a]">CEC_IRQHandler</a> from startup_stm32f767xx.o(.text) referenced from startup_stm32f767xx.o(RESET)
 <LI><a href="#[5b]">DCMI_IRQHandler</a> from startup_stm32f767xx.o(.text) referenced from startup_stm32f767xx.o(RESET)
 <LI><a href="#[6e]">DFSDM1_FLT0_IRQHandler</a> from startup_stm32f767xx.o(.text) referenced from startup_stm32f767xx.o(RESET)
 <LI><a href="#[6f]">DFSDM1_FLT1_IRQHandler</a> from startup_stm32f767xx.o(.text) referenced from startup_stm32f767xx.o(RESET)
 <LI><a href="#[70]">DFSDM1_FLT2_IRQHandler</a> from startup_stm32f767xx.o(.text) referenced from startup_stm32f767xx.o(RESET)
 <LI><a href="#[71]">DFSDM1_FLT3_IRQHandler</a> from startup_stm32f767xx.o(.text) referenced from startup_stm32f767xx.o(RESET)
 <LI><a href="#[18]">DMA1_Stream0_IRQHandler</a> from startup_stm32f767xx.o(.text) referenced from startup_stm32f767xx.o(RESET)
 <LI><a href="#[19]">DMA1_Stream1_IRQHandler</a> from startup_stm32f767xx.o(.text) referenced from startup_stm32f767xx.o(RESET)
 <LI><a href="#[1a]">DMA1_Stream2_IRQHandler</a> from startup_stm32f767xx.o(.text) referenced from startup_stm32f767xx.o(RESET)
 <LI><a href="#[1b]">DMA1_Stream3_IRQHandler</a> from startup_stm32f767xx.o(.text) referenced from startup_stm32f767xx.o(RESET)
 <LI><a href="#[1c]">DMA1_Stream4_IRQHandler</a> from startup_stm32f767xx.o(.text) referenced from startup_stm32f767xx.o(RESET)
 <LI><a href="#[1d]">DMA1_Stream5_IRQHandler</a> from startup_stm32f767xx.o(.text) referenced from startup_stm32f767xx.o(RESET)
 <LI><a href="#[1e]">DMA1_Stream6_IRQHandler</a> from startup_stm32f767xx.o(.text) referenced from startup_stm32f767xx.o(RESET)
 <LI><a href="#[3c]">DMA1_Stream7_IRQHandler</a> from startup_stm32f767xx.o(.text) referenced from startup_stm32f767xx.o(RESET)
 <LI><a href="#[66]">DMA2D_IRQHandler</a> from startup_stm32f767xx.o(.text) referenced from startup_stm32f767xx.o(RESET)
 <LI><a href="#[45]">DMA2_Stream0_IRQHandler</a> from startup_stm32f767xx.o(.text) referenced from startup_stm32f767xx.o(RESET)
 <LI><a href="#[46]">DMA2_Stream1_IRQHandler</a> from startup_stm32f767xx.o(.text) referenced from startup_stm32f767xx.o(RESET)
 <LI><a href="#[47]">DMA2_Stream2_IRQHandler</a> from startup_stm32f767xx.o(.text) referenced from startup_stm32f767xx.o(RESET)
 <LI><a href="#[48]">DMA2_Stream3_IRQHandler</a> from startup_stm32f767xx.o(.text) referenced from startup_stm32f767xx.o(RESET)
 <LI><a href="#[49]">DMA2_Stream4_IRQHandler</a> from startup_stm32f767xx.o(.text) referenced from startup_stm32f767xx.o(RESET)
 <LI><a href="#[51]">DMA2_Stream5_IRQHandler</a> from startup_stm32f767xx.o(.text) referenced from startup_stm32f767xx.o(RESET)
 <LI><a href="#[52]">DMA2_Stream6_IRQHandler</a> from startup_stm32f767xx.o(.text) referenced from startup_stm32f767xx.o(RESET)
 <LI><a href="#[53]">DMA2_Stream7_IRQHandler</a> from startup_stm32f767xx.o(.text) referenced from startup_stm32f767xx.o(RESET)
 <LI><a href="#[a]">DebugMon_Handler</a> from stm32f7xx_it.o(i.DebugMon_Handler) referenced from startup_stm32f767xx.o(RESET)
 <LI><a href="#[4a]">ETH_IRQHandler</a> from startup_stm32f767xx.o(.text) referenced from startup_stm32f767xx.o(RESET)
 <LI><a href="#[4b]">ETH_WKUP_IRQHandler</a> from startup_stm32f767xx.o(.text) referenced from startup_stm32f767xx.o(RESET)
 <LI><a href="#[13]">EXTI0_IRQHandler</a> from startup_stm32f767xx.o(.text) referenced from startup_stm32f767xx.o(RESET)
 <LI><a href="#[35]">EXTI15_10_IRQHandler</a> from startup_stm32f767xx.o(.text) referenced from startup_stm32f767xx.o(RESET)
 <LI><a href="#[14]">EXTI1_IRQHandler</a> from startup_stm32f767xx.o(.text) referenced from startup_stm32f767xx.o(RESET)
 <LI><a href="#[15]">EXTI2_IRQHandler</a> from startup_stm32f767xx.o(.text) referenced from startup_stm32f767xx.o(RESET)
 <LI><a href="#[16]">EXTI3_IRQHandler</a> from startup_stm32f767xx.o(.text) referenced from startup_stm32f767xx.o(RESET)
 <LI><a href="#[17]">EXTI4_IRQHandler</a> from startup_stm32f767xx.o(.text) referenced from startup_stm32f767xx.o(RESET)
 <LI><a href="#[24]">EXTI9_5_IRQHandler</a> from startup_stm32f767xx.o(.text) referenced from startup_stm32f767xx.o(RESET)
 <LI><a href="#[11]">FLASH_IRQHandler</a> from startup_stm32f767xx.o(.text) referenced from startup_stm32f767xx.o(RESET)
 <LI><a href="#[3d]">FMC_IRQHandler</a> from startup_stm32f767xx.o(.text) referenced from startup_stm32f767xx.o(RESET)
 <LI><a href="#[5d]">FPU_IRQHandler</a> from startup_stm32f767xx.o(.text) referenced from startup_stm32f767xx.o(RESET)
 <LI><a href="#[5]">HardFault_Handler</a> from stm32f7xx_it.o(i.HardFault_Handler) referenced from startup_stm32f767xx.o(RESET)
 <LI><a href="#[2d]">I2C1_ER_IRQHandler</a> from startup_stm32f767xx.o(.text) referenced from startup_stm32f767xx.o(RESET)
 <LI><a href="#[2c]">I2C1_EV_IRQHandler</a> from startup_stm32f767xx.o(.text) referenced from startup_stm32f767xx.o(RESET)
 <LI><a href="#[2f]">I2C2_ER_IRQHandler</a> from startup_stm32f767xx.o(.text) referenced from startup_stm32f767xx.o(RESET)
 <LI><a href="#[2e]">I2C2_EV_IRQHandler</a> from startup_stm32f767xx.o(.text) referenced from startup_stm32f767xx.o(RESET)
 <LI><a href="#[56]">I2C3_ER_IRQHandler</a> from startup_stm32f767xx.o(.text) referenced from startup_stm32f767xx.o(RESET)
 <LI><a href="#[55]">I2C3_EV_IRQHandler</a> from startup_stm32f767xx.o(.text) referenced from startup_stm32f767xx.o(RESET)
 <LI><a href="#[6c]">I2C4_ER_IRQHandler</a> from startup_stm32f767xx.o(.text) referenced from startup_stm32f767xx.o(RESET)
 <LI><a href="#[6b]">I2C4_EV_IRQHandler</a> from startup_stm32f767xx.o(.text) referenced from startup_stm32f767xx.o(RESET)
 <LI><a href="#[77]">JPEG_IRQHandler</a> from startup_stm32f767xx.o(.text) referenced from startup_stm32f767xx.o(RESET)
 <LI><a href="#[69]">LPTIM1_IRQHandler</a> from startup_stm32f767xx.o(.text) referenced from startup_stm32f767xx.o(RESET)
 <LI><a href="#[65]">LTDC_ER_IRQHandler</a> from startup_stm32f767xx.o(.text) referenced from startup_stm32f767xx.o(RESET)
 <LI><a href="#[64]">LTDC_IRQHandler</a> from startup_stm32f767xx.o(.text) referenced from startup_stm32f767xx.o(RESET)
 <LI><a href="#[78]">MDIOS_IRQHandler</a> from startup_stm32f767xx.o(.text) referenced from startup_stm32f767xx.o(RESET)
 <LI><a href="#[6]">MemManage_Handler</a> from stm32f7xx_it.o(i.MemManage_Handler) referenced from startup_stm32f767xx.o(RESET)
 <LI><a href="#[4]">NMI_Handler</a> from stm32f7xx_it.o(i.NMI_Handler) referenced from startup_stm32f767xx.o(RESET)
 <LI><a href="#[50]">OTG_FS_IRQHandler</a> from startup_stm32f767xx.o(.text) referenced from startup_stm32f767xx.o(RESET)
 <LI><a href="#[37]">OTG_FS_WKUP_IRQHandler</a> from startup_stm32f767xx.o(.text) referenced from startup_stm32f767xx.o(RESET)
 <LI><a href="#[58]">OTG_HS_EP1_IN_IRQHandler</a> from startup_stm32f767xx.o(.text) referenced from startup_stm32f767xx.o(RESET)
 <LI><a href="#[57]">OTG_HS_EP1_OUT_IRQHandler</a> from startup_stm32f767xx.o(.text) referenced from startup_stm32f767xx.o(RESET)
 <LI><a href="#[5a]">OTG_HS_IRQHandler</a> from startup_stm32f767xx.o(.text) referenced from startup_stm32f767xx.o(RESET)
 <LI><a href="#[59]">OTG_HS_WKUP_IRQHandler</a> from startup_stm32f767xx.o(.text) referenced from startup_stm32f767xx.o(RESET)
 <LI><a href="#[e]">PVD_IRQHandler</a> from startup_stm32f767xx.o(.text) referenced from startup_stm32f767xx.o(RESET)
 <LI><a href="#[b]">PendSV_Handler</a> from irq_cm4f.o(.text) referenced from startup_stm32f767xx.o(RESET)
 <LI><a href="#[68]">QUADSPI_IRQHandler</a> from startup_stm32f767xx.o(.text) referenced from startup_stm32f767xx.o(RESET)
 <LI><a href="#[12]">RCC_IRQHandler</a> from startup_stm32f767xx.o(.text) referenced from startup_stm32f767xx.o(RESET)
 <LI><a href="#[5c]">RNG_IRQHandler</a> from startup_stm32f767xx.o(.text) referenced from startup_stm32f767xx.o(RESET)
 <LI><a href="#[36]">RTC_Alarm_IRQHandler</a> from startup_stm32f767xx.o(.text) referenced from startup_stm32f767xx.o(RESET)
 <LI><a href="#[10]">RTC_WKUP_IRQHandler</a> from startup_stm32f767xx.o(.text) referenced from startup_stm32f767xx.o(RESET)
 <LI><a href="#[3]">Reset_Handler</a> from startup_stm32f767xx.o(.text) referenced from startup_stm32f767xx.o(RESET)
 <LI><a href="#[63]">SAI1_IRQHandler</a> from startup_stm32f767xx.o(.text) referenced from startup_stm32f767xx.o(RESET)
 <LI><a href="#[67]">SAI2_IRQHandler</a> from startup_stm32f767xx.o(.text) referenced from startup_stm32f767xx.o(RESET)
 <LI><a href="#[3e]">SDMMC1_IRQHandler</a> from startup_stm32f767xx.o(.text) referenced from startup_stm32f767xx.o(RESET)
 <LI><a href="#[72]">SDMMC2_IRQHandler</a> from startup_stm32f767xx.o(.text) referenced from startup_stm32f767xx.o(RESET)
 <LI><a href="#[6d]">SPDIF_RX_IRQHandler</a> from startup_stm32f767xx.o(.text) referenced from startup_stm32f767xx.o(RESET)
 <LI><a href="#[30]">SPI1_IRQHandler</a> from startup_stm32f767xx.o(.text) referenced from startup_stm32f767xx.o(RESET)
 <LI><a href="#[31]">SPI2_IRQHandler</a> from startup_stm32f767xx.o(.text) referenced from startup_stm32f767xx.o(RESET)
 <LI><a href="#[40]">SPI3_IRQHandler</a> from startup_stm32f767xx.o(.text) referenced from startup_stm32f767xx.o(RESET)
 <LI><a href="#[60]">SPI4_IRQHandler</a> from startup_stm32f767xx.o(.text) referenced from startup_stm32f767xx.o(RESET)
 <LI><a href="#[61]">SPI5_IRQHandler</a> from startup_stm32f767xx.o(.text) referenced from startup_stm32f767xx.o(RESET)
 <LI><a href="#[62]">SPI6_IRQHandler</a> from startup_stm32f767xx.o(.text) referenced from startup_stm32f767xx.o(RESET)
 <LI><a href="#[9]">SVC_Handler</a> from irq_cm4f.o(.text) referenced from startup_stm32f767xx.o(RESET)
 <LI><a href="#[c]">SysTick_Handler</a> from irq_cm4f.o(.text) referenced from startup_stm32f767xx.o(RESET)
 <LI><a href="#[79]">SystemInit</a> from system_stm32f7xx.o(i.SystemInit) referenced from startup_stm32f767xx.o(.text)
 <LI><a href="#[f]">TAMP_STAMP_IRQHandler</a> from startup_stm32f767xx.o(.text) referenced from startup_stm32f767xx.o(RESET)
 <LI><a href="#[25]">TIM1_BRK_TIM9_IRQHandler</a> from startup_stm32f767xx.o(.text) referenced from startup_stm32f767xx.o(RESET)
 <LI><a href="#[28]">TIM1_CC_IRQHandler</a> from startup_stm32f767xx.o(.text) referenced from startup_stm32f767xx.o(RESET)
 <LI><a href="#[27]">TIM1_TRG_COM_TIM11_IRQHandler</a> from startup_stm32f767xx.o(.text) referenced from startup_stm32f767xx.o(RESET)
 <LI><a href="#[26]">TIM1_UP_TIM10_IRQHandler</a> from startup_stm32f767xx.o(.text) referenced from startup_stm32f767xx.o(RESET)
 <LI><a href="#[29]">TIM2_IRQHandler</a> from startup_stm32f767xx.o(.text) referenced from startup_stm32f767xx.o(RESET)
 <LI><a href="#[2a]">TIM3_IRQHandler</a> from startup_stm32f767xx.o(.text) referenced from startup_stm32f767xx.o(RESET)
 <LI><a href="#[2b]">TIM4_IRQHandler</a> from startup_stm32f767xx.o(.text) referenced from startup_stm32f767xx.o(RESET)
 <LI><a href="#[3f]">TIM5_IRQHandler</a> from startup_stm32f767xx.o(.text) referenced from startup_stm32f767xx.o(RESET)
 <LI><a href="#[43]">TIM6_DAC_IRQHandler</a> from startup_stm32f767xx.o(.text) referenced from startup_stm32f767xx.o(RESET)
 <LI><a href="#[44]">TIM7_IRQHandler</a> from startup_stm32f767xx.o(.text) referenced from startup_stm32f767xx.o(RESET)
 <LI><a href="#[38]">TIM8_BRK_TIM12_IRQHandler</a> from startup_stm32f767xx.o(.text) referenced from startup_stm32f767xx.o(RESET)
 <LI><a href="#[3b]">TIM8_CC_IRQHandler</a> from startup_stm32f767xx.o(.text) referenced from startup_stm32f767xx.o(RESET)
 <LI><a href="#[3a]">TIM8_TRG_COM_TIM14_IRQHandler</a> from startup_stm32f767xx.o(.text) referenced from startup_stm32f767xx.o(RESET)
 <LI><a href="#[39]">TIM8_UP_TIM13_IRQHandler</a> from startup_stm32f767xx.o(.text) referenced from startup_stm32f767xx.o(RESET)
 <LI><a href="#[41]">UART4_IRQHandler</a> from startup_stm32f767xx.o(.text) referenced from startup_stm32f767xx.o(RESET)
 <LI><a href="#[42]">UART5_IRQHandler</a> from startup_stm32f767xx.o(.text) referenced from startup_stm32f767xx.o(RESET)
 <LI><a href="#[5e]">UART7_IRQHandler</a> from startup_stm32f767xx.o(.text) referenced from startup_stm32f767xx.o(RESET)
 <LI><a href="#[5f]">UART8_IRQHandler</a> from startup_stm32f767xx.o(.text) referenced from startup_stm32f767xx.o(RESET)
 <LI><a href="#[32]">USART1_IRQHandler</a> from startup_stm32f767xx.o(.text) referenced from startup_stm32f767xx.o(RESET)
 <LI><a href="#[33]">USART2_IRQHandler</a> from startup_stm32f767xx.o(.text) referenced from startup_stm32f767xx.o(RESET)
 <LI><a href="#[34]">USART3_IRQHandler</a> from startup_stm32f767xx.o(.text) referenced from startup_stm32f767xx.o(RESET)
 <LI><a href="#[54]">USART6_IRQHandler</a> from startup_stm32f767xx.o(.text) referenced from startup_stm32f767xx.o(RESET)
 <LI><a href="#[8]">UsageFault_Handler</a> from stm32f7xx_it.o(i.UsageFault_Handler) referenced from startup_stm32f767xx.o(RESET)
 <LI><a href="#[d]">WWDG_IRQHandler</a> from startup_stm32f767xx.o(.text) referenced from startup_stm32f767xx.o(RESET)
 <LI><a href="#[81]">__main</a> from __main.o(!!!main) referenced from startup_stm32f767xx.o(.text)
 <LI><a href="#[7b]">svcRtxKernelGetState</a> from rtx_kernel.o(i.svcRtxKernelGetState) referenced from rtx_kernel.o(i.osKernelGetState)
 <LI><a href="#[7c]">svcRtxKernelInitialize</a> from rtx_kernel.o(i.svcRtxKernelInitialize) referenced from rtx_kernel.o(i.osKernelInitialize)
 <LI><a href="#[7d]">svcRtxMutexAcquire</a> from rtx_mutex.o(i.svcRtxMutexAcquire) referenced from rtx_mutex.o(i.osMutexAcquire)
 <LI><a href="#[7e]">svcRtxMutexDelete</a> from rtx_mutex.o(i.svcRtxMutexDelete) referenced from rtx_mutex.o(i.osMutexDelete)
 <LI><a href="#[7f]">svcRtxMutexNew</a> from rtx_mutex.o(i.svcRtxMutexNew) referenced from rtx_mutex.o(i.osMutexNew)
 <LI><a href="#[80]">svcRtxMutexRelease</a> from rtx_mutex.o(i.svcRtxMutexRelease) referenced from rtx_mutex.o(i.osMutexRelease)
</UL>
<P>
<H3>
Global Symbols
</H3>
<P><STRONG><a name="[81]"></a>__main</STRONG> (Thumb, 8 bytes, Stack size 0 bytes, __main.o(!!!main))
<BR><BR>[Calls]<UL><LI><a href="#[86]">&gt;&gt;</a>&nbsp;&nbsp;&nbsp;__scatterload
<LI><a href="#[87]">&gt;&gt;</a>&nbsp;&nbsp;&nbsp;__rt_entry
</UL>

<P><STRONG><a name="[86]"></a>__scatterload</STRONG> (Thumb, 0 bytes, Stack size unknown bytes, __scatter.o(!!!scatter))
<BR><BR>[Called By]<UL><LI><a href="#[81]">&gt;&gt;</a>&nbsp;&nbsp;&nbsp;__main
</UL>

<P><STRONG><a name="[88]"></a>__scatterload_rt2</STRONG> (Thumb, 44 bytes, Stack size unknown bytes, __scatter.o(!!!scatter), UNUSED)
<BR><BR>[Calls]<UL><LI><a href="#[87]">&gt;&gt;</a>&nbsp;&nbsp;&nbsp;__rt_entry
</UL>

<P><STRONG><a name="[11d]"></a>__scatterload_rt2_thumb_only</STRONG> (Thumb, 0 bytes, Stack size unknown bytes, __scatter.o(!!!scatter), UNUSED)

<P><STRONG><a name="[11e]"></a>__scatterload_null</STRONG> (Thumb, 0 bytes, Stack size unknown bytes, __scatter.o(!!!scatter), UNUSED)

<P><STRONG><a name="[11f]"></a>__decompress</STRONG> (Thumb, 58 bytes, Stack size unknown bytes, __dczerorl.o(!!dczerorl), UNUSED)

<P><STRONG><a name="[120]"></a>__decompress0</STRONG> (Thumb, 0 bytes, Stack size unknown bytes, __dczerorl.o(!!dczerorl), UNUSED)

<P><STRONG><a name="[121]"></a>__scatterload_zeroinit</STRONG> (Thumb, 28 bytes, Stack size unknown bytes, __scatter_zi.o(!!handler_zi), UNUSED)

<P><STRONG><a name="[90]"></a>__rt_lib_init</STRONG> (Thumb, 0 bytes, Stack size unknown bytes, libinit.o(.ARM.Collect$$libinit$$00000000))
<BR><BR>[Called By]<UL><LI><a href="#[8f]">&gt;&gt;</a>&nbsp;&nbsp;&nbsp;__rt_entry_li
</UL>

<P><STRONG><a name="[89]"></a>__rt_lib_init_fp_1</STRONG> (Thumb, 0 bytes, Stack size unknown bytes, libinit2.o(.ARM.Collect$$libinit$$00000001))
<BR><BR>[Calls]<UL><LI><a href="#[8a]">&gt;&gt;</a>&nbsp;&nbsp;&nbsp;_fp_init
</UL>

<P><STRONG><a name="[122]"></a>__rt_lib_init_alloca_1</STRONG> (Thumb, 0 bytes, Stack size unknown bytes, libinit2.o(.ARM.Collect$$libinit$$0000002E))

<P><STRONG><a name="[123]"></a>__rt_lib_init_argv_1</STRONG> (Thumb, 0 bytes, Stack size unknown bytes, libinit2.o(.ARM.Collect$$libinit$$0000002C))

<P><STRONG><a name="[124]"></a>__rt_lib_init_atexit_1</STRONG> (Thumb, 0 bytes, Stack size unknown bytes, libinit2.o(.ARM.Collect$$libinit$$0000001B))

<P><STRONG><a name="[125]"></a>__rt_lib_init_clock_1</STRONG> (Thumb, 0 bytes, Stack size unknown bytes, libinit2.o(.ARM.Collect$$libinit$$00000021))

<P><STRONG><a name="[126]"></a>__rt_lib_init_cpp_1</STRONG> (Thumb, 0 bytes, Stack size unknown bytes, libinit2.o(.ARM.Collect$$libinit$$00000032))

<P><STRONG><a name="[127]"></a>__rt_lib_init_exceptions_1</STRONG> (Thumb, 0 bytes, Stack size unknown bytes, libinit2.o(.ARM.Collect$$libinit$$00000030))

<P><STRONG><a name="[128]"></a>__rt_lib_init_fp_trap_1</STRONG> (Thumb, 0 bytes, Stack size unknown bytes, libinit2.o(.ARM.Collect$$libinit$$0000001F))

<P><STRONG><a name="[129]"></a>__rt_lib_init_getenv_1</STRONG> (Thumb, 0 bytes, Stack size unknown bytes, libinit2.o(.ARM.Collect$$libinit$$00000023))

<P><STRONG><a name="[12a]"></a>__rt_lib_init_heap_1</STRONG> (Thumb, 0 bytes, Stack size unknown bytes, libinit2.o(.ARM.Collect$$libinit$$0000000A))

<P><STRONG><a name="[12b]"></a>__rt_lib_init_lc_collate_1</STRONG> (Thumb, 0 bytes, Stack size unknown bytes, libinit2.o(.ARM.Collect$$libinit$$00000011))

<P><STRONG><a name="[12c]"></a>__rt_lib_init_lc_ctype_1</STRONG> (Thumb, 0 bytes, Stack size unknown bytes, libinit2.o(.ARM.Collect$$libinit$$00000013))

<P><STRONG><a name="[12d]"></a>__rt_lib_init_lc_monetary_1</STRONG> (Thumb, 0 bytes, Stack size unknown bytes, libinit2.o(.ARM.Collect$$libinit$$00000015))

<P><STRONG><a name="[12e]"></a>__rt_lib_init_lc_numeric_1</STRONG> (Thumb, 0 bytes, Stack size unknown bytes, libinit2.o(.ARM.Collect$$libinit$$00000017))

<P><STRONG><a name="[12f]"></a>__rt_lib_init_lc_time_1</STRONG> (Thumb, 0 bytes, Stack size unknown bytes, libinit2.o(.ARM.Collect$$libinit$$00000019))

<P><STRONG><a name="[130]"></a>__rt_lib_init_preinit_1</STRONG> (Thumb, 0 bytes, Stack size unknown bytes, libinit2.o(.ARM.Collect$$libinit$$00000004))

<P><STRONG><a name="[131]"></a>__rt_lib_init_rand_1</STRONG> (Thumb, 0 bytes, Stack size unknown bytes, libinit2.o(.ARM.Collect$$libinit$$0000000E))

<P><STRONG><a name="[132]"></a>__rt_lib_init_return</STRONG> (Thumb, 0 bytes, Stack size unknown bytes, libinit2.o(.ARM.Collect$$libinit$$00000033))

<P><STRONG><a name="[133]"></a>__rt_lib_init_signal_1</STRONG> (Thumb, 0 bytes, Stack size unknown bytes, libinit2.o(.ARM.Collect$$libinit$$0000001D))

<P><STRONG><a name="[134]"></a>__rt_lib_init_stdio_1</STRONG> (Thumb, 0 bytes, Stack size unknown bytes, libinit2.o(.ARM.Collect$$libinit$$00000025))

<P><STRONG><a name="[135]"></a>__rt_lib_init_user_alloc_1</STRONG> (Thumb, 0 bytes, Stack size unknown bytes, libinit2.o(.ARM.Collect$$libinit$$0000000C))

<P><STRONG><a name="[95]"></a>__rt_lib_shutdown</STRONG> (Thumb, 0 bytes, Stack size unknown bytes, libshutdown.o(.ARM.Collect$$libshutdown$$00000000))
<BR><BR>[Called By]<UL><LI><a href="#[94]">&gt;&gt;</a>&nbsp;&nbsp;&nbsp;__rt_exit_ls
</UL>

<P><STRONG><a name="[136]"></a>__rt_lib_shutdown_cpp_1</STRONG> (Thumb, 0 bytes, Stack size unknown bytes, libshutdown2.o(.ARM.Collect$$libshutdown$$00000002))

<P><STRONG><a name="[137]"></a>__rt_lib_shutdown_fp_trap_1</STRONG> (Thumb, 0 bytes, Stack size unknown bytes, libshutdown2.o(.ARM.Collect$$libshutdown$$00000007))

<P><STRONG><a name="[138]"></a>__rt_lib_shutdown_heap_1</STRONG> (Thumb, 0 bytes, Stack size unknown bytes, libshutdown2.o(.ARM.Collect$$libshutdown$$0000000F))

<P><STRONG><a name="[139]"></a>__rt_lib_shutdown_return</STRONG> (Thumb, 0 bytes, Stack size unknown bytes, libshutdown2.o(.ARM.Collect$$libshutdown$$00000010))

<P><STRONG><a name="[13a]"></a>__rt_lib_shutdown_signal_1</STRONG> (Thumb, 0 bytes, Stack size unknown bytes, libshutdown2.o(.ARM.Collect$$libshutdown$$0000000A))

<P><STRONG><a name="[13b]"></a>__rt_lib_shutdown_stdio_1</STRONG> (Thumb, 0 bytes, Stack size unknown bytes, libshutdown2.o(.ARM.Collect$$libshutdown$$00000004))

<P><STRONG><a name="[13c]"></a>__rt_lib_shutdown_user_alloc_1</STRONG> (Thumb, 0 bytes, Stack size unknown bytes, libshutdown2.o(.ARM.Collect$$libshutdown$$0000000C))

<P><STRONG><a name="[87]"></a>__rt_entry</STRONG> (Thumb, 0 bytes, Stack size unknown bytes, __rtentry.o(.ARM.Collect$$rtentry$$00000000))
<BR><BR>[Called By]<UL><LI><a href="#[88]">&gt;&gt;</a>&nbsp;&nbsp;&nbsp;__scatterload_rt2
<LI><a href="#[81]">&gt;&gt;</a>&nbsp;&nbsp;&nbsp;__main
</UL>

<P><STRONG><a name="[13d]"></a>__rt_entry_presh_1</STRONG> (Thumb, 0 bytes, Stack size unknown bytes, __rtentry2.o(.ARM.Collect$$rtentry$$00000002))

<P><STRONG><a name="[8b]"></a>__rt_entry_sh</STRONG> (Thumb, 0 bytes, Stack size unknown bytes, __rtentry4.o(.ARM.Collect$$rtentry$$00000004))
<BR><BR>[Stack]<UL><LI>Max Depth = 8 + Unknown Stack Size
<LI>Call Chain = __rt_entry_sh &rArr; __user_setup_stackheap
</UL>
<BR>[Calls]<UL><LI><a href="#[8c]">&gt;&gt;</a>&nbsp;&nbsp;&nbsp;__user_setup_stackheap
</UL>

<P><STRONG><a name="[8d]"></a>__rt_entry_postsh_1</STRONG> (Thumb, 0 bytes, Stack size unknown bytes, __rtentry2.o(.ARM.Collect$$rtentry$$00000008))
<BR><BR>[Stack]<UL><LI>Max Depth = 104 + Unknown Stack Size
<LI>Call Chain = __rt_entry_postsh_1 &rArr; _platform_post_stackheap_init &rArr; osKernelInitialize &rArr; EvrRtxKernelInitialize &rArr; EventRecord2 &rArr; EventRecordItem
</UL>
<BR>[Calls]<UL><LI><a href="#[8e]">&gt;&gt;</a>&nbsp;&nbsp;&nbsp;_platform_post_stackheap_init
</UL>

<P><STRONG><a name="[8f]"></a>__rt_entry_li</STRONG> (Thumb, 0 bytes, Stack size unknown bytes, __rtentry2.o(.ARM.Collect$$rtentry$$0000000A))
<BR><BR>[Calls]<UL><LI><a href="#[90]">&gt;&gt;</a>&nbsp;&nbsp;&nbsp;__rt_lib_init
</UL>

<P><STRONG><a name="[91]"></a>__rt_entry_main</STRONG> (Thumb, 0 bytes, Stack size unknown bytes, __rtentry2.o(.ARM.Collect$$rtentry$$0000000D))
<BR><BR>[Stack]<UL><LI>Max Depth = 176 + Unknown Stack Size
<LI>Call Chain = __rt_entry_main &rArr; main &rArr; SystemClock_Config &rArr; HAL_RCC_ClockConfig &rArr; HAL_RCC_GetSysClockFreq &rArr; __aeabi_uldivmod
</UL>
<BR>[Calls]<UL><LI><a href="#[92]">&gt;&gt;</a>&nbsp;&nbsp;&nbsp;main
<LI><a href="#[93]">&gt;&gt;</a>&nbsp;&nbsp;&nbsp;exit
</UL>

<P><STRONG><a name="[13e]"></a>__rt_entry_postli_1</STRONG> (Thumb, 0 bytes, Stack size unknown bytes, __rtentry2.o(.ARM.Collect$$rtentry$$0000000C))

<P><STRONG><a name="[9e]"></a>__rt_exit</STRONG> (Thumb, 0 bytes, Stack size unknown bytes, rtexit.o(.ARM.Collect$$rtexit$$00000000))
<BR><BR>[Called By]<UL><LI><a href="#[93]">&gt;&gt;</a>&nbsp;&nbsp;&nbsp;exit
</UL>

<P><STRONG><a name="[94]"></a>__rt_exit_ls</STRONG> (Thumb, 0 bytes, Stack size unknown bytes, rtexit2.o(.ARM.Collect$$rtexit$$00000003))
<BR><BR>[Calls]<UL><LI><a href="#[95]">&gt;&gt;</a>&nbsp;&nbsp;&nbsp;__rt_lib_shutdown
</UL>

<P><STRONG><a name="[13f]"></a>__rt_exit_prels_1</STRONG> (Thumb, 0 bytes, Stack size unknown bytes, rtexit2.o(.ARM.Collect$$rtexit$$00000002))

<P><STRONG><a name="[96]"></a>__rt_exit_exit</STRONG> (Thumb, 0 bytes, Stack size unknown bytes, rtexit2.o(.ARM.Collect$$rtexit$$00000004))
<BR><BR>[Calls]<UL><LI><a href="#[97]">&gt;&gt;</a>&nbsp;&nbsp;&nbsp;_sys_exit
</UL>

<P><STRONG><a name="[140]"></a>__asm___13_rtx_mempool_c_7914b4c7__atomic_wr8</STRONG> (Thumb, 16 bytes, Stack size 0 bytes, rtx_mempool.o(.emb_text), UNUSED)

<P><STRONG><a name="[141]"></a>__asm___13_rtx_mempool_c_7914b4c7__atomic_set32</STRONG> (Thumb, 20 bytes, Stack size 0 bytes, rtx_mempool.o(.emb_text), UNUSED)

<P><STRONG><a name="[142]"></a>__asm___13_rtx_mempool_c_7914b4c7__atomic_clr32</STRONG> (Thumb, 22 bytes, Stack size 0 bytes, rtx_mempool.o(.emb_text), UNUSED)

<P><STRONG><a name="[143]"></a>__asm___13_rtx_mempool_c_7914b4c7__atomic_chk32_all</STRONG> (Thumb, 38 bytes, Stack size 0 bytes, rtx_mempool.o(.emb_text), UNUSED)

<P><STRONG><a name="[144]"></a>__asm___13_rtx_mempool_c_7914b4c7__atomic_chk32_any</STRONG> (Thumb, 34 bytes, Stack size 0 bytes, rtx_mempool.o(.emb_text), UNUSED)

<P><STRONG><a name="[106]"></a>__asm___13_rtx_mempool_c_7914b4c7__atomic_inc32</STRONG> (Thumb, 18 bytes, Stack size 0 bytes, rtx_mempool.o(.emb_text))
<BR><BR>[Called By]<UL><LI><a href="#[104]">&gt;&gt;</a>&nbsp;&nbsp;&nbsp;osRtxMemoryPoolAlloc
</UL>

<P><STRONG><a name="[145]"></a>__asm___13_rtx_mempool_c_7914b4c7__atomic_inc16_lt</STRONG> (Thumb, 30 bytes, Stack size 0 bytes, rtx_mempool.o(.emb_text), UNUSED)

<P><STRONG><a name="[146]"></a>__asm___13_rtx_mempool_c_7914b4c7__atomic_inc16_lim</STRONG> (Thumb, 26 bytes, Stack size 0 bytes, rtx_mempool.o(.emb_text), UNUSED)

<P><STRONG><a name="[108]"></a>__asm___13_rtx_mempool_c_7914b4c7__atomic_dec32</STRONG> (Thumb, 18 bytes, Stack size 0 bytes, rtx_mempool.o(.emb_text))
<BR><BR>[Called By]<UL><LI><a href="#[107]">&gt;&gt;</a>&nbsp;&nbsp;&nbsp;osRtxMemoryPoolFree
</UL>

<P><STRONG><a name="[147]"></a>__asm___13_rtx_mempool_c_7914b4c7__atomic_dec32_nz</STRONG> (Thumb, 26 bytes, Stack size 0 bytes, rtx_mempool.o(.emb_text), UNUSED)

<P><STRONG><a name="[148]"></a>__asm___13_rtx_mempool_c_7914b4c7__atomic_dec16_nz</STRONG> (Thumb, 26 bytes, Stack size 0 bytes, rtx_mempool.o(.emb_text), UNUSED)

<P><STRONG><a name="[105]"></a>__asm___13_rtx_mempool_c_7914b4c7__atomic_link_get</STRONG> (Thumb, 26 bytes, Stack size 0 bytes, rtx_mempool.o(.emb_text))
<BR><BR>[Called By]<UL><LI><a href="#[104]">&gt;&gt;</a>&nbsp;&nbsp;&nbsp;osRtxMemoryPoolAlloc
</UL>

<P><STRONG><a name="[98]"></a>__asm___13_rtx_mempool_c_7914b4c7__atomic_link_put</STRONG> (Thumb, 28 bytes, Stack size 0 bytes, rtx_mempool.o(.emb_text))
<BR><BR>[Calls]<UL><LI><a href="#[98]">&gt;&gt;</a>&nbsp;&nbsp;&nbsp;__asm___13_rtx_mempool_c_7914b4c7__atomic_link_put
</UL>
<BR>[Called By]<UL><LI><a href="#[107]">&gt;&gt;</a>&nbsp;&nbsp;&nbsp;osRtxMemoryPoolFree
<LI><a href="#[98]">&gt;&gt;</a>&nbsp;&nbsp;&nbsp;__asm___13_rtx_mempool_c_7914b4c7__atomic_link_put
</UL>

<P><STRONG><a name="[149]"></a>__asm___12_rtx_system_c_024f2f18__atomic_wr8</STRONG> (Thumb, 16 bytes, Stack size 0 bytes, rtx_system.o(.emb_text), UNUSED)

<P><STRONG><a name="[14a]"></a>__asm___12_rtx_system_c_024f2f18__atomic_set32</STRONG> (Thumb, 20 bytes, Stack size 0 bytes, rtx_system.o(.emb_text), UNUSED)

<P><STRONG><a name="[14b]"></a>__asm___12_rtx_system_c_024f2f18__atomic_clr32</STRONG> (Thumb, 22 bytes, Stack size 0 bytes, rtx_system.o(.emb_text), UNUSED)

<P><STRONG><a name="[14c]"></a>__asm___12_rtx_system_c_024f2f18__atomic_chk32_all</STRONG> (Thumb, 38 bytes, Stack size 0 bytes, rtx_system.o(.emb_text), UNUSED)

<P><STRONG><a name="[14d]"></a>__asm___12_rtx_system_c_024f2f18__atomic_chk32_any</STRONG> (Thumb, 34 bytes, Stack size 0 bytes, rtx_system.o(.emb_text), UNUSED)

<P><STRONG><a name="[14e]"></a>__asm___12_rtx_system_c_024f2f18__atomic_inc32</STRONG> (Thumb, 18 bytes, Stack size 0 bytes, rtx_system.o(.emb_text), UNUSED)

<P><STRONG><a name="[14f]"></a>__asm___12_rtx_system_c_024f2f18__atomic_inc16_lt</STRONG> (Thumb, 30 bytes, Stack size 0 bytes, rtx_system.o(.emb_text), UNUSED)

<P><STRONG><a name="[f8]"></a>__asm___12_rtx_system_c_024f2f18__atomic_inc16_lim</STRONG> (Thumb, 26 bytes, Stack size 0 bytes, rtx_system.o(.emb_text))
<BR><BR>[Called By]<UL><LI><a href="#[f6]">&gt;&gt;</a>&nbsp;&nbsp;&nbsp;isr_queue_get
</UL>

<P><STRONG><a name="[150]"></a>__asm___12_rtx_system_c_024f2f18__atomic_dec32</STRONG> (Thumb, 18 bytes, Stack size 0 bytes, rtx_system.o(.emb_text), UNUSED)

<P><STRONG><a name="[151]"></a>__asm___12_rtx_system_c_024f2f18__atomic_dec32_nz</STRONG> (Thumb, 26 bytes, Stack size 0 bytes, rtx_system.o(.emb_text), UNUSED)

<P><STRONG><a name="[f7]"></a>__asm___12_rtx_system_c_024f2f18__atomic_dec16_nz</STRONG> (Thumb, 26 bytes, Stack size 0 bytes, rtx_system.o(.emb_text))
<BR><BR>[Called By]<UL><LI><a href="#[f6]">&gt;&gt;</a>&nbsp;&nbsp;&nbsp;isr_queue_get
</UL>

<P><STRONG><a name="[152]"></a>__asm___12_rtx_system_c_024f2f18__atomic_link_get</STRONG> (Thumb, 26 bytes, Stack size 0 bytes, rtx_system.o(.emb_text), UNUSED)

<P><STRONG><a name="[99]"></a>__asm___12_rtx_system_c_024f2f18__atomic_link_put</STRONG> (Thumb, 28 bytes, Stack size 0 bytes, rtx_system.o(.emb_text), UNUSED)
<BR><BR>[Calls]<UL><LI><a href="#[99]">&gt;&gt;</a>&nbsp;&nbsp;&nbsp;__asm___12_rtx_system_c_024f2f18__atomic_link_put
</UL>
<BR>[Called By]<UL><LI><a href="#[99]">&gt;&gt;</a>&nbsp;&nbsp;&nbsp;__asm___12_rtx_system_c_024f2f18__atomic_link_put
</UL>

<P><STRONG><a name="[cb]"></a>__asm___15_EventRecorder_c_e8d3082c__atomic_inc8</STRONG> (Thumb, 18 bytes, Stack size 0 bytes, eventrecorder.o(.emb_text))
<BR><BR>[Called By]<UL><LI><a href="#[a7]">&gt;&gt;</a>&nbsp;&nbsp;&nbsp;GetContext
</UL>

<P><STRONG><a name="[a2]"></a>__asm___15_EventRecorder_c_e8d3082c__atomic_inc32</STRONG> (Thumb, 18 bytes, Stack size 0 bytes, eventrecorder.o(.emb_text))
<BR><BR>[Called By]<UL><LI><a href="#[a5]">&gt;&gt;</a>&nbsp;&nbsp;&nbsp;EventRecordItem
<LI><a href="#[9f]">&gt;&gt;</a>&nbsp;&nbsp;&nbsp;EventGetTS
</UL>

<P><STRONG><a name="[a1]"></a>__asm___15_EventRecorder_c_e8d3082c__atomic_xch32</STRONG> (Thumb, 16 bytes, Stack size 0 bytes, eventrecorder.o(.emb_text))
<BR><BR>[Called By]<UL><LI><a href="#[9f]">&gt;&gt;</a>&nbsp;&nbsp;&nbsp;EventGetTS
</UL>

<P><STRONG><a name="[a8]"></a>__asm___15_EventRecorder_c_e8d3082c__LockRecord</STRONG> (Thumb, 34 bytes, Stack size 0 bytes, eventrecorder.o(.emb_text))
<BR><BR>[Called By]<UL><LI><a href="#[a5]">&gt;&gt;</a>&nbsp;&nbsp;&nbsp;EventRecordItem
</UL>

<P><STRONG><a name="[a9]"></a>__asm___15_EventRecorder_c_e8d3082c__UnlockRecord</STRONG> (Thumb, 30 bytes, Stack size 0 bytes, eventrecorder.o(.emb_text))
<BR><BR>[Called By]<UL><LI><a href="#[a5]">&gt;&gt;</a>&nbsp;&nbsp;&nbsp;EventRecordItem
</UL>

<P><STRONG><a name="[9]"></a>SVC_Handler</STRONG> (Thumb, 152 bytes, Stack size 0 bytes, irq_cm4f.o(.text))
<BR>[Address Reference Count : 1]<UL><LI> startup_stm32f767xx.o(RESET)
</UL>
<P><STRONG><a name="[b]"></a>PendSV_Handler</STRONG> (Thumb, 16 bytes, Stack size 0 bytes, irq_cm4f.o(.text))
<BR><BR>[Stack]<UL><LI>Max Depth = 152<LI>Call Chain = PendSV_Handler &rArr; osRtxPendSV_Handler &rArr; osRtxThreadDispatch &rArr; osRtxThreadBlock &rArr; EvrRtxThreadPreempted &rArr; EventRecord2 &rArr; EventRecordItem
</UL>
<BR>[Calls]<UL><LI><a href="#[9a]">&gt;&gt;</a>&nbsp;&nbsp;&nbsp;osRtxPendSV_Handler
</UL>
<BR>[Address Reference Count : 1]<UL><LI> startup_stm32f767xx.o(RESET)
</UL>
<P><STRONG><a name="[c]"></a>SysTick_Handler</STRONG> (Thumb, 16 bytes, Stack size 0 bytes, irq_cm4f.o(.text))
<BR><BR>[Stack]<UL><LI>Max Depth = 144<LI>Call Chain = SysTick_Handler &rArr; osRtxTick_Handler &rArr; osRtxThreadDispatch &rArr; osRtxThreadBlock &rArr; EvrRtxThreadPreempted &rArr; EventRecord2 &rArr; EventRecordItem
</UL>
<BR>[Calls]<UL><LI><a href="#[9b]">&gt;&gt;</a>&nbsp;&nbsp;&nbsp;osRtxTick_Handler
</UL>
<BR>[Address Reference Count : 1]<UL><LI> startup_stm32f767xx.o(RESET)
</UL>
<P><STRONG><a name="[3]"></a>Reset_Handler</STRONG> (Thumb, 8 bytes, Stack size 0 bytes, startup_stm32f767xx.o(.text))
<BR>[Address Reference Count : 1]<UL><LI> startup_stm32f767xx.o(RESET)
</UL>
<P><STRONG><a name="[1f]"></a>ADC_IRQHandler</STRONG> (Thumb, 0 bytes, Stack size 0 bytes, startup_stm32f767xx.o(.text))
<BR><BR>[Calls]<UL><LI><a href="#[1f]">&gt;&gt;</a>&nbsp;&nbsp;&nbsp;ADC_IRQHandler
</UL>
<BR>[Called By]<UL><LI><a href="#[1f]">&gt;&gt;</a>&nbsp;&nbsp;&nbsp;ADC_IRQHandler
</UL>
<BR>[Address Reference Count : 1]<UL><LI> startup_stm32f767xx.o(RESET)
</UL>
<P><STRONG><a name="[21]"></a>CAN1_RX0_IRQHandler</STRONG> (Thumb, 0 bytes, Stack size 0 bytes, startup_stm32f767xx.o(.text))
<BR>[Address Reference Count : 1]<UL><LI> startup_stm32f767xx.o(RESET)
</UL>
<P><STRONG><a name="[22]"></a>CAN1_RX1_IRQHandler</STRONG> (Thumb, 0 bytes, Stack size 0 bytes, startup_stm32f767xx.o(.text))
<BR>[Address Reference Count : 1]<UL><LI> startup_stm32f767xx.o(RESET)
</UL>
<P><STRONG><a name="[23]"></a>CAN1_SCE_IRQHandler</STRONG> (Thumb, 0 bytes, Stack size 0 bytes, startup_stm32f767xx.o(.text))
<BR>[Address Reference Count : 1]<UL><LI> startup_stm32f767xx.o(RESET)
</UL>
<P><STRONG><a name="[20]"></a>CAN1_TX_IRQHandler</STRONG> (Thumb, 0 bytes, Stack size 0 bytes, startup_stm32f767xx.o(.text))
<BR>[Address Reference Count : 1]<UL><LI> startup_stm32f767xx.o(RESET)
</UL>
<P><STRONG><a name="[4d]"></a>CAN2_RX0_IRQHandler</STRONG> (Thumb, 0 bytes, Stack size 0 bytes, startup_stm32f767xx.o(.text))
<BR>[Address Reference Count : 1]<UL><LI> startup_stm32f767xx.o(RESET)
</UL>
<P><STRONG><a name="[4e]"></a>CAN2_RX1_IRQHandler</STRONG> (Thumb, 0 bytes, Stack size 0 bytes, startup_stm32f767xx.o(.text))
<BR>[Address Reference Count : 1]<UL><LI> startup_stm32f767xx.o(RESET)
</UL>
<P><STRONG><a name="[4f]"></a>CAN2_SCE_IRQHandler</STRONG> (Thumb, 0 bytes, Stack size 0 bytes, startup_stm32f767xx.o(.text))
<BR>[Address Reference Count : 1]<UL><LI> startup_stm32f767xx.o(RESET)
</UL>
<P><STRONG><a name="[4c]"></a>CAN2_TX_IRQHandler</STRONG> (Thumb, 0 bytes, Stack size 0 bytes, startup_stm32f767xx.o(.text))
<BR>[Address Reference Count : 1]<UL><LI> startup_stm32f767xx.o(RESET)
</UL>
<P><STRONG><a name="[74]"></a>CAN3_RX0_IRQHandler</STRONG> (Thumb, 0 bytes, Stack size 0 bytes, startup_stm32f767xx.o(.text))
<BR>[Address Reference Count : 1]<UL><LI> startup_stm32f767xx.o(RESET)
</UL>
<P><STRONG><a name="[75]"></a>CAN3_RX1_IRQHandler</STRONG> (Thumb, 0 bytes, Stack size 0 bytes, startup_stm32f767xx.o(.text))
<BR>[Address Reference Count : 1]<UL><LI> startup_stm32f767xx.o(RESET)
</UL>
<P><STRONG><a name="[76]"></a>CAN3_SCE_IRQHandler</STRONG> (Thumb, 0 bytes, Stack size 0 bytes, startup_stm32f767xx.o(.text))
<BR>[Address Reference Count : 1]<UL><LI> startup_stm32f767xx.o(RESET)
</UL>
<P><STRONG><a name="[73]"></a>CAN3_TX_IRQHandler</STRONG> (Thumb, 0 bytes, Stack size 0 bytes, startup_stm32f767xx.o(.text))
<BR>[Address Reference Count : 1]<UL><LI> startup_stm32f767xx.o(RESET)
</UL>
<P><STRONG><a name="[6a]"></a>CEC_IRQHandler</STRONG> (Thumb, 0 bytes, Stack size 0 bytes, startup_stm32f767xx.o(.text))
<BR>[Address Reference Count : 1]<UL><LI> startup_stm32f767xx.o(RESET)
</UL>
<P><STRONG><a name="[5b]"></a>DCMI_IRQHandler</STRONG> (Thumb, 0 bytes, Stack size 0 bytes, startup_stm32f767xx.o(.text))
<BR>[Address Reference Count : 1]<UL><LI> startup_stm32f767xx.o(RESET)
</UL>
<P><STRONG><a name="[6e]"></a>DFSDM1_FLT0_IRQHandler</STRONG> (Thumb, 0 bytes, Stack size 0 bytes, startup_stm32f767xx.o(.text))
<BR>[Address Reference Count : 1]<UL><LI> startup_stm32f767xx.o(RESET)
</UL>
<P><STRONG><a name="[6f]"></a>DFSDM1_FLT1_IRQHandler</STRONG> (Thumb, 0 bytes, Stack size 0 bytes, startup_stm32f767xx.o(.text))
<BR>[Address Reference Count : 1]<UL><LI> startup_stm32f767xx.o(RESET)
</UL>
<P><STRONG><a name="[70]"></a>DFSDM1_FLT2_IRQHandler</STRONG> (Thumb, 0 bytes, Stack size 0 bytes, startup_stm32f767xx.o(.text))
<BR>[Address Reference Count : 1]<UL><LI> startup_stm32f767xx.o(RESET)
</UL>
<P><STRONG><a name="[71]"></a>DFSDM1_FLT3_IRQHandler</STRONG> (Thumb, 0 bytes, Stack size 0 bytes, startup_stm32f767xx.o(.text))
<BR>[Address Reference Count : 1]<UL><LI> startup_stm32f767xx.o(RESET)
</UL>
<P><STRONG><a name="[18]"></a>DMA1_Stream0_IRQHandler</STRONG> (Thumb, 0 bytes, Stack size 0 bytes, startup_stm32f767xx.o(.text))
<BR>[Address Reference Count : 1]<UL><LI> startup_stm32f767xx.o(RESET)
</UL>
<P><STRONG><a name="[19]"></a>DMA1_Stream1_IRQHandler</STRONG> (Thumb, 0 bytes, Stack size 0 bytes, startup_stm32f767xx.o(.text))
<BR>[Address Reference Count : 1]<UL><LI> startup_stm32f767xx.o(RESET)
</UL>
<P><STRONG><a name="[1a]"></a>DMA1_Stream2_IRQHandler</STRONG> (Thumb, 0 bytes, Stack size 0 bytes, startup_stm32f767xx.o(.text))
<BR>[Address Reference Count : 1]<UL><LI> startup_stm32f767xx.o(RESET)
</UL>
<P><STRONG><a name="[1b]"></a>DMA1_Stream3_IRQHandler</STRONG> (Thumb, 0 bytes, Stack size 0 bytes, startup_stm32f767xx.o(.text))
<BR>[Address Reference Count : 1]<UL><LI> startup_stm32f767xx.o(RESET)
</UL>
<P><STRONG><a name="[1c]"></a>DMA1_Stream4_IRQHandler</STRONG> (Thumb, 0 bytes, Stack size 0 bytes, startup_stm32f767xx.o(.text))
<BR>[Address Reference Count : 1]<UL><LI> startup_stm32f767xx.o(RESET)
</UL>
<P><STRONG><a name="[1d]"></a>DMA1_Stream5_IRQHandler</STRONG> (Thumb, 0 bytes, Stack size 0 bytes, startup_stm32f767xx.o(.text))
<BR>[Address Reference Count : 1]<UL><LI> startup_stm32f767xx.o(RESET)
</UL>
<P><STRONG><a name="[1e]"></a>DMA1_Stream6_IRQHandler</STRONG> (Thumb, 0 bytes, Stack size 0 bytes, startup_stm32f767xx.o(.text))
<BR>[Address Reference Count : 1]<UL><LI> startup_stm32f767xx.o(RESET)
</UL>
<P><STRONG><a name="[3c]"></a>DMA1_Stream7_IRQHandler</STRONG> (Thumb, 0 bytes, Stack size 0 bytes, startup_stm32f767xx.o(.text))
<BR>[Address Reference Count : 1]<UL><LI> startup_stm32f767xx.o(RESET)
</UL>
<P><STRONG><a name="[66]"></a>DMA2D_IRQHandler</STRONG> (Thumb, 0 bytes, Stack size 0 bytes, startup_stm32f767xx.o(.text))
<BR>[Address Reference Count : 1]<UL><LI> startup_stm32f767xx.o(RESET)
</UL>
<P><STRONG><a name="[45]"></a>DMA2_Stream0_IRQHandler</STRONG> (Thumb, 0 bytes, Stack size 0 bytes, startup_stm32f767xx.o(.text))
<BR>[Address Reference Count : 1]<UL><LI> startup_stm32f767xx.o(RESET)
</UL>
<P><STRONG><a name="[46]"></a>DMA2_Stream1_IRQHandler</STRONG> (Thumb, 0 bytes, Stack size 0 bytes, startup_stm32f767xx.o(.text))
<BR>[Address Reference Count : 1]<UL><LI> startup_stm32f767xx.o(RESET)
</UL>
<P><STRONG><a name="[47]"></a>DMA2_Stream2_IRQHandler</STRONG> (Thumb, 0 bytes, Stack size 0 bytes, startup_stm32f767xx.o(.text))
<BR>[Address Reference Count : 1]<UL><LI> startup_stm32f767xx.o(RESET)
</UL>
<P><STRONG><a name="[48]"></a>DMA2_Stream3_IRQHandler</STRONG> (Thumb, 0 bytes, Stack size 0 bytes, startup_stm32f767xx.o(.text))
<BR>[Address Reference Count : 1]<UL><LI> startup_stm32f767xx.o(RESET)
</UL>
<P><STRONG><a name="[49]"></a>DMA2_Stream4_IRQHandler</STRONG> (Thumb, 0 bytes, Stack size 0 bytes, startup_stm32f767xx.o(.text))
<BR>[Address Reference Count : 1]<UL><LI> startup_stm32f767xx.o(RESET)
</UL>
<P><STRONG><a name="[51]"></a>DMA2_Stream5_IRQHandler</STRONG> (Thumb, 0 bytes, Stack size 0 bytes, startup_stm32f767xx.o(.text))
<BR>[Address Reference Count : 1]<UL><LI> startup_stm32f767xx.o(RESET)
</UL>
<P><STRONG><a name="[52]"></a>DMA2_Stream6_IRQHandler</STRONG> (Thumb, 0 bytes, Stack size 0 bytes, startup_stm32f767xx.o(.text))
<BR>[Address Reference Count : 1]<UL><LI> startup_stm32f767xx.o(RESET)
</UL>
<P><STRONG><a name="[53]"></a>DMA2_Stream7_IRQHandler</STRONG> (Thumb, 0 bytes, Stack size 0 bytes, startup_stm32f767xx.o(.text))
<BR>[Address Reference Count : 1]<UL><LI> startup_stm32f767xx.o(RESET)
</UL>
<P><STRONG><a name="[4a]"></a>ETH_IRQHandler</STRONG> (Thumb, 0 bytes, Stack size 0 bytes, startup_stm32f767xx.o(.text))
<BR>[Address Reference Count : 1]<UL><LI> startup_stm32f767xx.o(RESET)
</UL>
<P><STRONG><a name="[4b]"></a>ETH_WKUP_IRQHandler</STRONG> (Thumb, 0 bytes, Stack size 0 bytes, startup_stm32f767xx.o(.text))
<BR>[Address Reference Count : 1]<UL><LI> startup_stm32f767xx.o(RESET)
</UL>
<P><STRONG><a name="[13]"></a>EXTI0_IRQHandler</STRONG> (Thumb, 0 bytes, Stack size 0 bytes, startup_stm32f767xx.o(.text))
<BR>[Address Reference Count : 1]<UL><LI> startup_stm32f767xx.o(RESET)
</UL>
<P><STRONG><a name="[35]"></a>EXTI15_10_IRQHandler</STRONG> (Thumb, 0 bytes, Stack size 0 bytes, startup_stm32f767xx.o(.text))
<BR>[Address Reference Count : 1]<UL><LI> startup_stm32f767xx.o(RESET)
</UL>
<P><STRONG><a name="[14]"></a>EXTI1_IRQHandler</STRONG> (Thumb, 0 bytes, Stack size 0 bytes, startup_stm32f767xx.o(.text))
<BR>[Address Reference Count : 1]<UL><LI> startup_stm32f767xx.o(RESET)
</UL>
<P><STRONG><a name="[15]"></a>EXTI2_IRQHandler</STRONG> (Thumb, 0 bytes, Stack size 0 bytes, startup_stm32f767xx.o(.text))
<BR>[Address Reference Count : 1]<UL><LI> startup_stm32f767xx.o(RESET)
</UL>
<P><STRONG><a name="[16]"></a>EXTI3_IRQHandler</STRONG> (Thumb, 0 bytes, Stack size 0 bytes, startup_stm32f767xx.o(.text))
<BR>[Address Reference Count : 1]<UL><LI> startup_stm32f767xx.o(RESET)
</UL>
<P><STRONG><a name="[17]"></a>EXTI4_IRQHandler</STRONG> (Thumb, 0 bytes, Stack size 0 bytes, startup_stm32f767xx.o(.text))
<BR>[Address Reference Count : 1]<UL><LI> startup_stm32f767xx.o(RESET)
</UL>
<P><STRONG><a name="[24]"></a>EXTI9_5_IRQHandler</STRONG> (Thumb, 0 bytes, Stack size 0 bytes, startup_stm32f767xx.o(.text))
<BR>[Address Reference Count : 1]<UL><LI> startup_stm32f767xx.o(RESET)
</UL>
<P><STRONG><a name="[11]"></a>FLASH_IRQHandler</STRONG> (Thumb, 0 bytes, Stack size 0 bytes, startup_stm32f767xx.o(.text))
<BR>[Address Reference Count : 1]<UL><LI> startup_stm32f767xx.o(RESET)
</UL>
<P><STRONG><a name="[3d]"></a>FMC_IRQHandler</STRONG> (Thumb, 0 bytes, Stack size 0 bytes, startup_stm32f767xx.o(.text))
<BR>[Address Reference Count : 1]<UL><LI> startup_stm32f767xx.o(RESET)
</UL>
<P><STRONG><a name="[5d]"></a>FPU_IRQHandler</STRONG> (Thumb, 0 bytes, Stack size 0 bytes, startup_stm32f767xx.o(.text))
<BR>[Address Reference Count : 1]<UL><LI> startup_stm32f767xx.o(RESET)
</UL>
<P><STRONG><a name="[2d]"></a>I2C1_ER_IRQHandler</STRONG> (Thumb, 0 bytes, Stack size 0 bytes, startup_stm32f767xx.o(.text))
<BR>[Address Reference Count : 1]<UL><LI> startup_stm32f767xx.o(RESET)
</UL>
<P><STRONG><a name="[2c]"></a>I2C1_EV_IRQHandler</STRONG> (Thumb, 0 bytes, Stack size 0 bytes, startup_stm32f767xx.o(.text))
<BR>[Address Reference Count : 1]<UL><LI> startup_stm32f767xx.o(RESET)
</UL>
<P><STRONG><a name="[2f]"></a>I2C2_ER_IRQHandler</STRONG> (Thumb, 0 bytes, Stack size 0 bytes, startup_stm32f767xx.o(.text))
<BR>[Address Reference Count : 1]<UL><LI> startup_stm32f767xx.o(RESET)
</UL>
<P><STRONG><a name="[2e]"></a>I2C2_EV_IRQHandler</STRONG> (Thumb, 0 bytes, Stack size 0 bytes, startup_stm32f767xx.o(.text))
<BR>[Address Reference Count : 1]<UL><LI> startup_stm32f767xx.o(RESET)
</UL>
<P><STRONG><a name="[56]"></a>I2C3_ER_IRQHandler</STRONG> (Thumb, 0 bytes, Stack size 0 bytes, startup_stm32f767xx.o(.text))
<BR>[Address Reference Count : 1]<UL><LI> startup_stm32f767xx.o(RESET)
</UL>
<P><STRONG><a name="[55]"></a>I2C3_EV_IRQHandler</STRONG> (Thumb, 0 bytes, Stack size 0 bytes, startup_stm32f767xx.o(.text))
<BR>[Address Reference Count : 1]<UL><LI> startup_stm32f767xx.o(RESET)
</UL>
<P><STRONG><a name="[6c]"></a>I2C4_ER_IRQHandler</STRONG> (Thumb, 0 bytes, Stack size 0 bytes, startup_stm32f767xx.o(.text))
<BR>[Address Reference Count : 1]<UL><LI> startup_stm32f767xx.o(RESET)
</UL>
<P><STRONG><a name="[6b]"></a>I2C4_EV_IRQHandler</STRONG> (Thumb, 0 bytes, Stack size 0 bytes, startup_stm32f767xx.o(.text))
<BR>[Address Reference Count : 1]<UL><LI> startup_stm32f767xx.o(RESET)
</UL>
<P><STRONG><a name="[77]"></a>JPEG_IRQHandler</STRONG> (Thumb, 0 bytes, Stack size 0 bytes, startup_stm32f767xx.o(.text))
<BR>[Address Reference Count : 1]<UL><LI> startup_stm32f767xx.o(RESET)
</UL>
<P><STRONG><a name="[69]"></a>LPTIM1_IRQHandler</STRONG> (Thumb, 0 bytes, Stack size 0 bytes, startup_stm32f767xx.o(.text))
<BR>[Address Reference Count : 1]<UL><LI> startup_stm32f767xx.o(RESET)
</UL>
<P><STRONG><a name="[65]"></a>LTDC_ER_IRQHandler</STRONG> (Thumb, 0 bytes, Stack size 0 bytes, startup_stm32f767xx.o(.text))
<BR>[Address Reference Count : 1]<UL><LI> startup_stm32f767xx.o(RESET)
</UL>
<P><STRONG><a name="[64]"></a>LTDC_IRQHandler</STRONG> (Thumb, 0 bytes, Stack size 0 bytes, startup_stm32f767xx.o(.text))
<BR>[Address Reference Count : 1]<UL><LI> startup_stm32f767xx.o(RESET)
</UL>
<P><STRONG><a name="[78]"></a>MDIOS_IRQHandler</STRONG> (Thumb, 0 bytes, Stack size 0 bytes, startup_stm32f767xx.o(.text))
<BR>[Address Reference Count : 1]<UL><LI> startup_stm32f767xx.o(RESET)
</UL>
<P><STRONG><a name="[50]"></a>OTG_FS_IRQHandler</STRONG> (Thumb, 0 bytes, Stack size 0 bytes, startup_stm32f767xx.o(.text))
<BR>[Address Reference Count : 1]<UL><LI> startup_stm32f767xx.o(RESET)
</UL>
<P><STRONG><a name="[37]"></a>OTG_FS_WKUP_IRQHandler</STRONG> (Thumb, 0 bytes, Stack size 0 bytes, startup_stm32f767xx.o(.text))
<BR>[Address Reference Count : 1]<UL><LI> startup_stm32f767xx.o(RESET)
</UL>
<P><STRONG><a name="[58]"></a>OTG_HS_EP1_IN_IRQHandler</STRONG> (Thumb, 0 bytes, Stack size 0 bytes, startup_stm32f767xx.o(.text))
<BR>[Address Reference Count : 1]<UL><LI> startup_stm32f767xx.o(RESET)
</UL>
<P><STRONG><a name="[57]"></a>OTG_HS_EP1_OUT_IRQHandler</STRONG> (Thumb, 0 bytes, Stack size 0 bytes, startup_stm32f767xx.o(.text))
<BR>[Address Reference Count : 1]<UL><LI> startup_stm32f767xx.o(RESET)
</UL>
<P><STRONG><a name="[5a]"></a>OTG_HS_IRQHandler</STRONG> (Thumb, 0 bytes, Stack size 0 bytes, startup_stm32f767xx.o(.text))
<BR>[Address Reference Count : 1]<UL><LI> startup_stm32f767xx.o(RESET)
</UL>
<P><STRONG><a name="[59]"></a>OTG_HS_WKUP_IRQHandler</STRONG> (Thumb, 0 bytes, Stack size 0 bytes, startup_stm32f767xx.o(.text))
<BR>[Address Reference Count : 1]<UL><LI> startup_stm32f767xx.o(RESET)
</UL>
<P><STRONG><a name="[e]"></a>PVD_IRQHandler</STRONG> (Thumb, 0 bytes, Stack size 0 bytes, startup_stm32f767xx.o(.text))
<BR>[Address Reference Count : 1]<UL><LI> startup_stm32f767xx.o(RESET)
</UL>
<P><STRONG><a name="[68]"></a>QUADSPI_IRQHandler</STRONG> (Thumb, 0 bytes, Stack size 0 bytes, startup_stm32f767xx.o(.text))
<BR>[Address Reference Count : 1]<UL><LI> startup_stm32f767xx.o(RESET)
</UL>
<P><STRONG><a name="[12]"></a>RCC_IRQHandler</STRONG> (Thumb, 0 bytes, Stack size 0 bytes, startup_stm32f767xx.o(.text))
<BR>[Address Reference Count : 1]<UL><LI> startup_stm32f767xx.o(RESET)
</UL>
<P><STRONG><a name="[5c]"></a>RNG_IRQHandler</STRONG> (Thumb, 0 bytes, Stack size 0 bytes, startup_stm32f767xx.o(.text))
<BR>[Address Reference Count : 1]<UL><LI> startup_stm32f767xx.o(RESET)
</UL>
<P><STRONG><a name="[36]"></a>RTC_Alarm_IRQHandler</STRONG> (Thumb, 0 bytes, Stack size 0 bytes, startup_stm32f767xx.o(.text))
<BR>[Address Reference Count : 1]<UL><LI> startup_stm32f767xx.o(RESET)
</UL>
<P><STRONG><a name="[10]"></a>RTC_WKUP_IRQHandler</STRONG> (Thumb, 0 bytes, Stack size 0 bytes, startup_stm32f767xx.o(.text))
<BR>[Address Reference Count : 1]<UL><LI> startup_stm32f767xx.o(RESET)
</UL>
<P><STRONG><a name="[63]"></a>SAI1_IRQHandler</STRONG> (Thumb, 0 bytes, Stack size 0 bytes, startup_stm32f767xx.o(.text))
<BR>[Address Reference Count : 1]<UL><LI> startup_stm32f767xx.o(RESET)
</UL>
<P><STRONG><a name="[67]"></a>SAI2_IRQHandler</STRONG> (Thumb, 0 bytes, Stack size 0 bytes, startup_stm32f767xx.o(.text))
<BR>[Address Reference Count : 1]<UL><LI> startup_stm32f767xx.o(RESET)
</UL>
<P><STRONG><a name="[3e]"></a>SDMMC1_IRQHandler</STRONG> (Thumb, 0 bytes, Stack size 0 bytes, startup_stm32f767xx.o(.text))
<BR>[Address Reference Count : 1]<UL><LI> startup_stm32f767xx.o(RESET)
</UL>
<P><STRONG><a name="[72]"></a>SDMMC2_IRQHandler</STRONG> (Thumb, 0 bytes, Stack size 0 bytes, startup_stm32f767xx.o(.text))
<BR>[Address Reference Count : 1]<UL><LI> startup_stm32f767xx.o(RESET)
</UL>
<P><STRONG><a name="[6d]"></a>SPDIF_RX_IRQHandler</STRONG> (Thumb, 0 bytes, Stack size 0 bytes, startup_stm32f767xx.o(.text))
<BR>[Address Reference Count : 1]<UL><LI> startup_stm32f767xx.o(RESET)
</UL>
<P><STRONG><a name="[30]"></a>SPI1_IRQHandler</STRONG> (Thumb, 0 bytes, Stack size 0 bytes, startup_stm32f767xx.o(.text))
<BR>[Address Reference Count : 1]<UL><LI> startup_stm32f767xx.o(RESET)
</UL>
<P><STRONG><a name="[31]"></a>SPI2_IRQHandler</STRONG> (Thumb, 0 bytes, Stack size 0 bytes, startup_stm32f767xx.o(.text))
<BR>[Address Reference Count : 1]<UL><LI> startup_stm32f767xx.o(RESET)
</UL>
<P><STRONG><a name="[40]"></a>SPI3_IRQHandler</STRONG> (Thumb, 0 bytes, Stack size 0 bytes, startup_stm32f767xx.o(.text))
<BR>[Address Reference Count : 1]<UL><LI> startup_stm32f767xx.o(RESET)
</UL>
<P><STRONG><a name="[60]"></a>SPI4_IRQHandler</STRONG> (Thumb, 0 bytes, Stack size 0 bytes, startup_stm32f767xx.o(.text))
<BR>[Address Reference Count : 1]<UL><LI> startup_stm32f767xx.o(RESET)
</UL>
<P><STRONG><a name="[61]"></a>SPI5_IRQHandler</STRONG> (Thumb, 0 bytes, Stack size 0 bytes, startup_stm32f767xx.o(.text))
<BR>[Address Reference Count : 1]<UL><LI> startup_stm32f767xx.o(RESET)
</UL>
<P><STRONG><a name="[62]"></a>SPI6_IRQHandler</STRONG> (Thumb, 0 bytes, Stack size 0 bytes, startup_stm32f767xx.o(.text))
<BR>[Address Reference Count : 1]<UL><LI> startup_stm32f767xx.o(RESET)
</UL>
<P><STRONG><a name="[f]"></a>TAMP_STAMP_IRQHandler</STRONG> (Thumb, 0 bytes, Stack size 0 bytes, startup_stm32f767xx.o(.text))
<BR>[Address Reference Count : 1]<UL><LI> startup_stm32f767xx.o(RESET)
</UL>
<P><STRONG><a name="[25]"></a>TIM1_BRK_TIM9_IRQHandler</STRONG> (Thumb, 0 bytes, Stack size 0 bytes, startup_stm32f767xx.o(.text))
<BR>[Address Reference Count : 1]<UL><LI> startup_stm32f767xx.o(RESET)
</UL>
<P><STRONG><a name="[28]"></a>TIM1_CC_IRQHandler</STRONG> (Thumb, 0 bytes, Stack size 0 bytes, startup_stm32f767xx.o(.text))
<BR>[Address Reference Count : 1]<UL><LI> startup_stm32f767xx.o(RESET)
</UL>
<P><STRONG><a name="[27]"></a>TIM1_TRG_COM_TIM11_IRQHandler</STRONG> (Thumb, 0 bytes, Stack size 0 bytes, startup_stm32f767xx.o(.text))
<BR>[Address Reference Count : 1]<UL><LI> startup_stm32f767xx.o(RESET)
</UL>
<P><STRONG><a name="[26]"></a>TIM1_UP_TIM10_IRQHandler</STRONG> (Thumb, 0 bytes, Stack size 0 bytes, startup_stm32f767xx.o(.text))
<BR>[Address Reference Count : 1]<UL><LI> startup_stm32f767xx.o(RESET)
</UL>
<P><STRONG><a name="[29]"></a>TIM2_IRQHandler</STRONG> (Thumb, 0 bytes, Stack size 0 bytes, startup_stm32f767xx.o(.text))
<BR>[Address Reference Count : 1]<UL><LI> startup_stm32f767xx.o(RESET)
</UL>
<P><STRONG><a name="[2a]"></a>TIM3_IRQHandler</STRONG> (Thumb, 0 bytes, Stack size 0 bytes, startup_stm32f767xx.o(.text))
<BR>[Address Reference Count : 1]<UL><LI> startup_stm32f767xx.o(RESET)
</UL>
<P><STRONG><a name="[2b]"></a>TIM4_IRQHandler</STRONG> (Thumb, 0 bytes, Stack size 0 bytes, startup_stm32f767xx.o(.text))
<BR>[Address Reference Count : 1]<UL><LI> startup_stm32f767xx.o(RESET)
</UL>
<P><STRONG><a name="[3f]"></a>TIM5_IRQHandler</STRONG> (Thumb, 0 bytes, Stack size 0 bytes, startup_stm32f767xx.o(.text))
<BR>[Address Reference Count : 1]<UL><LI> startup_stm32f767xx.o(RESET)
</UL>
<P><STRONG><a name="[43]"></a>TIM6_DAC_IRQHandler</STRONG> (Thumb, 0 bytes, Stack size 0 bytes, startup_stm32f767xx.o(.text))
<BR>[Address Reference Count : 1]<UL><LI> startup_stm32f767xx.o(RESET)
</UL>
<P><STRONG><a name="[44]"></a>TIM7_IRQHandler</STRONG> (Thumb, 0 bytes, Stack size 0 bytes, startup_stm32f767xx.o(.text))
<BR>[Address Reference Count : 1]<UL><LI> startup_stm32f767xx.o(RESET)
</UL>
<P><STRONG><a name="[38]"></a>TIM8_BRK_TIM12_IRQHandler</STRONG> (Thumb, 0 bytes, Stack size 0 bytes, startup_stm32f767xx.o(.text))
<BR>[Address Reference Count : 1]<UL><LI> startup_stm32f767xx.o(RESET)
</UL>
<P><STRONG><a name="[3b]"></a>TIM8_CC_IRQHandler</STRONG> (Thumb, 0 bytes, Stack size 0 bytes, startup_stm32f767xx.o(.text))
<BR>[Address Reference Count : 1]<UL><LI> startup_stm32f767xx.o(RESET)
</UL>
<P><STRONG><a name="[3a]"></a>TIM8_TRG_COM_TIM14_IRQHandler</STRONG> (Thumb, 0 bytes, Stack size 0 bytes, startup_stm32f767xx.o(.text))
<BR>[Address Reference Count : 1]<UL><LI> startup_stm32f767xx.o(RESET)
</UL>
<P><STRONG><a name="[39]"></a>TIM8_UP_TIM13_IRQHandler</STRONG> (Thumb, 0 bytes, Stack size 0 bytes, startup_stm32f767xx.o(.text))
<BR>[Address Reference Count : 1]<UL><LI> startup_stm32f767xx.o(RESET)
</UL>
<P><STRONG><a name="[41]"></a>UART4_IRQHandler</STRONG> (Thumb, 0 bytes, Stack size 0 bytes, startup_stm32f767xx.o(.text))
<BR>[Address Reference Count : 1]<UL><LI> startup_stm32f767xx.o(RESET)
</UL>
<P><STRONG><a name="[42]"></a>UART5_IRQHandler</STRONG> (Thumb, 0 bytes, Stack size 0 bytes, startup_stm32f767xx.o(.text))
<BR>[Address Reference Count : 1]<UL><LI> startup_stm32f767xx.o(RESET)
</UL>
<P><STRONG><a name="[5e]"></a>UART7_IRQHandler</STRONG> (Thumb, 0 bytes, Stack size 0 bytes, startup_stm32f767xx.o(.text))
<BR>[Address Reference Count : 1]<UL><LI> startup_stm32f767xx.o(RESET)
</UL>
<P><STRONG><a name="[5f]"></a>UART8_IRQHandler</STRONG> (Thumb, 0 bytes, Stack size 0 bytes, startup_stm32f767xx.o(.text))
<BR>[Address Reference Count : 1]<UL><LI> startup_stm32f767xx.o(RESET)
</UL>
<P><STRONG><a name="[32]"></a>USART1_IRQHandler</STRONG> (Thumb, 0 bytes, Stack size 0 bytes, startup_stm32f767xx.o(.text))
<BR>[Address Reference Count : 1]<UL><LI> startup_stm32f767xx.o(RESET)
</UL>
<P><STRONG><a name="[33]"></a>USART2_IRQHandler</STRONG> (Thumb, 0 bytes, Stack size 0 bytes, startup_stm32f767xx.o(.text))
<BR>[Address Reference Count : 1]<UL><LI> startup_stm32f767xx.o(RESET)
</UL>
<P><STRONG><a name="[34]"></a>USART3_IRQHandler</STRONG> (Thumb, 0 bytes, Stack size 0 bytes, startup_stm32f767xx.o(.text))
<BR>[Address Reference Count : 1]<UL><LI> startup_stm32f767xx.o(RESET)
</UL>
<P><STRONG><a name="[54]"></a>USART6_IRQHandler</STRONG> (Thumb, 0 bytes, Stack size 0 bytes, startup_stm32f767xx.o(.text))
<BR>[Address Reference Count : 1]<UL><LI> startup_stm32f767xx.o(RESET)
</UL>
<P><STRONG><a name="[d]"></a>WWDG_IRQHandler</STRONG> (Thumb, 0 bytes, Stack size 0 bytes, startup_stm32f767xx.o(.text))
<BR>[Address Reference Count : 1]<UL><LI> startup_stm32f767xx.o(RESET)
</UL>
<P><STRONG><a name="[9d]"></a>__user_initial_stackheap</STRONG> (Thumb, 0 bytes, Stack size unknown bytes, startup_stm32f767xx.o(.text))
<BR><BR>[Called By]<UL><LI><a href="#[8c]">&gt;&gt;</a>&nbsp;&nbsp;&nbsp;__user_setup_stackheap
</UL>

<P><STRONG><a name="[dd]"></a>__aeabi_uldivmod</STRONG> (Thumb, 0 bytes, Stack size 48 bytes, lludivv7m.o(.text))
<BR><BR>[Stack]<UL><LI>Max Depth = 48<LI>Call Chain = __aeabi_uldivmod
</UL>
<BR>[Called By]<UL><LI><a href="#[dc]">&gt;&gt;</a>&nbsp;&nbsp;&nbsp;HAL_RCC_GetSysClockFreq
</UL>

<P><STRONG><a name="[153]"></a>_ll_udiv</STRONG> (Thumb, 238 bytes, Stack size 48 bytes, lludivv7m.o(.text), UNUSED)

<P><STRONG><a name="[cf]"></a>__aeabi_memclr4</STRONG> (Thumb, 0 bytes, Stack size 4 bytes, rt_memclr_w.o(.text))
<BR><BR>[Stack]<UL><LI>Max Depth = 4<LI>Call Chain = __aeabi_memclr4
</UL>
<BR>[Called By]<UL><LI><a href="#[ee]">&gt;&gt;</a>&nbsp;&nbsp;&nbsp;SystemClock_Config
<LI><a href="#[ea]">&gt;&gt;</a>&nbsp;&nbsp;&nbsp;MX_GPIO_Init
<LI><a href="#[7c]">&gt;&gt;</a>&nbsp;&nbsp;&nbsp;svcRtxKernelInitialize
<LI><a href="#[cd]">&gt;&gt;</a>&nbsp;&nbsp;&nbsp;HAL_ADC_MspInit
</UL>

<P><STRONG><a name="[154]"></a>__aeabi_memclr8</STRONG> (Thumb, 0 bytes, Stack size 4 bytes, rt_memclr_w.o(.text), UNUSED)

<P><STRONG><a name="[155]"></a>__rt_memclr_w</STRONG> (Thumb, 78 bytes, Stack size 4 bytes, rt_memclr_w.o(.text), UNUSED)

<P><STRONG><a name="[156]"></a>_memset_w</STRONG> (Thumb, 0 bytes, Stack size unknown bytes, rt_memclr_w.o(.text), UNUSED)

<P><STRONG><a name="[157]"></a>__use_two_region_memory</STRONG> (Thumb, 2 bytes, Stack size 0 bytes, heapauxi.o(.text), UNUSED)

<P><STRONG><a name="[158]"></a>__rt_heap_escrow$2region</STRONG> (Thumb, 2 bytes, Stack size 0 bytes, heapauxi.o(.text), UNUSED)

<P><STRONG><a name="[159]"></a>__rt_heap_expand$2region</STRONG> (Thumb, 2 bytes, Stack size 0 bytes, heapauxi.o(.text), UNUSED)

<P><STRONG><a name="[8c]"></a>__user_setup_stackheap</STRONG> (Thumb, 74 bytes, Stack size 8 bytes, sys_stackheap_outer.o(.text))
<BR><BR>[Stack]<UL><LI>Max Depth = 8 + Unknown Stack Size
<LI>Call Chain = __user_setup_stackheap
</UL>
<BR>[Calls]<UL><LI><a href="#[9d]">&gt;&gt;</a>&nbsp;&nbsp;&nbsp;__user_initial_stackheap
<LI><a href="#[9c]">&gt;&gt;</a>&nbsp;&nbsp;&nbsp;__user_perproc_libspace
</UL>
<BR>[Called By]<UL><LI><a href="#[8b]">&gt;&gt;</a>&nbsp;&nbsp;&nbsp;__rt_entry_sh
</UL>

<P><STRONG><a name="[93]"></a>exit</STRONG> (Thumb, 18 bytes, Stack size 8 bytes, exit.o(.text))
<BR><BR>[Stack]<UL><LI>Max Depth = 8 + Unknown Stack Size
<LI>Call Chain = exit
</UL>
<BR>[Calls]<UL><LI><a href="#[9e]">&gt;&gt;</a>&nbsp;&nbsp;&nbsp;__rt_exit
</UL>
<BR>[Called By]<UL><LI><a href="#[91]">&gt;&gt;</a>&nbsp;&nbsp;&nbsp;__rt_entry_main
</UL>

<P><STRONG><a name="[15a]"></a>__user_libspace</STRONG> (Thumb, 8 bytes, Stack size 0 bytes, libspace.o(.text), UNUSED)

<P><STRONG><a name="[9c]"></a>__user_perproc_libspace</STRONG> (Thumb, 0 bytes, Stack size 0 bytes, libspace.o(.text))
<BR><BR>[Called By]<UL><LI><a href="#[8c]">&gt;&gt;</a>&nbsp;&nbsp;&nbsp;__user_setup_stackheap
</UL>

<P><STRONG><a name="[97]"></a>_sys_exit</STRONG> (Thumb, 8 bytes, Stack size 0 bytes, sys_exit.o(.text))
<BR><BR>[Called By]<UL><LI><a href="#[96]">&gt;&gt;</a>&nbsp;&nbsp;&nbsp;__rt_exit_exit
</UL>

<P><STRONG><a name="[15b]"></a>__I$use$semihosting</STRONG> (Thumb, 0 bytes, Stack size 0 bytes, use_no_semi.o(.text), UNUSED)

<P><STRONG><a name="[15c]"></a>__use_no_semihosting_swi</STRONG> (Thumb, 2 bytes, Stack size 0 bytes, use_no_semi.o(.text), UNUSED)

<P><STRONG><a name="[15d]"></a>__semihosting_library_function</STRONG> (Thumb, 0 bytes, Stack size unknown bytes, indicate_semi.o(.text), UNUSED)

<P><STRONG><a name="[7]"></a>BusFault_Handler</STRONG> (Thumb, 4 bytes, Stack size 0 bytes, stm32f7xx_it.o(i.BusFault_Handler))
<BR>[Address Reference Count : 1]<UL><LI> startup_stm32f767xx.o(RESET)
</UL>
<P><STRONG><a name="[a]"></a>DebugMon_Handler</STRONG> (Thumb, 2 bytes, Stack size 0 bytes, stm32f7xx_it.o(i.DebugMon_Handler))
<BR>[Address Reference Count : 1]<UL><LI> startup_stm32f767xx.o(RESET)
</UL>
<P><STRONG><a name="[e8]"></a>Error_Handler</STRONG> (Thumb, 2 bytes, Stack size 0 bytes, main.o(i.Error_Handler))
<BR><BR>[Called By]<UL><LI><a href="#[ee]">&gt;&gt;</a>&nbsp;&nbsp;&nbsp;SystemClock_Config
<LI><a href="#[ec]">&gt;&gt;</a>&nbsp;&nbsp;&nbsp;MX_TIM2_Init
<LI><a href="#[e7]">&gt;&gt;</a>&nbsp;&nbsp;&nbsp;MX_ADC1_Init
</UL>

<P><STRONG><a name="[a3]"></a>EventRecord2</STRONG> (Thumb, 70 bytes, Stack size 24 bytes, eventrecorder.o(i.EventRecord2))
<BR><BR>[Stack]<UL><LI>Max Depth = 80<LI>Call Chain = EventRecord2 &rArr; EventRecordItem
</UL>
<BR>[Calls]<UL><LI><a href="#[a5]">&gt;&gt;</a>&nbsp;&nbsp;&nbsp;EventRecordItem
<LI><a href="#[9f]">&gt;&gt;</a>&nbsp;&nbsp;&nbsp;EventGetTS
<LI><a href="#[a4]">&gt;&gt;</a>&nbsp;&nbsp;&nbsp;EventCheckFilter
</UL>
<BR>[Called By]<UL><LI><a href="#[ab]">&gt;&gt;</a>&nbsp;&nbsp;&nbsp;EvrRtxEventFlagsWaitTimeout
<LI><a href="#[aa]">&gt;&gt;</a>&nbsp;&nbsp;&nbsp;EvrRtxDelayCompleted
<LI><a href="#[ca]">&gt;&gt;</a>&nbsp;&nbsp;&nbsp;EvrRtxThreadUnblocked
<LI><a href="#[c9]">&gt;&gt;</a>&nbsp;&nbsp;&nbsp;EvrRtxThreadSwitched
<LI><a href="#[c8]">&gt;&gt;</a>&nbsp;&nbsp;&nbsp;EvrRtxThreadPreempted
<LI><a href="#[c7]">&gt;&gt;</a>&nbsp;&nbsp;&nbsp;EvrRtxThreadFlagsWaitTimeout
<LI><a href="#[c6]">&gt;&gt;</a>&nbsp;&nbsp;&nbsp;EvrRtxThreadBlocked
<LI><a href="#[c5]">&gt;&gt;</a>&nbsp;&nbsp;&nbsp;EvrRtxSemaphoreAcquireTimeout
<LI><a href="#[c4]">&gt;&gt;</a>&nbsp;&nbsp;&nbsp;EvrRtxMutexReleased
<LI><a href="#[c3]">&gt;&gt;</a>&nbsp;&nbsp;&nbsp;EvrRtxMutexRelease
<LI><a href="#[c2]">&gt;&gt;</a>&nbsp;&nbsp;&nbsp;EvrRtxMutexNotAcquired
<LI><a href="#[c1]">&gt;&gt;</a>&nbsp;&nbsp;&nbsp;EvrRtxMutexNew
<LI><a href="#[c0]">&gt;&gt;</a>&nbsp;&nbsp;&nbsp;EvrRtxMutexError
<LI><a href="#[bf]">&gt;&gt;</a>&nbsp;&nbsp;&nbsp;EvrRtxMutexDestroyed
<LI><a href="#[be]">&gt;&gt;</a>&nbsp;&nbsp;&nbsp;EvrRtxMutexDelete
<LI><a href="#[bd]">&gt;&gt;</a>&nbsp;&nbsp;&nbsp;EvrRtxMutexCreated
<LI><a href="#[bc]">&gt;&gt;</a>&nbsp;&nbsp;&nbsp;EvrRtxMutexAcquired
<LI><a href="#[bb]">&gt;&gt;</a>&nbsp;&nbsp;&nbsp;EvrRtxMutexAcquireTimeout
<LI><a href="#[ba]">&gt;&gt;</a>&nbsp;&nbsp;&nbsp;EvrRtxMutexAcquirePending
<LI><a href="#[b9]">&gt;&gt;</a>&nbsp;&nbsp;&nbsp;EvrRtxMutexAcquire
<LI><a href="#[b8]">&gt;&gt;</a>&nbsp;&nbsp;&nbsp;EvrRtxMessageQueuePutTimeout
<LI><a href="#[b7]">&gt;&gt;</a>&nbsp;&nbsp;&nbsp;EvrRtxMessageQueueGetTimeout
<LI><a href="#[b6]">&gt;&gt;</a>&nbsp;&nbsp;&nbsp;EvrRtxMemoryPoolAllocTimeout
<LI><a href="#[b1]">&gt;&gt;</a>&nbsp;&nbsp;&nbsp;EvrRtxMemoryBlockAlloc
<LI><a href="#[af]">&gt;&gt;</a>&nbsp;&nbsp;&nbsp;EvrRtxKernelInitialized
<LI><a href="#[ae]">&gt;&gt;</a>&nbsp;&nbsp;&nbsp;EvrRtxKernelInitialize
<LI><a href="#[ad]">&gt;&gt;</a>&nbsp;&nbsp;&nbsp;EvrRtxKernelGetState
<LI><a href="#[ac]">&gt;&gt;</a>&nbsp;&nbsp;&nbsp;EvrRtxKernelError
</UL>

<P><STRONG><a name="[a6]"></a>EventRecord4</STRONG> (Thumb, 118 bytes, Stack size 40 bytes, eventrecorder.o(i.EventRecord4))
<BR><BR>[Stack]<UL><LI>Max Depth = 96<LI>Call Chain = EventRecord4 &rArr; EventRecordItem
</UL>
<BR>[Calls]<UL><LI><a href="#[a7]">&gt;&gt;</a>&nbsp;&nbsp;&nbsp;GetContext
<LI><a href="#[a5]">&gt;&gt;</a>&nbsp;&nbsp;&nbsp;EventRecordItem
<LI><a href="#[9f]">&gt;&gt;</a>&nbsp;&nbsp;&nbsp;EventGetTS
<LI><a href="#[a4]">&gt;&gt;</a>&nbsp;&nbsp;&nbsp;EventCheckFilter
</UL>
<BR>[Called By]<UL><LI><a href="#[b5]">&gt;&gt;</a>&nbsp;&nbsp;&nbsp;EvrRtxMemoryInit
<LI><a href="#[b4]">&gt;&gt;</a>&nbsp;&nbsp;&nbsp;EvrRtxMemoryFree
<LI><a href="#[b3]">&gt;&gt;</a>&nbsp;&nbsp;&nbsp;EvrRtxMemoryBlockInit
<LI><a href="#[b2]">&gt;&gt;</a>&nbsp;&nbsp;&nbsp;EvrRtxMemoryBlockFree
<LI><a href="#[b0]">&gt;&gt;</a>&nbsp;&nbsp;&nbsp;EvrRtxMemoryAlloc
</UL>

<P><STRONG><a name="[a0]"></a>EventRecorderTimerGetCount</STRONG> (Thumb, 6 bytes, Stack size 0 bytes, eventrecorder.o(i.EventRecorderTimerGetCount))
<BR><BR>[Called By]<UL><LI><a href="#[9f]">&gt;&gt;</a>&nbsp;&nbsp;&nbsp;EventGetTS
</UL>

<P><STRONG><a name="[aa]"></a>EvrRtxDelayCompleted</STRONG> (Thumb, 16 bytes, Stack size 8 bytes, rtx_evr.o(i.EvrRtxDelayCompleted))
<BR><BR>[Stack]<UL><LI>Max Depth = 88<LI>Call Chain = EvrRtxDelayCompleted &rArr; EventRecord2 &rArr; EventRecordItem
</UL>
<BR>[Calls]<UL><LI><a href="#[a3]">&gt;&gt;</a>&nbsp;&nbsp;&nbsp;EventRecord2
</UL>
<BR>[Called By]<UL><LI><a href="#[10c]">&gt;&gt;</a>&nbsp;&nbsp;&nbsp;osRtxThreadDelayTick
</UL>

<P><STRONG><a name="[ab]"></a>EvrRtxEventFlagsWaitTimeout</STRONG> (Thumb, 16 bytes, Stack size 8 bytes, rtx_evr.o(i.EvrRtxEventFlagsWaitTimeout))
<BR><BR>[Stack]<UL><LI>Max Depth = 88<LI>Call Chain = EvrRtxEventFlagsWaitTimeout &rArr; EventRecord2 &rArr; EventRecordItem
</UL>
<BR>[Calls]<UL><LI><a href="#[a3]">&gt;&gt;</a>&nbsp;&nbsp;&nbsp;EventRecord2
</UL>
<BR>[Called By]<UL><LI><a href="#[10c]">&gt;&gt;</a>&nbsp;&nbsp;&nbsp;osRtxThreadDelayTick
</UL>

<P><STRONG><a name="[ac]"></a>EvrRtxKernelError</STRONG> (Thumb, 18 bytes, Stack size 8 bytes, rtx_evr.o(i.EvrRtxKernelError))
<BR><BR>[Stack]<UL><LI>Max Depth = 88<LI>Call Chain = EvrRtxKernelError &rArr; EventRecord2 &rArr; EventRecordItem
</UL>
<BR>[Calls]<UL><LI><a href="#[a3]">&gt;&gt;</a>&nbsp;&nbsp;&nbsp;EventRecord2
</UL>
<BR>[Called By]<UL><LI><a href="#[f5]">&gt;&gt;</a>&nbsp;&nbsp;&nbsp;osKernelInitialize
<LI><a href="#[7c]">&gt;&gt;</a>&nbsp;&nbsp;&nbsp;svcRtxKernelInitialize
</UL>

<P><STRONG><a name="[ad]"></a>EvrRtxKernelGetState</STRONG> (Thumb, 16 bytes, Stack size 8 bytes, rtx_evr.o(i.EvrRtxKernelGetState))
<BR><BR>[Stack]<UL><LI>Max Depth = 88<LI>Call Chain = EvrRtxKernelGetState &rArr; EventRecord2 &rArr; EventRecordItem
</UL>
<BR>[Calls]<UL><LI><a href="#[a3]">&gt;&gt;</a>&nbsp;&nbsp;&nbsp;EventRecord2
</UL>
<BR>[Called By]<UL><LI><a href="#[7b]">&gt;&gt;</a>&nbsp;&nbsp;&nbsp;svcRtxKernelGetState
</UL>

<P><STRONG><a name="[ae]"></a>EvrRtxKernelInitialize</STRONG> (Thumb, 14 bytes, Stack size 8 bytes, rtx_evr.o(i.EvrRtxKernelInitialize))
<BR><BR>[Stack]<UL><LI>Max Depth = 88<LI>Call Chain = EvrRtxKernelInitialize &rArr; EventRecord2 &rArr; EventRecordItem
</UL>
<BR>[Calls]<UL><LI><a href="#[a3]">&gt;&gt;</a>&nbsp;&nbsp;&nbsp;EventRecord2
</UL>
<BR>[Called By]<UL><LI><a href="#[f5]">&gt;&gt;</a>&nbsp;&nbsp;&nbsp;osKernelInitialize
</UL>

<P><STRONG><a name="[af]"></a>EvrRtxKernelInitialized</STRONG> (Thumb, 14 bytes, Stack size 8 bytes, rtx_evr.o(i.EvrRtxKernelInitialized))
<BR><BR>[Stack]<UL><LI>Max Depth = 88<LI>Call Chain = EvrRtxKernelInitialized &rArr; EventRecord2 &rArr; EventRecordItem
</UL>
<BR>[Calls]<UL><LI><a href="#[a3]">&gt;&gt;</a>&nbsp;&nbsp;&nbsp;EventRecord2
</UL>
<BR>[Called By]<UL><LI><a href="#[7c]">&gt;&gt;</a>&nbsp;&nbsp;&nbsp;svcRtxKernelInitialize
</UL>

<P><STRONG><a name="[b0]"></a>EvrRtxMemoryAlloc</STRONG> (Thumb, 26 bytes, Stack size 24 bytes, rtx_evr.o(i.EvrRtxMemoryAlloc))
<BR><BR>[Stack]<UL><LI>Max Depth = 120<LI>Call Chain = EvrRtxMemoryAlloc &rArr; EventRecord4 &rArr; EventRecordItem
</UL>
<BR>[Calls]<UL><LI><a href="#[a6]">&gt;&gt;</a>&nbsp;&nbsp;&nbsp;EventRecord4
</UL>
<BR>[Called By]<UL><LI><a href="#[100]">&gt;&gt;</a>&nbsp;&nbsp;&nbsp;osRtxMemoryAlloc
</UL>

<P><STRONG><a name="[b1]"></a>EvrRtxMemoryBlockAlloc</STRONG> (Thumb, 18 bytes, Stack size 16 bytes, rtx_evr.o(i.EvrRtxMemoryBlockAlloc))
<BR><BR>[Stack]<UL><LI>Max Depth = 96<LI>Call Chain = EvrRtxMemoryBlockAlloc &rArr; EventRecord2 &rArr; EventRecordItem
</UL>
<BR>[Calls]<UL><LI><a href="#[a3]">&gt;&gt;</a>&nbsp;&nbsp;&nbsp;EventRecord2
</UL>
<BR>[Called By]<UL><LI><a href="#[104]">&gt;&gt;</a>&nbsp;&nbsp;&nbsp;osRtxMemoryPoolAlloc
</UL>

<P><STRONG><a name="[b2]"></a>EvrRtxMemoryBlockFree</STRONG> (Thumb, 26 bytes, Stack size 24 bytes, rtx_evr.o(i.EvrRtxMemoryBlockFree))
<BR><BR>[Stack]<UL><LI>Max Depth = 120<LI>Call Chain = EvrRtxMemoryBlockFree &rArr; EventRecord4 &rArr; EventRecordItem
</UL>
<BR>[Calls]<UL><LI><a href="#[a6]">&gt;&gt;</a>&nbsp;&nbsp;&nbsp;EventRecord4
</UL>
<BR>[Called By]<UL><LI><a href="#[107]">&gt;&gt;</a>&nbsp;&nbsp;&nbsp;osRtxMemoryPoolFree
</UL>

<P><STRONG><a name="[b3]"></a>EvrRtxMemoryBlockInit</STRONG> (Thumb, 26 bytes, Stack size 24 bytes, rtx_evr.o(i.EvrRtxMemoryBlockInit))
<BR><BR>[Stack]<UL><LI>Max Depth = 120<LI>Call Chain = EvrRtxMemoryBlockInit &rArr; EventRecord4 &rArr; EventRecordItem
</UL>
<BR>[Calls]<UL><LI><a href="#[a6]">&gt;&gt;</a>&nbsp;&nbsp;&nbsp;EventRecord4
</UL>
<BR>[Called By]<UL><LI><a href="#[109]">&gt;&gt;</a>&nbsp;&nbsp;&nbsp;osRtxMemoryPoolInit
</UL>

<P><STRONG><a name="[b4]"></a>EvrRtxMemoryFree</STRONG> (Thumb, 26 bytes, Stack size 24 bytes, rtx_evr.o(i.EvrRtxMemoryFree))
<BR><BR>[Stack]<UL><LI>Max Depth = 120<LI>Call Chain = EvrRtxMemoryFree &rArr; EventRecord4 &rArr; EventRecordItem
</UL>
<BR>[Calls]<UL><LI><a href="#[a6]">&gt;&gt;</a>&nbsp;&nbsp;&nbsp;EventRecord4
</UL>
<BR>[Called By]<UL><LI><a href="#[102]">&gt;&gt;</a>&nbsp;&nbsp;&nbsp;osRtxMemoryFree
</UL>

<P><STRONG><a name="[b5]"></a>EvrRtxMemoryInit</STRONG> (Thumb, 28 bytes, Stack size 24 bytes, rtx_evr.o(i.EvrRtxMemoryInit))
<BR><BR>[Stack]<UL><LI>Max Depth = 120<LI>Call Chain = EvrRtxMemoryInit &rArr; EventRecord4 &rArr; EventRecordItem
</UL>
<BR>[Calls]<UL><LI><a href="#[a6]">&gt;&gt;</a>&nbsp;&nbsp;&nbsp;EventRecord4
</UL>
<BR>[Called By]<UL><LI><a href="#[103]">&gt;&gt;</a>&nbsp;&nbsp;&nbsp;osRtxMemoryInit
</UL>

<P><STRONG><a name="[b6]"></a>EvrRtxMemoryPoolAllocTimeout</STRONG> (Thumb, 16 bytes, Stack size 8 bytes, rtx_evr.o(i.EvrRtxMemoryPoolAllocTimeout))
<BR><BR>[Stack]<UL><LI>Max Depth = 88<LI>Call Chain = EvrRtxMemoryPoolAllocTimeout &rArr; EventRecord2 &rArr; EventRecordItem
</UL>
<BR>[Calls]<UL><LI><a href="#[a3]">&gt;&gt;</a>&nbsp;&nbsp;&nbsp;EventRecord2
</UL>
<BR>[Called By]<UL><LI><a href="#[10c]">&gt;&gt;</a>&nbsp;&nbsp;&nbsp;osRtxThreadDelayTick
</UL>

<P><STRONG><a name="[b7]"></a>EvrRtxMessageQueueGetTimeout</STRONG> (Thumb, 16 bytes, Stack size 8 bytes, rtx_evr.o(i.EvrRtxMessageQueueGetTimeout))
<BR><BR>[Stack]<UL><LI>Max Depth = 88<LI>Call Chain = EvrRtxMessageQueueGetTimeout &rArr; EventRecord2 &rArr; EventRecordItem
</UL>
<BR>[Calls]<UL><LI><a href="#[a3]">&gt;&gt;</a>&nbsp;&nbsp;&nbsp;EventRecord2
</UL>
<BR>[Called By]<UL><LI><a href="#[10c]">&gt;&gt;</a>&nbsp;&nbsp;&nbsp;osRtxThreadDelayTick
</UL>

<P><STRONG><a name="[b8]"></a>EvrRtxMessageQueuePutTimeout</STRONG> (Thumb, 16 bytes, Stack size 8 bytes, rtx_evr.o(i.EvrRtxMessageQueuePutTimeout))
<BR><BR>[Stack]<UL><LI>Max Depth = 88<LI>Call Chain = EvrRtxMessageQueuePutTimeout &rArr; EventRecord2 &rArr; EventRecordItem
</UL>
<BR>[Calls]<UL><LI><a href="#[a3]">&gt;&gt;</a>&nbsp;&nbsp;&nbsp;EventRecord2
</UL>
<BR>[Called By]<UL><LI><a href="#[10c]">&gt;&gt;</a>&nbsp;&nbsp;&nbsp;osRtxThreadDelayTick
</UL>

<P><STRONG><a name="[b9]"></a>EvrRtxMutexAcquire</STRONG> (Thumb, 18 bytes, Stack size 16 bytes, rtx_evr.o(i.EvrRtxMutexAcquire), UNUSED, KEPT)
<BR><BR>[Stack]<UL><LI>Max Depth = 96<LI>Call Chain = EvrRtxMutexAcquire &rArr; EventRecord2 &rArr; EventRecordItem
</UL>
<BR>[Calls]<UL><LI><a href="#[a3]">&gt;&gt;</a>&nbsp;&nbsp;&nbsp;EventRecord2
</UL>
<BR>[Called By]<UL><LI><a href="#[f0]">&gt;&gt;</a>&nbsp;&nbsp;&nbsp;osMutexAcquire
</UL>

<P><STRONG><a name="[ba]"></a>EvrRtxMutexAcquirePending</STRONG> (Thumb, 18 bytes, Stack size 16 bytes, rtx_evr.o(i.EvrRtxMutexAcquirePending))
<BR><BR>[Stack]<UL><LI>Max Depth = 96<LI>Call Chain = EvrRtxMutexAcquirePending &rArr; EventRecord2 &rArr; EventRecordItem
</UL>
<BR>[Calls]<UL><LI><a href="#[a3]">&gt;&gt;</a>&nbsp;&nbsp;&nbsp;EventRecord2
</UL>
<BR>[Called By]<UL><LI><a href="#[7d]">&gt;&gt;</a>&nbsp;&nbsp;&nbsp;svcRtxMutexAcquire
</UL>

<P><STRONG><a name="[bb]"></a>EvrRtxMutexAcquireTimeout</STRONG> (Thumb, 16 bytes, Stack size 8 bytes, rtx_evr.o(i.EvrRtxMutexAcquireTimeout))
<BR><BR>[Stack]<UL><LI>Max Depth = 88<LI>Call Chain = EvrRtxMutexAcquireTimeout &rArr; EventRecord2 &rArr; EventRecordItem
</UL>
<BR>[Calls]<UL><LI><a href="#[a3]">&gt;&gt;</a>&nbsp;&nbsp;&nbsp;EventRecord2
</UL>
<BR>[Called By]<UL><LI><a href="#[7d]">&gt;&gt;</a>&nbsp;&nbsp;&nbsp;svcRtxMutexAcquire
<LI><a href="#[10c]">&gt;&gt;</a>&nbsp;&nbsp;&nbsp;osRtxThreadDelayTick
</UL>

<P><STRONG><a name="[bc]"></a>EvrRtxMutexAcquired</STRONG> (Thumb, 18 bytes, Stack size 16 bytes, rtx_evr.o(i.EvrRtxMutexAcquired))
<BR><BR>[Stack]<UL><LI>Max Depth = 96<LI>Call Chain = EvrRtxMutexAcquired &rArr; EventRecord2 &rArr; EventRecordItem
</UL>
<BR>[Calls]<UL><LI><a href="#[a3]">&gt;&gt;</a>&nbsp;&nbsp;&nbsp;EventRecord2
</UL>
<BR>[Called By]<UL><LI><a href="#[80]">&gt;&gt;</a>&nbsp;&nbsp;&nbsp;svcRtxMutexRelease
<LI><a href="#[7d]">&gt;&gt;</a>&nbsp;&nbsp;&nbsp;svcRtxMutexAcquire
</UL>

<P><STRONG><a name="[bd]"></a>EvrRtxMutexCreated</STRONG> (Thumb, 18 bytes, Stack size 16 bytes, rtx_evr.o(i.EvrRtxMutexCreated))
<BR><BR>[Stack]<UL><LI>Max Depth = 96<LI>Call Chain = EvrRtxMutexCreated &rArr; EventRecord2 &rArr; EventRecordItem
</UL>
<BR>[Calls]<UL><LI><a href="#[a3]">&gt;&gt;</a>&nbsp;&nbsp;&nbsp;EventRecord2
</UL>
<BR>[Called By]<UL><LI><a href="#[7f]">&gt;&gt;</a>&nbsp;&nbsp;&nbsp;svcRtxMutexNew
</UL>

<P><STRONG><a name="[be]"></a>EvrRtxMutexDelete</STRONG> (Thumb, 16 bytes, Stack size 8 bytes, rtx_evr.o(i.EvrRtxMutexDelete), UNUSED, KEPT)
<BR><BR>[Stack]<UL><LI>Max Depth = 88<LI>Call Chain = EvrRtxMutexDelete &rArr; EventRecord2 &rArr; EventRecordItem
</UL>
<BR>[Calls]<UL><LI><a href="#[a3]">&gt;&gt;</a>&nbsp;&nbsp;&nbsp;EventRecord2
</UL>
<BR>[Called By]<UL><LI><a href="#[f1]">&gt;&gt;</a>&nbsp;&nbsp;&nbsp;osMutexDelete
</UL>

<P><STRONG><a name="[bf]"></a>EvrRtxMutexDestroyed</STRONG> (Thumb, 16 bytes, Stack size 8 bytes, rtx_evr.o(i.EvrRtxMutexDestroyed))
<BR><BR>[Stack]<UL><LI>Max Depth = 88<LI>Call Chain = EvrRtxMutexDestroyed &rArr; EventRecord2 &rArr; EventRecordItem
</UL>
<BR>[Calls]<UL><LI><a href="#[a3]">&gt;&gt;</a>&nbsp;&nbsp;&nbsp;EventRecord2
</UL>
<BR>[Called By]<UL><LI><a href="#[7e]">&gt;&gt;</a>&nbsp;&nbsp;&nbsp;svcRtxMutexDelete
</UL>

<P><STRONG><a name="[c0]"></a>EvrRtxMutexError</STRONG> (Thumb, 20 bytes, Stack size 16 bytes, rtx_evr.o(i.EvrRtxMutexError))
<BR><BR>[Stack]<UL><LI>Max Depth = 96<LI>Call Chain = EvrRtxMutexError &rArr; EventRecord2 &rArr; EventRecordItem
</UL>
<BR>[Calls]<UL><LI><a href="#[a3]">&gt;&gt;</a>&nbsp;&nbsp;&nbsp;EventRecord2
</UL>
<BR>[Called By]<UL><LI><a href="#[80]">&gt;&gt;</a>&nbsp;&nbsp;&nbsp;svcRtxMutexRelease
<LI><a href="#[7f]">&gt;&gt;</a>&nbsp;&nbsp;&nbsp;svcRtxMutexNew
<LI><a href="#[7e]">&gt;&gt;</a>&nbsp;&nbsp;&nbsp;svcRtxMutexDelete
<LI><a href="#[7d]">&gt;&gt;</a>&nbsp;&nbsp;&nbsp;svcRtxMutexAcquire
<LI><a href="#[f4]">&gt;&gt;</a>&nbsp;&nbsp;&nbsp;osMutexRelease
<LI><a href="#[f2]">&gt;&gt;</a>&nbsp;&nbsp;&nbsp;osMutexNew
<LI><a href="#[f1]">&gt;&gt;</a>&nbsp;&nbsp;&nbsp;osMutexDelete
<LI><a href="#[f0]">&gt;&gt;</a>&nbsp;&nbsp;&nbsp;osMutexAcquire
</UL>

<P><STRONG><a name="[c1]"></a>EvrRtxMutexNew</STRONG> (Thumb, 16 bytes, Stack size 8 bytes, rtx_evr.o(i.EvrRtxMutexNew), UNUSED, KEPT)
<BR><BR>[Stack]<UL><LI>Max Depth = 88<LI>Call Chain = EvrRtxMutexNew &rArr; EventRecord2 &rArr; EventRecordItem
</UL>
<BR>[Calls]<UL><LI><a href="#[a3]">&gt;&gt;</a>&nbsp;&nbsp;&nbsp;EventRecord2
</UL>
<BR>[Called By]<UL><LI><a href="#[f2]">&gt;&gt;</a>&nbsp;&nbsp;&nbsp;osMutexNew
</UL>

<P><STRONG><a name="[c2]"></a>EvrRtxMutexNotAcquired</STRONG> (Thumb, 16 bytes, Stack size 8 bytes, rtx_evr.o(i.EvrRtxMutexNotAcquired))
<BR><BR>[Stack]<UL><LI>Max Depth = 88<LI>Call Chain = EvrRtxMutexNotAcquired &rArr; EventRecord2 &rArr; EventRecordItem
</UL>
<BR>[Calls]<UL><LI><a href="#[a3]">&gt;&gt;</a>&nbsp;&nbsp;&nbsp;EventRecord2
</UL>
<BR>[Called By]<UL><LI><a href="#[7d]">&gt;&gt;</a>&nbsp;&nbsp;&nbsp;svcRtxMutexAcquire
</UL>

<P><STRONG><a name="[c3]"></a>EvrRtxMutexRelease</STRONG> (Thumb, 16 bytes, Stack size 8 bytes, rtx_evr.o(i.EvrRtxMutexRelease), UNUSED, KEPT)
<BR><BR>[Stack]<UL><LI>Max Depth = 88<LI>Call Chain = EvrRtxMutexRelease &rArr; EventRecord2 &rArr; EventRecordItem
</UL>
<BR>[Calls]<UL><LI><a href="#[a3]">&gt;&gt;</a>&nbsp;&nbsp;&nbsp;EventRecord2
</UL>
<BR>[Called By]<UL><LI><a href="#[f4]">&gt;&gt;</a>&nbsp;&nbsp;&nbsp;osMutexRelease
</UL>

<P><STRONG><a name="[c4]"></a>EvrRtxMutexReleased</STRONG> (Thumb, 18 bytes, Stack size 16 bytes, rtx_evr.o(i.EvrRtxMutexReleased))
<BR><BR>[Stack]<UL><LI>Max Depth = 96<LI>Call Chain = EvrRtxMutexReleased &rArr; EventRecord2 &rArr; EventRecordItem
</UL>
<BR>[Calls]<UL><LI><a href="#[a3]">&gt;&gt;</a>&nbsp;&nbsp;&nbsp;EventRecord2
</UL>
<BR>[Called By]<UL><LI><a href="#[80]">&gt;&gt;</a>&nbsp;&nbsp;&nbsp;svcRtxMutexRelease
</UL>

<P><STRONG><a name="[c5]"></a>EvrRtxSemaphoreAcquireTimeout</STRONG> (Thumb, 16 bytes, Stack size 8 bytes, rtx_evr.o(i.EvrRtxSemaphoreAcquireTimeout))
<BR><BR>[Stack]<UL><LI>Max Depth = 88<LI>Call Chain = EvrRtxSemaphoreAcquireTimeout &rArr; EventRecord2 &rArr; EventRecordItem
</UL>
<BR>[Calls]<UL><LI><a href="#[a3]">&gt;&gt;</a>&nbsp;&nbsp;&nbsp;EventRecord2
</UL>
<BR>[Called By]<UL><LI><a href="#[10c]">&gt;&gt;</a>&nbsp;&nbsp;&nbsp;osRtxThreadDelayTick
</UL>

<P><STRONG><a name="[c6]"></a>EvrRtxThreadBlocked</STRONG> (Thumb, 18 bytes, Stack size 16 bytes, rtx_evr.o(i.EvrRtxThreadBlocked))
<BR><BR>[Stack]<UL><LI>Max Depth = 96<LI>Call Chain = EvrRtxThreadBlocked &rArr; EventRecord2 &rArr; EventRecordItem
</UL>
<BR>[Calls]<UL><LI><a href="#[a3]">&gt;&gt;</a>&nbsp;&nbsp;&nbsp;EventRecord2
</UL>
<BR>[Called By]<UL><LI><a href="#[117]">&gt;&gt;</a>&nbsp;&nbsp;&nbsp;osRtxThreadWaitEnter
</UL>

<P><STRONG><a name="[c7]"></a>EvrRtxThreadFlagsWaitTimeout</STRONG> (Thumb, 16 bytes, Stack size 8 bytes, rtx_evr.o(i.EvrRtxThreadFlagsWaitTimeout))
<BR><BR>[Stack]<UL><LI>Max Depth = 88<LI>Call Chain = EvrRtxThreadFlagsWaitTimeout &rArr; EventRecord2 &rArr; EventRecordItem
</UL>
<BR>[Calls]<UL><LI><a href="#[a3]">&gt;&gt;</a>&nbsp;&nbsp;&nbsp;EventRecord2
</UL>
<BR>[Called By]<UL><LI><a href="#[10c]">&gt;&gt;</a>&nbsp;&nbsp;&nbsp;osRtxThreadDelayTick
</UL>

<P><STRONG><a name="[c8]"></a>EvrRtxThreadPreempted</STRONG> (Thumb, 16 bytes, Stack size 8 bytes, rtx_evr.o(i.EvrRtxThreadPreempted))
<BR><BR>[Stack]<UL><LI>Max Depth = 88<LI>Call Chain = EvrRtxThreadPreempted &rArr; EventRecord2 &rArr; EventRecordItem
</UL>
<BR>[Calls]<UL><LI><a href="#[a3]">&gt;&gt;</a>&nbsp;&nbsp;&nbsp;EventRecord2
</UL>
<BR>[Called By]<UL><LI><a href="#[9b]">&gt;&gt;</a>&nbsp;&nbsp;&nbsp;osRtxTick_Handler
<LI><a href="#[10b]">&gt;&gt;</a>&nbsp;&nbsp;&nbsp;osRtxThreadBlock
</UL>

<P><STRONG><a name="[c9]"></a>EvrRtxThreadSwitched</STRONG> (Thumb, 16 bytes, Stack size 8 bytes, rtx_evr.o(i.EvrRtxThreadSwitched))
<BR><BR>[Stack]<UL><LI>Max Depth = 88<LI>Call Chain = EvrRtxThreadSwitched &rArr; EventRecord2 &rArr; EventRecordItem
</UL>
<BR>[Calls]<UL><LI><a href="#[a3]">&gt;&gt;</a>&nbsp;&nbsp;&nbsp;EventRecord2
</UL>
<BR>[Called By]<UL><LI><a href="#[113]">&gt;&gt;</a>&nbsp;&nbsp;&nbsp;osRtxThreadSwitch
</UL>

<P><STRONG><a name="[ca]"></a>EvrRtxThreadUnblocked</STRONG> (Thumb, 18 bytes, Stack size 16 bytes, rtx_evr.o(i.EvrRtxThreadUnblocked))
<BR><BR>[Stack]<UL><LI>Max Depth = 96<LI>Call Chain = EvrRtxThreadUnblocked &rArr; EventRecord2 &rArr; EventRecordItem
</UL>
<BR>[Calls]<UL><LI><a href="#[a3]">&gt;&gt;</a>&nbsp;&nbsp;&nbsp;EventRecord2
</UL>
<BR>[Called By]<UL><LI><a href="#[11a]">&gt;&gt;</a>&nbsp;&nbsp;&nbsp;osRtxThreadWaitExit
<LI><a href="#[10c]">&gt;&gt;</a>&nbsp;&nbsp;&nbsp;osRtxThreadDelayTick
</UL>

<P><STRONG><a name="[e9]"></a>HAL_ADC_ConfigChannel</STRONG> (Thumb, 414 bytes, Stack size 12 bytes, stm32f7xx_hal_adc.o(i.HAL_ADC_ConfigChannel))
<BR><BR>[Stack]<UL><LI>Max Depth = 12<LI>Call Chain = HAL_ADC_ConfigChannel
</UL>
<BR>[Called By]<UL><LI><a href="#[e7]">&gt;&gt;</a>&nbsp;&nbsp;&nbsp;MX_ADC1_Init
</UL>

<P><STRONG><a name="[cc]"></a>HAL_ADC_Init</STRONG> (Thumb, 100 bytes, Stack size 16 bytes, stm32f7xx_hal_adc.o(i.HAL_ADC_Init))
[...]
</UL>

<P><STRONG><a name="[116]"></a>osRtxThreadStackCheck</STRONG> (Thumb, 38 bytes, Stack size 8 bytes, rtx_thread.o(i.osRtxThreadStackCheck))
<BR><BR>[Stack]<UL><LI>Max Depth = 8<LI>Call Chain = osRtxThreadStackCheck
</UL>
<BR>[Calls]<UL><LI><a href="#[112]">&gt;&gt;</a>&nbsp;&nbsp;&nbsp;osRtxThreadGetRunning
<LI><a href="#[f3]">&gt;&gt;</a>&nbsp;&nbsp;&nbsp;osRtxErrorNotify
</UL>
<BR>[Called By]<UL><LI><a href="#[113]">&gt;&gt;</a>&nbsp;&nbsp;&nbsp;osRtxThreadSwitch
</UL>

<P><STRONG><a name="[113]"></a>osRtxThreadSwitch</STRONG> (Thumb, 24 bytes, Stack size 8 bytes, rtx_thread.o(i.osRtxThreadSwitch))
<BR><BR>[Stack]<UL><LI>Max Depth = 96<LI>Call Chain = osRtxThreadSwitch &rArr; EvrRtxThreadSwitched &rArr; EventRecord2 &rArr; EventRecordItem
</UL>
<BR>[Calls]<UL><LI><a href="#[116]">&gt;&gt;</a>&nbsp;&nbsp;&nbsp;osRtxThreadStackCheck
<LI><a href="#[c9]">&gt;&gt;</a>&nbsp;&nbsp;&nbsp;EvrRtxThreadSwitched
</UL>
<BR>[Called By]<UL><LI><a href="#[10a]">&gt;&gt;</a>&nbsp;&nbsp;&nbsp;osRtxThreadDispatch
<LI><a href="#[117]">&gt;&gt;</a>&nbsp;&nbsp;&nbsp;osRtxThreadWaitEnter
<LI><a href="#[9b]">&gt;&gt;</a>&nbsp;&nbsp;&nbsp;osRtxTick_Handler
</UL>

<P><STRONG><a name="[117]"></a>osRtxThreadWaitEnter</STRONG> (Thumb, 72 bytes, Stack size 16 bytes, rtx_thread.o(i.osRtxThreadWaitEnter))
<BR><BR>[Stack]<UL><LI>Max Depth = 112<LI>Call Chain = osRtxThreadWaitEnter &rArr; osRtxThreadSwitch &rArr; EvrRtxThreadSwitched &rArr; EventRecord2 &rArr; EventRecordItem
</UL>
<BR>[Calls]<UL><LI><a href="#[119]">&gt;&gt;</a>&nbsp;&nbsp;&nbsp;osRtxThreadListGet
<LI><a href="#[112]">&gt;&gt;</a>&nbsp;&nbsp;&nbsp;osRtxThreadGetRunning
<LI><a href="#[118]">&gt;&gt;</a>&nbsp;&nbsp;&nbsp;osRtxThreadDelayInsert
<LI><a href="#[111]">&gt;&gt;</a>&nbsp;&nbsp;&nbsp;osRtxKernelGetState
<LI><a href="#[113]">&gt;&gt;</a>&nbsp;&nbsp;&nbsp;osRtxThreadSwitch
<LI><a href="#[c6]">&gt;&gt;</a>&nbsp;&nbsp;&nbsp;EvrRtxThreadBlocked
</UL>
<BR>[Called By]<UL><LI><a href="#[7d]">&gt;&gt;</a>&nbsp;&nbsp;&nbsp;svcRtxMutexAcquire
</UL>

<P><STRONG><a name="[11a]"></a>osRtxThreadWaitExit</STRONG> (Thumb, 54 bytes, Stack size 24 bytes, rtx_thread.o(i.osRtxThreadWaitExit))
<BR><BR>[Stack]<UL><LI>Max Depth = 160<LI>Call Chain = osRtxThreadWaitExit &rArr; osRtxThreadDispatch &rArr; osRtxThreadBlock &rArr; EvrRtxThreadPreempted &rArr; EventRecord2 &rArr; EventRecordItem
</UL>
<BR>[Calls]<UL><LI><a href="#[10a]">&gt;&gt;</a>&nbsp;&nbsp;&nbsp;osRtxThreadDispatch
<LI><a href="#[11b]">&gt;&gt;</a>&nbsp;&nbsp;&nbsp;osRtxThreadDelayRemove
<LI><a href="#[110]">&gt;&gt;</a>&nbsp;&nbsp;&nbsp;osRtxThreadReadyPut
<LI><a href="#[10e]">&gt;&gt;</a>&nbsp;&nbsp;&nbsp;osRtxThreadRegPtr
<LI><a href="#[ca]">&gt;&gt;</a>&nbsp;&nbsp;&nbsp;EvrRtxThreadUnblocked
</UL>
<BR>[Called By]<UL><LI><a href="#[80]">&gt;&gt;</a>&nbsp;&nbsp;&nbsp;svcRtxMutexRelease
<LI><a href="#[7e]">&gt;&gt;</a>&nbsp;&nbsp;&nbsp;svcRtxMutexDelete
</UL>

<P><STRONG><a name="[9b]"></a>osRtxTick_Handler</STRONG> (Thumb, 154 bytes, Stack size 8 bytes, rtx_system.o(i.osRtxTick_Handler))
<BR><BR>[Stack]<UL><LI>Max Depth = 144<LI>Call Chain = osRtxTick_Handler &rArr; osRtxThreadDispatch &rArr; osRtxThreadBlock &rArr; EvrRtxThreadPreempted &rArr; EventRecord2 &rArr; EventRecordItem
</UL>
<BR>[Calls]<UL><LI><a href="#[10f]">&gt;&gt;</a>&nbsp;&nbsp;&nbsp;osRtxThreadListRemove
<LI><a href="#[10a]">&gt;&gt;</a>&nbsp;&nbsp;&nbsp;osRtxThreadDispatch
<LI><a href="#[110]">&gt;&gt;</a>&nbsp;&nbsp;&nbsp;osRtxThreadReadyPut
<LI><a href="#[11c]">&gt;&gt;</a>&nbsp;&nbsp;&nbsp;OS_Tick_AcknowledgeIRQ
<LI><a href="#[113]">&gt;&gt;</a>&nbsp;&nbsp;&nbsp;osRtxThreadSwitch
<LI><a href="#[10c]">&gt;&gt;</a>&nbsp;&nbsp;&nbsp;osRtxThreadDelayTick
<LI><a href="#[c8]">&gt;&gt;</a>&nbsp;&nbsp;&nbsp;EvrRtxThreadPreempted
</UL>
<BR>[Called By]<UL><LI><a href="#[c]">&gt;&gt;</a>&nbsp;&nbsp;&nbsp;SysTick_Handler
</UL>

<P><STRONG><a name="[8a]"></a>_fp_init</STRONG> (Thumb, 10 bytes, Stack size 0 bytes, fpinit.o(x$fpl$fpinit))
<BR><BR>[Called By]<UL><LI><a href="#[89]">&gt;&gt;</a>&nbsp;&nbsp;&nbsp;__rt_lib_init_fp_1
</UL>

<P><STRONG><a name="[15e]"></a>__fplib_config_fpu_vfp</STRONG> (Thumb, 0 bytes, Stack size unknown bytes, fpinit.o(x$fpl$fpinit), UNUSED)

<P><STRONG><a name="[15f]"></a>__fplib_config_pureend_doubles</STRONG> (Thumb, 0 bytes, Stack size unknown bytes, fpinit.o(x$fpl$fpinit), UNUSED)
<P>
<H3>
Local Symbols
</H3>
<P><STRONG><a name="[e7]"></a>MX_ADC1_Init</STRONG> (Thumb, 110 bytes, Stack size 24 bytes, main.o(i.MX_ADC1_Init))
<BR><BR>[Stack]<UL><LI>Max Depth = 96<LI>Call Chain = MX_ADC1_Init &rArr; HAL_ADC_Init &rArr; HAL_ADC_MspInit &rArr; HAL_GPIO_Init
</UL>
<BR>[Calls]<UL><LI><a href="#[cc]">&gt;&gt;</a>&nbsp;&nbsp;&nbsp;HAL_ADC_Init
<LI><a href="#[e9]">&gt;&gt;</a>&nbsp;&nbsp;&nbsp;HAL_ADC_ConfigChannel
<LI><a href="#[e8]">&gt;&gt;</a>&nbsp;&nbsp;&nbsp;Error_Handler
</UL>
<BR>[Called By]<UL><LI><a href="#[92]">&gt;&gt;</a>&nbsp;&nbsp;&nbsp;main
</UL>

<P><STRONG><a name="[ea]"></a>MX_GPIO_Init</STRONG> (Thumb, 102 bytes, Stack size 32 bytes, main.o(i.MX_GPIO_Init))
<BR><BR>[Stack]<UL><LI>Max Depth = 56<LI>Call Chain = MX_GPIO_Init &rArr; HAL_GPIO_Init
</UL>
<BR>[Calls]<UL><LI><a href="#[eb]">&gt;&gt;</a>&nbsp;&nbsp;&nbsp;HAL_GPIO_WritePin
<LI><a href="#[d0]">&gt;&gt;</a>&nbsp;&nbsp;&nbsp;HAL_GPIO_Init
<LI><a href="#[cf]">&gt;&gt;</a>&nbsp;&nbsp;&nbsp;__aeabi_memclr4
</UL>
<BR>[Called By]<UL><LI><a href="#[92]">&gt;&gt;</a>&nbsp;&nbsp;&nbsp;main
</UL>

<P><STRONG><a name="[ec]"></a>MX_TIM2_Init</STRONG> (Thumb, 110 bytes, Stack size 32 bytes, main.o(i.MX_TIM2_Init))
<BR><BR>[Stack]<UL><LI>Max Depth = 68<LI>Call Chain = MX_TIM2_Init &rArr; HAL_TIM_ConfigClockSource &rArr; TIM_TI2_ConfigInputStage
</UL>
<BR>[Calls]<UL><LI><a href="#[e2]">&gt;&gt;</a>&nbsp;&nbsp;&nbsp;HAL_TIM_ConfigClockSource
<LI><a href="#[df]">&gt;&gt;</a>&nbsp;&nbsp;&nbsp;HAL_TIM_Base_Init
<LI><a href="#[ed]">&gt;&gt;</a>&nbsp;&nbsp;&nbsp;HAL_TIMEx_MasterConfigSynchronization
<LI><a href="#[e8]">&gt;&gt;</a>&nbsp;&nbsp;&nbsp;Error_Handler
</UL>
<BR>[Called By]<UL><LI><a href="#[92]">&gt;&gt;</a>&nbsp;&nbsp;&nbsp;main
</UL>

<P><STRONG><a name="[fb]"></a>IsIrqMasked</STRONG> (Thumb, 24 bytes, Stack size 0 bytes, rtx_kernel.o(i.IsIrqMasked))
<BR><BR>[Called By]<UL><LI><a href="#[f5]">&gt;&gt;</a>&nbsp;&nbsp;&nbsp;osKernelInitialize
<LI><a href="#[f9]">&gt;&gt;</a>&nbsp;&nbsp;&nbsp;osKernelGetState
</UL>

<P><STRONG><a name="[fa]"></a>IsIrqMode</STRONG> (Thumb, 16 bytes, Stack size 0 bytes, rtx_kernel.o(i.IsIrqMode))
<BR><BR>[Called By]<UL><LI><a href="#[f5]">&gt;&gt;</a>&nbsp;&nbsp;&nbsp;osKernelInitialize
<LI><a href="#[f9]">&gt;&gt;</a>&nbsp;&nbsp;&nbsp;osKernelGetState
</UL>

<P><STRONG><a name="[fc]"></a>IsPrivileged</STRONG> (Thumb, 16 bytes, Stack size 0 bytes, rtx_kernel.o(i.IsPrivileged), UNUSED, KEPT)
<BR><BR>[Called By]<UL><LI><a href="#[f9]">&gt;&gt;</a>&nbsp;&nbsp;&nbsp;osKernelGetState
</UL>

<P><STRONG><a name="[7b]"></a>svcRtxKernelGetState</STRONG> (Thumb, 20 bytes, Stack size 8 bytes, rtx_kernel.o(i.svcRtxKernelGetState))
<BR><BR>[Stack]<UL><LI>Max Depth = 96<LI>Call Chain = svcRtxKernelGetState &rArr; EvrRtxKernelGetState &rArr; EventRecord2 &rArr; EventRecordItem
</UL>
<BR>[Calls]<UL><LI><a href="#[ad]">&gt;&gt;</a>&nbsp;&nbsp;&nbsp;EvrRtxKernelGetState
</UL>
<BR>[Called By]<UL><LI><a href="#[f9]">&gt;&gt;</a>&nbsp;&nbsp;&nbsp;osKernelGetState
</UL>
<BR>[Address Reference Count : 1]<UL><LI> rtx_kernel.o(i.osKernelGetState)
</UL>
<P><STRONG><a name="[7c]"></a>svcRtxKernelInitialize</STRONG> (Thumb, 538 bytes, Stack size 8 bytes, rtx_kernel.o(i.svcRtxKernelInitialize))
<BR><BR>[Stack]<UL><LI>Max Depth = 160<LI>Call Chain = svcRtxKernelInitialize &rArr; osRtxMemoryPoolInit &rArr; EvrRtxMemoryBlockInit &rArr; EventRecord4 &rArr; EventRecordItem
</UL>
<BR>[Calls]<UL><LI><a href="#[109]">&gt;&gt;</a>&nbsp;&nbsp;&nbsp;osRtxMemoryPoolInit
<LI><a href="#[103]">&gt;&gt;</a>&nbsp;&nbsp;&nbsp;osRtxMemoryInit
<LI><a href="#[af]">&gt;&gt;</a>&nbsp;&nbsp;&nbsp;EvrRtxKernelInitialized
<LI><a href="#[ac]">&gt;&gt;</a>&nbsp;&nbsp;&nbsp;EvrRtxKernelError
<LI><a href="#[cf]">&gt;&gt;</a>&nbsp;&nbsp;&nbsp;__aeabi_memclr4
</UL>
<BR>[Address Reference Count : 1]<UL><LI> rtx_kernel.o(i.osKernelInitialize)
</UL>
<P><STRONG><a name="[ef]"></a>os_kernel_is_active</STRONG> (Thumb, 28 bytes, Stack size 8 bytes, rtx_lib.o(i.os_kernel_is_active), UNUSED, KEPT)
<BR><BR>[Stack]<UL><LI>Max Depth = 112<LI>Call Chain = os_kernel_is_active &rArr; osKernelGetState &rArr; svcRtxKernelGetState &rArr; EvrRtxKernelGetState &rArr; EventRecord2 &rArr; EventRecordItem
</UL>
<BR>[Calls]<UL><LI><a href="#[f9]">&gt;&gt;</a>&nbsp;&nbsp;&nbsp;osKernelGetState
</UL>
<BR>[Called By]<UL><LI><a href="#[85]">&gt;&gt;</a>&nbsp;&nbsp;&nbsp;_mutex_release
<LI><a href="#[82]">&gt;&gt;</a>&nbsp;&nbsp;&nbsp;_mutex_acquire
</UL>

<P><STRONG><a name="[101]"></a>MemBlockPtr</STRONG> (Thumb, 10 bytes, Stack size 8 bytes, rtx_memory.o(i.MemBlockPtr))
<BR><BR>[Stack]<UL><LI>Max Depth = 8<LI>Call Chain = MemBlockPtr
</UL>
<BR>[Called By]<UL><LI><a href="#[102]">&gt;&gt;</a>&nbsp;&nbsp;&nbsp;osRtxMemoryFree
<LI><a href="#[100]">&gt;&gt;</a>&nbsp;&nbsp;&nbsp;osRtxMemoryAlloc
<LI><a href="#[103]">&gt;&gt;</a>&nbsp;&nbsp;&nbsp;osRtxMemoryInit
</UL>

<P><STRONG><a name="[ff]"></a>IsIrqMasked</STRONG> (Thumb, 24 bytes, Stack size 0 bytes, rtx_mutex.o(i.IsIrqMasked), UNUSED, KEPT)
<BR><BR>[Called By]<UL><LI><a href="#[f4]">&gt;&gt;</a>&nbsp;&nbsp;&nbsp;osMutexRelease
<LI><a href="#[f2]">&gt;&gt;</a>&nbsp;&nbsp;&nbsp;osMutexNew
<LI><a href="#[f1]">&gt;&gt;</a>&nbsp;&nbsp;&nbsp;osMutexDelete
<LI><a href="#[f0]">&gt;&gt;</a>&nbsp;&nbsp;&nbsp;osMutexAcquire
</UL>

<P><STRONG><a name="[fe]"></a>IsIrqMode</STRONG> (Thumb, 16 bytes, Stack size 0 bytes, rtx_mutex.o(i.IsIrqMode), UNUSED, KEPT)
<BR><BR>[Called By]<UL><LI><a href="#[f4]">&gt;&gt;</a>&nbsp;&nbsp;&nbsp;osMutexRelease
<LI><a href="#[f2]">&gt;&gt;</a>&nbsp;&nbsp;&nbsp;osMutexNew
<LI><a href="#[f1]">&gt;&gt;</a>&nbsp;&nbsp;&nbsp;osMutexDelete
<LI><a href="#[f0]">&gt;&gt;</a>&nbsp;&nbsp;&nbsp;osMutexAcquire
</UL>

<P><STRONG><a name="[7d]"></a>svcRtxMutexAcquire</STRONG> (Thumb, 264 bytes, Stack size 32 bytes, rtx_mutex.o(i.svcRtxMutexAcquire))
<BR><BR>[Stack]<UL><LI>Max Depth = 144<LI>Call Chain = svcRtxMutexAcquire &rArr; osRtxThreadWaitEnter &rArr; osRtxThreadSwitch &rArr; EvrRtxThreadSwitched &rArr; EventRecord2 &rArr; EventRecordItem
</UL>
<BR>[Calls]<UL><LI><a href="#[115]">&gt;&gt;</a>&nbsp;&nbsp;&nbsp;osRtxThreadListPut
<LI><a href="#[117]">&gt;&gt;</a>&nbsp;&nbsp;&nbsp;osRtxThreadWaitEnter
<LI><a href="#[114]">&gt;&gt;</a>&nbsp;&nbsp;&nbsp;osRtxThreadListSort
<LI><a href="#[c2]">&gt;&gt;</a>&nbsp;&nbsp;&nbsp;EvrRtxMutexNotAcquired
<LI><a href="#[c0]">&gt;&gt;</a>&nbsp;&nbsp;&nbsp;EvrRtxMutexError
<LI><a href="#[bc]">&gt;&gt;</a>&nbsp;&nbsp;&nbsp;EvrRtxMutexAcquired
<LI><a href="#[bb]">&gt;&gt;</a>&nbsp;&nbsp;&nbsp;EvrRtxMutexAcquireTimeout
<LI><a href="#[ba]">&gt;&gt;</a>&nbsp;&nbsp;&nbsp;EvrRtxMutexAcquirePending
</UL>
<BR>[Address Reference Count : 1]<UL><LI> rtx_mutex.o(i.osMutexAcquire)
</UL>
<P><STRONG><a name="[7e]"></a>svcRtxMutexDelete</STRONG> (Thumb, 224 bytes, Stack size 32 bytes, rtx_mutex.o(i.svcRtxMutexDelete))
<BR><BR>[Stack]<UL><LI>Max Depth = 192<LI>Call Chain = svcRtxMutexDelete &rArr; osRtxThreadWaitExit &rArr; osRtxThreadDispatch &rArr; osRtxThreadBlock &rArr; EvrRtxThreadPreempted &rArr; EventRecord2 &rArr; EventRecordItem
</UL>
<BR>[Calls]<UL><LI><a href="#[11a]">&gt;&gt;</a>&nbsp;&nbsp;&nbsp;osRtxThreadWaitExit
<LI><a href="#[119]">&gt;&gt;</a>&nbsp;&nbsp;&nbsp;osRtxThreadListGet
<LI><a href="#[10a]">&gt;&gt;</a>&nbsp;&nbsp;&nbsp;osRtxThreadDispatch
<LI><a href="#[107]">&gt;&gt;</a>&nbsp;&nbsp;&nbsp;osRtxMemoryPoolFree
<LI><a href="#[102]">&gt;&gt;</a>&nbsp;&nbsp;&nbsp;osRtxMemoryFree
<LI><a href="#[114]">&gt;&gt;</a>&nbsp;&nbsp;&nbsp;osRtxThreadListSort
<LI><a href="#[c0]">&gt;&gt;</a>&nbsp;&nbsp;&nbsp;EvrRtxMutexError
<LI><a href="#[bf]">&gt;&gt;</a>&nbsp;&nbsp;&nbsp;EvrRtxMutexDestroyed
</UL>
<BR>[Address Reference Count : 1]<UL><LI> rtx_mutex.o(i.osMutexDelete)
</UL>
<P><STRONG><a name="[7f]"></a>svcRtxMutexNew</STRONG> (Thumb, 168 bytes, Stack size 24 bytes, rtx_mutex.o(i.svcRtxMutexNew))
<BR><BR>[Stack]<UL><LI>Max Depth = 184<LI>Call Chain = svcRtxMutexNew &rArr; osRtxMemoryAlloc &rArr; EvrRtxMemoryAlloc &rArr; EventRecord4 &rArr; EventRecordItem
</UL>
<BR>[Calls]<UL><LI><a href="#[104]">&gt;&gt;</a>&nbsp;&nbsp;&nbsp;osRtxMemoryPoolAlloc
<LI><a href="#[100]">&gt;&gt;</a>&nbsp;&nbsp;&nbsp;osRtxMemoryAlloc
<LI><a href="#[c0]">&gt;&gt;</a>&nbsp;&nbsp;&nbsp;EvrRtxMutexError
<LI><a href="#[bd]">&gt;&gt;</a>&nbsp;&nbsp;&nbsp;EvrRtxMutexCreated
</UL>
<BR>[Address Reference Count : 1]<UL><LI> rtx_mutex.o(i.osMutexNew)
</UL>
<P><STRONG><a name="[80]"></a>svcRtxMutexRelease</STRONG> (Thumb, 268 bytes, Stack size 32 bytes, rtx_mutex.o(i.svcRtxMutexRelease))
<BR><BR>[Stack]<UL><LI>Max Depth = 192<LI>Call Chain = svcRtxMutexRelease &rArr; osRtxThreadWaitExit &rArr; osRtxThreadDispatch &rArr; osRtxThreadBlock &rArr; EvrRtxThreadPreempted &rArr; EventRecord2 &rArr; EventRecordItem
</UL>
<BR>[Calls]<UL><LI><a href="#[11a]">&gt;&gt;</a>&nbsp;&nbsp;&nbsp;osRtxThreadWaitExit
<LI><a href="#[119]">&gt;&gt;</a>&nbsp;&nbsp;&nbsp;osRtxThreadListGet
<LI><a href="#[10a]">&gt;&gt;</a>&nbsp;&nbsp;&nbsp;osRtxThreadDispatch
<LI><a href="#[c4]">&gt;&gt;</a>&nbsp;&nbsp;&nbsp;EvrRtxMutexReleased
<LI><a href="#[c0]">&gt;&gt;</a>&nbsp;&nbsp;&nbsp;EvrRtxMutexError
<LI><a href="#[bc]">&gt;&gt;</a>&nbsp;&nbsp;&nbsp;EvrRtxMutexAcquired
</UL>
<BR>[Address Reference Count : 1]<UL><LI> rtx_mutex.o(i.osMutexRelease)
</UL>
<P><STRONG><a name="[f6]"></a>isr_queue_get</STRONG> (Thumb, 46 bytes, Stack size 16 bytes, rtx_system.o(i.isr_queue_get))
<BR><BR>[Stack]<UL><LI>Max Depth = 16<LI>Call Chain = isr_queue_get
</UL>
<BR>[Calls]<UL><LI><a href="#[f7]">&gt;&gt;</a>&nbsp;&nbsp;&nbsp;__asm___12_rtx_system_c_024f2f18__atomic_dec16_nz
<LI><a href="#[f8]">&gt;&gt;</a>&nbsp;&nbsp;&nbsp;__asm___12_rtx_system_c_024f2f18__atomic_inc16_lim
</UL>
<BR>[Called By]<UL><LI><a href="#[9a]">&gt;&gt;</a>&nbsp;&nbsp;&nbsp;osRtxPendSV_Handler
</UL>

<P><STRONG><a name="[111]"></a>osRtxKernelGetState</STRONG> (Thumb, 6 bytes, Stack size 0 bytes, rtx_thread.o(i.osRtxKernelGetState))
<BR><BR>[Called By]<UL><LI><a href="#[10a]">&gt;&gt;</a>&nbsp;&nbsp;&nbsp;osRtxThreadDispatch
<LI><a href="#[117]">&gt;&gt;</a>&nbsp;&nbsp;&nbsp;osRtxThreadWaitEnter
</UL>

<P><STRONG><a name="[10b]"></a>osRtxThreadBlock</STRONG> (Thumb, 58 bytes, Stack size 24 bytes, rtx_thread.o(i.osRtxThreadBlock))
<BR><BR>[Stack]<UL><LI>Max Depth = 112<LI>Call Chain = osRtxThreadBlock &rArr; EvrRtxThreadPreempted &rArr; EventRecord2 &rArr; EventRecordItem
</UL>
<BR>[Calls]<UL><LI><a href="#[c8]">&gt;&gt;</a>&nbsp;&nbsp;&nbsp;EvrRtxThreadPreempted
</UL>
<BR>[Called By]<UL><LI><a href="#[10a]">&gt;&gt;</a>&nbsp;&nbsp;&nbsp;osRtxThreadDispatch
</UL>

<P><STRONG><a name="[118]"></a>osRtxThreadDelayInsert</STRONG> (Thumb, 98 bytes, Stack size 8 bytes, rtx_thread.o(i.osRtxThreadDelayInsert))
<BR><BR>[Stack]<UL><LI>Max Depth = 8<LI>Call Chain = osRtxThreadDelayInsert
</UL>
<BR>[Called By]<UL><LI><a href="#[117]">&gt;&gt;</a>&nbsp;&nbsp;&nbsp;osRtxThreadWaitEnter
</UL>

<P><STRONG><a name="[11b]"></a>osRtxThreadDelayRemove</STRONG> (Thumb, 86 bytes, Stack size 0 bytes, rtx_thread.o(i.osRtxThreadDelayRemove))
<BR><BR>[Called By]<UL><LI><a href="#[11a]">&gt;&gt;</a>&nbsp;&nbsp;&nbsp;osRtxThreadWaitExit
</UL>

<P><STRONG><a name="[112]"></a>osRtxThreadGetRunning</STRONG> (Thumb, 6 bytes, Stack size 0 bytes, rtx_thread.o(i.osRtxThreadGetRunning))
<BR><BR>[Called By]<UL><LI><a href="#[10a]">&gt;&gt;</a>&nbsp;&nbsp;&nbsp;osRtxThreadDispatch
<LI><a href="#[117]">&gt;&gt;</a>&nbsp;&nbsp;&nbsp;osRtxThreadWaitEnter
<LI><a href="#[116]">&gt;&gt;</a>&nbsp;&nbsp;&nbsp;osRtxThreadStackCheck
</UL>

<P><STRONG><a name="[10d]"></a>osRtxThreadListRoot</STRONG> (Thumb, 16 bytes, Stack size 0 bytes, rtx_thread.o(i.osRtxThreadListRoot))
<BR><BR>[Called By]<UL><LI><a href="#[10c]">&gt;&gt;</a>&nbsp;&nbsp;&nbsp;osRtxThreadDelayTick
</UL>

<P><STRONG><a name="[a4]"></a>EventCheckFilter</STRONG> (Thumb, 32 bytes, Stack size 0 bytes, eventrecorder.o(i.EventCheckFilter))
<BR><BR>[Called By]<UL><LI><a href="#[a6]">&gt;&gt;</a>&nbsp;&nbsp;&nbsp;EventRecord4
<LI><a href="#[a3]">&gt;&gt;</a>&nbsp;&nbsp;&nbsp;EventRecord2
</UL>

<P><STRONG><a name="[9f]"></a>EventGetTS</STRONG> (Thumb, 56 bytes, Stack size 16 bytes, eventrecorder.o(i.EventGetTS))
<BR><BR>[Stack]<UL><LI>Max Depth = 16<LI>Call Chain = EventGetTS
</UL>
<BR>[Calls]<UL><LI><a href="#[a0]">&gt;&gt;</a>&nbsp;&nbsp;&nbsp;EventRecorderTimerGetCount
<LI><a href="#[a1]">&gt;&gt;</a>&nbsp;&nbsp;&nbsp;__asm___15_EventRecorder_c_e8d3082c__atomic_xch32
<LI><a href="#[a2]">&gt;&gt;</a>&nbsp;&nbsp;&nbsp;__asm___15_EventRecorder_c_e8d3082c__atomic_inc32
</UL>
<BR>[Called By]<UL><LI><a href="#[a6]">&gt;&gt;</a>&nbsp;&nbsp;&nbsp;EventRecord4
<LI><a href="#[a3]">&gt;&gt;</a>&nbsp;&nbsp;&nbsp;EventRecord2
</UL>

<P><STRONG><a name="[a5]"></a>EventRecordItem</STRONG> (Thumb, 206 bytes, Stack size 56 bytes, eventrecorder.o(i.EventRecordItem))
<BR><BR>[Stack]<UL><LI>Max Depth = 56<LI>Call Chain = EventRecordItem
</UL>
<BR>[Calls]<UL><LI><a href="#[a9]">&gt;&gt;</a>&nbsp;&nbsp;&nbsp;__asm___15_EventRecorder_c_e8d3082c__UnlockRecord
<LI><a href="#[a8]">&gt;&gt;</a>&nbsp;&nbsp;&nbsp;__asm___15_EventRecorder_c_e8d3082c__LockRecord
<LI><a href="#[a2]">&gt;&gt;</a>&nbsp;&nbsp;&nbsp;__asm___15_EventRecorder_c_e8d3082c__atomic_inc32
</UL>
<BR>[Called By]<UL><LI><a href="#[a6]">&gt;&gt;</a>&nbsp;&nbsp;&nbsp;EventRecord4
<LI><a href="#[a3]">&gt;&gt;</a>&nbsp;&nbsp;&nbsp;EventRecord2
</UL>

<P><STRONG><a name="[a7]"></a>GetContext</STRONG> (Thumb, 10 bytes, Stack size 8 bytes, eventrecorder.o(i.GetContext))
<BR><BR>[Stack]<UL><LI>Max Depth = 8<LI>Call Chain = GetContext
</UL>
<BR>[Calls]<UL><LI><a href="#[cb]">&gt;&gt;</a>&nbsp;&nbsp;&nbsp;__asm___15_EventRecorder_c_e8d3082c__atomic_inc8
</UL>
<BR>[Called By]<UL><LI><a href="#[a6]">&gt;&gt;</a>&nbsp;&nbsp;&nbsp;EventRecord4
</UL>

<P><STRONG><a name="[ce]"></a>ADC_Init</STRONG> (Thumb, 354 bytes, Stack size 0 bytes, stm32f7xx_hal_adc.o(i.ADC_Init))
<BR><BR>[Called By]<UL><LI><a href="#[cc]">&gt;&gt;</a>&nbsp;&nbsp;&nbsp;HAL_ADC_Init
</UL>

<P><STRONG><a name="[d7]"></a>__NVIC_GetPriorityGrouping</STRONG> (Thumb, 10 bytes, Stack size 0 bytes, stm32f7xx_hal_cortex.o(i.__NVIC_GetPriorityGrouping))
<BR><BR>[Called By]<UL><LI><a href="#[d6]">&gt;&gt;</a>&nbsp;&nbsp;&nbsp;HAL_NVIC_SetPriority
</UL>

<P><STRONG><a name="[d8]"></a>__NVIC_SetPriority</STRONG> (Thumb, 32 bytes, Stack size 8 bytes, stm32f7xx_hal_cortex.o(i.__NVIC_SetPriority))
<BR><BR>[Stack]<UL><LI>Max Depth = 8<LI>Call Chain = __NVIC_SetPriority
</UL>
<BR>[Called By]<UL><LI><a href="#[d5]">&gt;&gt;</a>&nbsp;&nbsp;&nbsp;HAL_SYSTICK_Config
<LI><a href="#[d6]">&gt;&gt;</a>&nbsp;&nbsp;&nbsp;HAL_NVIC_SetPriority
</UL>

<P><STRONG><a name="[e5]"></a>TIM_ITRx_SetConfig</STRONG> (Thumb, 18 bytes, Stack size 0 bytes, stm32f7xx_hal_tim.o(i.TIM_ITRx_SetConfig))
<BR><BR>[Called By]<UL><LI><a href="#[e2]">&gt;&gt;</a>&nbsp;&nbsp;&nbsp;HAL_TIM_ConfigClockSource
</UL>

<P><STRONG><a name="[e4]"></a>TIM_TI1_ConfigInputStage</STRONG> (Thumb, 38 bytes, Stack size 12 bytes, stm32f7xx_hal_tim.o(i.TIM_TI1_ConfigInputStage))
<BR><BR>[Stack]<UL><LI>Max Depth = 12<LI>Call Chain = TIM_TI1_ConfigInputStage
</UL>
<BR>[Called By]<UL><LI><a href="#[e2]">&gt;&gt;</a>&nbsp;&nbsp;&nbsp;HAL_TIM_ConfigClockSource
</UL>

<P><STRONG><a name="[e6]"></a>TIM_TI2_ConfigInputStage</STRONG> (Thumb, 40 bytes, Stack size 12 bytes, stm32f7xx_hal_tim.o(i.TIM_TI2_ConfigInputStage))
<BR><BR>[Stack]<UL><LI>Max Depth = 12<LI>Call Chain = TIM_TI2_ConfigInputStage
</UL>
<BR>[Called By]<UL><LI><a href="#[e2]">&gt;&gt;</a>&nbsp;&nbsp;&nbsp;HAL_TIM_ConfigClockSource
</UL>
<P>
<H3>
Undefined Global Symbols
</H3><HR></body></html>
